Archive member included to satisfy reference by file (symbol)

c:/program files (x86)/gnu tools arm embedded/5.4 2016q3/bin/../lib/gcc/arm-none-eabi/5.4.1/../../../../arm-none-eabi/lib/armv7e-m/fpu\libc_nano.a(lib_a-exit.o)
                              c:/program files (x86)/gnu tools arm embedded/5.4 2016q3/bin/../lib/gcc/arm-none-eabi/5.4.1/../../../../arm-none-eabi/lib/armv7e-m/fpu/crt0.o (exit)
c:/program files (x86)/gnu tools arm embedded/5.4 2016q3/bin/../lib/gcc/arm-none-eabi/5.4.1/../../../../arm-none-eabi/lib/armv7e-m/fpu\libc_nano.a(lib_a-impure.o)
                              c:/program files (x86)/gnu tools arm embedded/5.4 2016q3/bin/../lib/gcc/arm-none-eabi/5.4.1/../../../../arm-none-eabi/lib/armv7e-m/fpu\libc_nano.a(lib_a-exit.o) (_global_impure_ptr)
c:/program files (x86)/gnu tools arm embedded/5.4 2016q3/bin/../lib/gcc/arm-none-eabi/5.4.1/../../../../arm-none-eabi/lib/armv7e-m/fpu\libc_nano.a(lib_a-init.o)
                              c:/program files (x86)/gnu tools arm embedded/5.4 2016q3/bin/../lib/gcc/arm-none-eabi/5.4.1/../../../../arm-none-eabi/lib/armv7e-m/fpu/crt0.o (__libc_init_array)
c:/program files (x86)/gnu tools arm embedded/5.4 2016q3/bin/../lib/gcc/arm-none-eabi/5.4.1/../../../../arm-none-eabi/lib/armv7e-m/fpu\libc_nano.a(lib_a-memset.o)
                              c:/program files (x86)/gnu tools arm embedded/5.4 2016q3/bin/../lib/gcc/arm-none-eabi/5.4.1/../../../../arm-none-eabi/lib/armv7e-m/fpu/crt0.o (memset)
c:/program files (x86)/gnu tools arm embedded/5.4 2016q3/bin/../lib/gcc/arm-none-eabi/5.4.1/../../../../arm-none-eabi/lib/armv7e-m/fpu\libnosys.a(_exit.o)
                              c:/program files (x86)/gnu tools arm embedded/5.4 2016q3/bin/../lib/gcc/arm-none-eabi/5.4.1/../../../../arm-none-eabi/lib/armv7e-m/fpu\libc_nano.a(lib_a-exit.o) (_exit)
c:/program files (x86)/gnu tools arm embedded/5.4 2016q3/bin/../lib/gcc/arm-none-eabi/5.4.1/armv7e-m/fpu\libgcc.a(_aeabi_uldivmod.o)
                              build/stm32f4xx_hal_rcc.o (__aeabi_uldivmod)
c:/program files (x86)/gnu tools arm embedded/5.4 2016q3/bin/../lib/gcc/arm-none-eabi/5.4.1/armv7e-m/fpu\libgcc.a(_udivmoddi4.o)
                              c:/program files (x86)/gnu tools arm embedded/5.4 2016q3/bin/../lib/gcc/arm-none-eabi/5.4.1/armv7e-m/fpu\libgcc.a(_aeabi_uldivmod.o) (__udivmoddi4)
c:/program files (x86)/gnu tools arm embedded/5.4 2016q3/bin/../lib/gcc/arm-none-eabi/5.4.1/armv7e-m/fpu\libgcc.a(_dvmd_tls.o)
                              c:/program files (x86)/gnu tools arm embedded/5.4 2016q3/bin/../lib/gcc/arm-none-eabi/5.4.1/armv7e-m/fpu\libgcc.a(_aeabi_uldivmod.o) (__aeabi_ldiv0)

Allocating common symbols
Common symbol       size              file

lrc_u8g             0x4               build/chessengine.o
chess_low_edge      0x1               build/chessengine.o
u8g                 0x3c              build/mysetp.o
hi2c1               0x54              build/main.o
u8g_vs_width        0x1               build/u8g_virtual_screen.o
uwTick              0x4               build/stm32f4xx_hal.o
pFlash              0x20              build/stm32f4xx_hal_flash.o
u8g_vs_height       0x1               build/u8g_virtual_screen.o
u8g_vs_list         0x20              build/u8g_virtual_screen.o
lrc_obj             0xf8              build/chessengine.o
u8g_vs_current      0x1               build/u8g_virtual_screen.o
u8g_pg              0x4c              build/u8g_polygon.o

Discarded input sections

 .text          0x00000000        0x0 c:/program files (x86)/gnu tools arm embedded/5.4 2016q3/bin/../lib/gcc/arm-none-eabi/5.4.1/armv7e-m/fpu/crti.o
 .data          0x00000000        0x0 c:/program files (x86)/gnu tools arm embedded/5.4 2016q3/bin/../lib/gcc/arm-none-eabi/5.4.1/armv7e-m/fpu/crti.o
 .bss           0x00000000        0x0 c:/program files (x86)/gnu tools arm embedded/5.4 2016q3/bin/../lib/gcc/arm-none-eabi/5.4.1/armv7e-m/fpu/crti.o
 .data          0x00000000        0x4 c:/program files (x86)/gnu tools arm embedded/5.4 2016q3/bin/../lib/gcc/arm-none-eabi/5.4.1/armv7e-m/fpu/crtbegin.o
 .text          0x00000000       0x74 c:/program files (x86)/gnu tools arm embedded/5.4 2016q3/bin/../lib/gcc/arm-none-eabi/5.4.1/../../../../arm-none-eabi/lib/armv7e-m/fpu/crt0.o
 .data          0x00000000        0x0 c:/program files (x86)/gnu tools arm embedded/5.4 2016q3/bin/../lib/gcc/arm-none-eabi/5.4.1/../../../../arm-none-eabi/lib/armv7e-m/fpu/crt0.o
 .bss           0x00000000        0x0 c:/program files (x86)/gnu tools arm embedded/5.4 2016q3/bin/../lib/gcc/arm-none-eabi/5.4.1/../../../../arm-none-eabi/lib/armv7e-m/fpu/crt0.o
 .ARM.extab     0x00000000        0x0 c:/program files (x86)/gnu tools arm embedded/5.4 2016q3/bin/../lib/gcc/arm-none-eabi/5.4.1/../../../../arm-none-eabi/lib/armv7e-m/fpu/crt0.o
 .ARM.exidx     0x00000000        0x8 c:/program files (x86)/gnu tools arm embedded/5.4 2016q3/bin/../lib/gcc/arm-none-eabi/5.4.1/../../../../arm-none-eabi/lib/armv7e-m/fpu/crt0.o
 .ARM.attributes
[...]
Memory Configuration

Name             Origin             Length             Attributes
RAM              0x20000000         0x00010000         xrw
FLASH            0x08000000         0x00040000         xr
*default*        0x00000000         0xffffffff

Linker script and memory map

LOAD c:/program files (x86)/gnu tools arm embedded/5.4 2016q3/bin/../lib/gcc/arm-none-eabi/5.4.1/armv7e-m/fpu/crti.o
LOAD c:/program files (x86)/gnu tools arm embedded/5.4 2016q3/bin/../lib/gcc/arm-none-eabi/5.4.1/armv7e-m/fpu/crtbegin.o
LOAD c:/program files (x86)/gnu tools arm embedded/5.4 2016q3/bin/../lib/gcc/arm-none-eabi/5.4.1/../../../../arm-none-eabi/lib/armv7e-m/fpu/crt0.o
LOAD build/main.o
LOAD build/mysetp.o
LOAD build/stm32f4xx_it.o
LOAD build/stm32f4xx_hal_msp.o
LOAD build/stm32f4xx_hal_tim.o
LOAD build/stm32f4xx_hal_tim_ex.o
LOAD build/stm32f4xx_hal_rcc.o
LOAD build/stm32f4xx_hal_rcc_ex.o
LOAD build/stm32f4xx_hal_flash.o
LOAD build/stm32f4xx_hal_flash_ex.o
LOAD build/stm32f4xx_hal_flash_ramfunc.o
LOAD build/stm32f4xx_hal_gpio.o
LOAD build/stm32f4xx_hal_dma_ex.o
LOAD build/stm32f4xx_hal_dma.o
LOAD build/stm32f4xx_hal_pwr.o
LOAD build/stm32f4xx_hal_pwr_ex.o
LOAD build/stm32f4xx_hal_cortex.o
LOAD build/stm32f4xx_hal.o
LOAD build/stm32f4xx_hal_exti.o
LOAD build/system_stm32f4xx.o
LOAD build/u8g_ellipse.o
LOAD build/u8g_font.o
LOAD build/u8g_line.o
LOAD build/u8g_ll_api.o
LOAD build/u8g_page.o
LOAD build/u8g_pb.o
LOAD build/u8g_pb8h1.o
LOAD build/u8g_pb8h1f.o
LOAD build/u8g_pb8h2.o
LOAD build/u8g_pb8h8.o
LOAD build/u8g_pb8v1.o
LOAD build/u8g_pb8v2.o
LOAD build/u8g_pb14v1.o
LOAD build/u8g_pb16h1.o
LOAD build/u8g_pb16h2.o
LOAD build/u8g_pb16v1.o
LOAD build/u8g_pb16v2.o
LOAD build/u8g_pb32h1.o
LOAD build/u8g_pbxh16.o
LOAD build/u8g_pbxh24.o
LOAD build/u8g_polygon.o
LOAD build/u8g_rect.o
LOAD build/u8g_rot.o
LOAD build/u8g_scale.o
LOAD build/u8g_state.o
LOAD build/u8g_u8toa.o
LOAD build/u8g_u16toa.o
LOAD build/u8g_virtual_screen.o
LOAD build/u8g_cursor.o
LOAD build/u8g_com_api.o
LOAD build/u8g_com_api_16gr.o
LOAD build/u8g_clip.o
LOAD build/u8g_circle.o
LOAD build/u8g_bitmap.o
LOAD build/chessengine.o
LOAD build/u8g_com_stm32_hw_i2c_hal.o
LOAD build/u8g_com_null.o
LOAD build/u8g_dev_ssd1306_128x64.o
LOAD build/stm32f4xx_hal_i2c.o
LOAD build/stm32f4xx_hal_i2c_ex.o
LOAD build/startup_stm32f401xc.o
LOAD c:/program files (x86)/gnu tools arm embedded/5.4 2016q3/bin/../lib/gcc/arm-none-eabi/5.4.1/../../../../arm-none-eabi/lib/armv7e-m/fpu\libc_nano.a
LOAD c:/program files (x86)/gnu tools arm embedded/5.4 2016q3/bin/../lib/gcc/arm-none-eabi/5.4.1/../../../../arm-none-eabi/lib/armv7e-m/fpu\libm.a
LOAD c:/program files (x86)/gnu tools arm embedded/5.4 2016q3/bin/../lib/gcc/arm-none-eabi/5.4.1/../../../../arm-none-eabi/lib/armv7e-m/fpu\libnosys.a
START GROUP
LOAD c:/program files (x86)/gnu tools arm embedded/5.4 2016q3/bin/../lib/gcc/arm-none-eabi/5.4.1/armv7e-m/fpu\libgcc.a
LOAD c:/program files (x86)/gnu tools arm embedded/5.4 2016q3/bin/../lib/gcc/arm-none-eabi/5.4.1/../../../../arm-none-eabi/lib/armv7e-m/fpu\libc_nano.a
END GROUP
START GROUP
LOAD c:/program files (x86)/gnu tools arm embedded/5.4 2016q3/bin/../lib/gcc/arm-none-eabi/5.4.1/armv7e-m/fpu\libgcc.a
LOAD c:/program files (x86)/gnu tools arm embedded/5.4 2016q3/bin/../lib/gcc/arm-none-eabi/5.4.1/../../../../arm-none-eabi/lib/armv7e-m/fpu\libc_nano.a
END GROUP
LOAD c:/program files (x86)/gnu tools arm embedded/5.4 2016q3/bin/../lib/gcc/arm-none-eabi/5.4.1/armv7e-m/fpu/crtend.o
LOAD c:/program files (x86)/gnu tools arm embedded/5.4 2016q3/bin/../lib/gcc/arm-none-eabi/5.4.1/armv7e-m/fpu/crtn.o
                0x20010000                _estack = 0x20010000
                0x00000200                _Min_Heap_Size = 0x200
                0x00000400                _Min_Stack_Size = 0x400

.isr_vector     0x08000000      0x194
                0x08000000                . = ALIGN (0x4)
 *(.isr_vector)
 .isr_vector    0x08000000      0x194 build/startup_stm32f401xc.o
                0x08000000                g_pfnVectors
                0x08000194                . = ALIGN (0x4)

.text           0x08000194     0x2e20
                0x08000194                . = ALIGN (0x4)
 *(.text)
 .text          0x08000194       0x5c c:/program files (x86)/gnu tools arm embedded/5.4 2016q3/bin/../lib/gcc/arm-none-eabi/5.4.1/armv7e-m/fpu/crtbegin.o
 .text          0x080001f0       0x30 c:/program files (x86)/gnu tools arm embedded/5.4 2016q3/bin/../lib/gcc/arm-none-eabi/5.4.1/armv7e-m/fpu\libgcc.a(_aeabi_uldivmod.o)
                0x080001f0                __aeabi_uldivmod
 .text          0x08000220      0x2e4 c:/program files (x86)/gnu tools arm embedded/5.4 2016q3/bin/../lib/gcc/arm-none-eabi/5.4.1/armv7e-m/fpu\libgcc.a(_udivmoddi4.o)
                0x08000220                __udivmoddi4
 .text          0x08000504        0x4 c:/program files (x86)/gnu tools arm embedded/5.4 2016q3/bin/../lib/gcc/arm-none-eabi/5.4.1/armv7e-m/fpu\libgcc.a(_dvmd_tls.o)
                0x08000504                __aeabi_idiv0
                0x08000504                __aeabi_ldiv0
 *(.text*)
 .text.MX_GPIO_Init
                0x08000508       0x94 build/main.o
 .text.Error_Handler
                0x0800059c        0x4 build/main.o
                0x0800059c                Error_Handler
 .text.MX_I2C1_Init
                0x080005a0       0x38 build/main.o
 .text.SystemClock_Config
                0x080005d8       0xa8 build/main.o
                0x080005d8                SystemClock_Config
 .text.main     0x08000680       0x18 build/main.o
                0x08000680                main
 .text.setp     0x08000698       0x54 build/mysetp.o
                0x08000698                setp
 .text.NMI_Handler
                0x080006ec        0x4 build/stm32f4xx_it.o
                0x080006ec                NMI_Handler
 .text.HardFault_Handler
                0x080006f0        0x4 build/stm32f4xx_it.o
                0x080006f0                HardFault_Handler
 .text.MemManage_Handler
                0x080006f4        0x4 build/stm32f4xx_it.o
                0x080006f4                MemManage_Handler
 .text.BusFault_Handler
                0x080006f8        0x4 build/stm32f4xx_it.o
                0x080006f8                BusFault_Handler
 .text.UsageFault_Handler
                0x080006fc        0x4 build/stm32f4xx_it.o
                0x080006fc                UsageFault_Handler
 .text.SVC_Handler
                0x08000700        0x4 build/stm32f4xx_it.o
                0x08000700                SVC_Handler
 .text.DebugMon_Handler
                0x08000704        0x4 build/stm32f4xx_it.o
                0x08000704                DebugMon_Handler
 .text.PendSV_Handler
                0x08000708        0x4 build/stm32f4xx_it.o
                0x08000708                PendSV_Handler
 .text.SysTick_Handler
                0x0800070c        0x8 build/stm32f4xx_it.o
                0x0800070c                SysTick_Handler
 .text.I2C1_EV_IRQHandler
                0x08000714       0x10 build/stm32f4xx_it.o
                0x08000714                I2C1_EV_IRQHandler
 .text.I2C1_ER_IRQHandler
                0x08000724       0x10 build/stm32f4xx_it.o
                0x08000724                I2C1_ER_IRQHandler
 .text.HAL_MspInit
                0x08000734       0x38 build/stm32f4xx_hal_msp.o
                0x08000734                HAL_MspInit
 .text.HAL_I2C_MspInit
                0x0800076c       0x8c build/stm32f4xx_hal_msp.o
                0x0800076c                HAL_I2C_MspInit
 .text.HAL_RCC_OscConfig
                0x080007f8      0x428 build/stm32f4xx_hal_rcc.o
                0x080007f8                HAL_RCC_OscConfig
 .text.HAL_RCC_GetSysClockFreq
                0x08000c20       0xa0 build/stm32f4xx_hal_rcc.o
                0x08000c20                HAL_RCC_GetSysClockFreq
 .text.HAL_RCC_ClockConfig
                0x08000cc0      0x168 build/stm32f4xx_hal_rcc.o
                0x08000cc0                HAL_RCC_ClockConfig
 .text.HAL_RCC_GetHCLKFreq
                0x08000e28        0xc build/stm32f4xx_hal_rcc.o
                0x08000e28                HAL_RCC_GetHCLKFreq
 .text.HAL_RCC_GetPCLK1Freq
                0x08000e34       0x20 build/stm32f4xx_hal_rcc.o
                0x08000e34                HAL_RCC_GetPCLK1Freq
 .text.HAL_GPIO_Init
                0x08000e54      0x1ac build/stm32f4xx_hal_gpio.o
                0x08000e54                HAL_GPIO_Init
 .text.HAL_GPIO_WritePin
                0x08001000        0xc build/stm32f4xx_hal_gpio.o
                0x08001000                HAL_GPIO_WritePin
 .text.HAL_DMA_Abort_IT
                0x0800100c       0x28 build/stm32f4xx_hal_dma.o
                0x0800100c                HAL_DMA_Abort_IT
 .text.HAL_DMA_GetState
                0x08001034        0x8 build/stm32f4xx_hal_dma.o
                0x08001034                HAL_DMA_GetState
 .text.HAL_NVIC_SetPriorityGrouping
                0x0800103c       0x24 build/stm32f4xx_hal_cortex.o
                0x0800103c                HAL_NVIC_SetPriorityGrouping
 .text.HAL_NVIC_SetPriority
                0x08001060       0x64 build/stm32f4xx_hal_cortex.o
                0x08001060                HAL_NVIC_SetPriority
 .text.HAL_NVIC_EnableIRQ
                0x080010c4       0x1c build/stm32f4xx_hal_cortex.o
                0x080010c4                HAL_NVIC_EnableIRQ
 .text.HAL_SYSTICK_Config
                0x080010e0       0x2c build/stm32f4xx_hal_cortex.o
                0x080010e0                HAL_SYSTICK_Config
 .text.HAL_InitTick
                0x0800110c       0x4c build/stm32f4xx_hal.o
                0x0800110c                HAL_InitTick
 .text.HAL_Init
                0x08001158       0x34 build/stm32f4xx_hal.o
                0x08001158                HAL_Init
 .text.HAL_IncTick
                0x0800118c       0x18 build/stm32f4xx_hal.o
                0x0800118c                HAL_IncTick
 .text.HAL_GetTick
                0x080011a4        0xc build/stm32f4xx_hal.o
                0x080011a4                HAL_GetTick
 .text.HAL_Delay
                0x080011b0       0x28 build/stm32f4xx_hal.o
                0x080011b0                HAL_Delay
 .text.SystemInit
                0x080011d8       0x14 build/system_stm32f4xx.o
                0x080011d8                SystemInit
 .text.u8g_font_calc_vref_font
                0x080011ec        0x4 build/u8g_font.o
                0x080011ec                u8g_font_calc_vref_font
 .text.u8g_SetFontPosBaseline
                0x080011f0        0xc build/u8g_font.o
                0x080011f0                u8g_SetFontPosBaseline
 .text.u8g_DrawLine
                0x080011fc       0xcc build/u8g_line.o
                0x080011fc                u8g_DrawLine
 .text.u8g_call_dev_fn
                0x080012c8        0x8 build/u8g_ll_api.o
                0x080012c8                u8g_call_dev_fn
 .text.u8g_InitLL
                0x080012d0       0x2c build/u8g_ll_api.o
                0x080012d0                u8g_InitLL
 .text.u8g_FirstPageLL
                0x080012fc       0x34 build/u8g_ll_api.o
                0x080012fc                u8g_FirstPageLL
 .text.u8g_NextPageLL
                0x08001330       0x3c build/u8g_ll_api.o
                0x08001330                u8g_NextPageLL
 .text.u8g_DrawPixelLL
                0x0800136c       0x18 build/u8g_ll_api.o
                0x0800136c                u8g_DrawPixelLL
 .text.u8g_GetWidthLL
                0x08001384       0x18 build/u8g_ll_api.o
                0x08001384                u8g_GetWidthLL
 .text.u8g_GetHeightLL
                0x0800139c       0x18 build/u8g_ll_api.o
                0x0800139c                u8g_GetHeightLL
 .text.u8g_GetModeLL
                0x080013b4        0xc build/u8g_ll_api.o
                0x080013b4                u8g_GetModeLL
 .text.u8g_UpdateDimension
                0x080013c0       0x30 build/u8g_ll_api.o
                0x080013c0                u8g_UpdateDimension
 .text.u8g_Begin
                0x080013f0       0x1c build/u8g_ll_api.o
                0x080013f0                u8g_Begin
 .text.u8g_FirstPage
                0x0800140c        0xc build/u8g_ll_api.o
                0x0800140c                u8g_FirstPage
 .text.u8g_NextPage
                0x08001418       0x14 build/u8g_ll_api.o
                0x08001418                u8g_NextPage
 .text.u8g_DrawPixel
                0x0800142c       0x10 build/u8g_ll_api.o
                0x0800142c                u8g_DrawPixel
 .text.u8g_SetColorIndex
                0x0800143c        0x8 build/u8g_ll_api.o
                0x0800143c                u8g_SetColorIndex
 .text.u8g_init_data
                0x08001444       0x44 build/u8g_ll_api.o
 .text.u8g_InitComFn
                0x08001488       0x18 build/u8g_ll_api.o
                0x08001488                u8g_InitComFn
 .text.u8g_page_First
                0x080014a0       0x10 build/u8g_page.o
                0x080014a0                u8g_page_First
 .text.u8g_page_Next
                0x080014b0       0x34 build/u8g_page.o
                0x080014b0                u8g_page_Next
 .text.u8g_pb_Clear
                0x080014e4       0x14 build/u8g_pb.o
                0x080014e4                u8g_pb_Clear
 .text.u8g_pb_IsYIntersection
                0x080014f8       0x34 build/u8g_pb.o
                0x080014f8                u8g_pb_IsYIntersection
 .text.u8g_pb_GetPageBox
                0x0800152c       0x14 build/u8g_pb.o
                0x0800152c                u8g_pb_GetPageBox
 .text.u8g_pb_Is8PixelVisible
                0x08001540       0x2c build/u8g_pb.o
                0x08001540                u8g_pb_Is8PixelVisible
 .text.u8g_pb_WriteBuffer
                0x0800156c       0x14 build/u8g_pb.o
                0x0800156c                u8g_pb_WriteBuffer
 .text.u8g_pb8v1_set_pixel
                0x08001580       0x2c build/u8g_pb8v1.o
                0x08001580                u8g_pb8v1_set_pixel
 .text.u8g_pb8v1_SetPixel
                0x080015ac       0x24 build/u8g_pb8v1.o
                0x080015ac                u8g_pb8v1_SetPixel
 .text.u8g_pb8v1_Set8PixelOpt2
                0x080015d0       0x5c build/u8g_pb8v1.o
                0x080015d0                u8g_pb8v1_Set8PixelOpt2
 .text.u8g_dev_pb8v1_base_fn
                0x0800162c       0xb0 build/u8g_pb8v1.o
                0x0800162c                u8g_dev_pb8v1_base_fn
 .text.u8g_state_dummy_cb
                0x080016dc        0x4 build/u8g_state.o
                0x080016dc                u8g_state_dummy_cb
 .text.u8g_InitCom
                0x080016e0        0xc build/u8g_com_api.o
                0x080016e0                u8g_InitCom
 .text.u8g_SetChipSelect
                0x080016ec        0xc build/u8g_com_api.o
                0x080016ec                u8g_SetChipSelect
 .text.u8g_SetResetLow
                0x080016f8       0x10 build/u8g_com_api.o
                0x080016f8                u8g_SetResetLow
 .text.u8g_SetResetHigh
                0x08001708       0x10 build/u8g_com_api.o
                0x08001708                u8g_SetResetHigh
 .text.u8g_SetAddress
                0x08001718        0xc build/u8g_com_api.o
                0x08001718                u8g_SetAddress
 .text.u8g_WriteByte
                0x08001724        0xc build/u8g_com_api.o
                0x08001724                u8g_WriteByte
 .text.u8g_WriteSequence
                0x08001730        0xc build/u8g_com_api.o
                0x08001730                u8g_WriteSequence
 .text.u8g_WriteEscSeqP
                0x0800173c       0xcc build/u8g_com_api.o
                0x0800173c                u8g_WriteEscSeqP
 .text.u8g_Delay
                0x08001808        0x8 build/u8g_com_stm32_hw_i2c_hal.o
                0x08001808                u8g_Delay
 .text.u8g_com_hw_i2c_fn
                0x08001810       0x84 build/u8g_com_stm32_hw_i2c_hal.o
                0x08001810                u8g_com_hw_i2c_fn
 .text.u8g_com_null_fn
                0x08001894        0x4 build/u8g_com_null.o
                0x08001894                u8g_com_null_fn
 .text.u8g_dev_ssd1306_128x64_fn
                0x08001898       0xe0 build/u8g_dev_ssd1306_128x64.o
                0x08001898                u8g_dev_ssd1306_128x64_fn
 .text.I2C_Master_SB
                0x08001978       0x9c build/stm32f4xx_hal_i2c.o
 .text.I2C_Master_ADD10
                0x08001a14       0x24 build/stm32f4xx_hal_i2c.o
 .text.I2C_Master_ADDR
                0x08001a38      0x208 build/stm32f4xx_hal_i2c.o
 .text.I2C_SlaveTransmit_BTF
                0x08001c40       0x20 build/stm32f4xx_hal_i2c.o
 .text.I2C_SlaveReceive_BTF
                0x08001c60       0x20 build/stm32f4xx_hal_i2c.o
 .text.I2C_WaitOnSTOPRequestThroughIT
                0x08001c80       0x48 build/stm32f4xx_hal_i2c.o
 .text.I2C_IsAcknowledgeFailed
                0x08001cc8       0x34 build/stm32f4xx_hal_i2c.o
 .text.I2C_ConvertOtherXferOptions
                0x08001cfc       0x1c build/stm32f4xx_hal_i2c.o
 .text.I2C_WaitOnFlagUntilTimeout
                0x08001d18       0x70 build/stm32f4xx_hal_i2c.o
 .text.I2C_WaitOnMasterAddressFlagUntilTimeout
                0x08001d88       0xa8 build/stm32f4xx_hal_i2c.o
 .text.I2C_MasterRequestWrite
                0x08001e30       0xbc build/stm32f4xx_hal_i2c.o
 .text.I2C_WaitOnTXEFlagUntilTimeout
                0x08001eec       0x54 build/stm32f4xx_hal_i2c.o
 .text.I2C_WaitOnBTFFlagUntilTimeout
                0x08001f40       0x54 build/stm32f4xx_hal_i2c.o
 .text.HAL_I2C_Init
                0x08001f94      0x1b4 build/stm32f4xx_hal_i2c.o
                0x08001f94                HAL_I2C_Init
 .text.HAL_I2C_Master_Transmit
                0x08002148      0x170 build/stm32f4xx_hal_i2c.o
                0x08002148                HAL_I2C_Master_Transmit
 .text.HAL_I2C_MasterTxCpltCallback
                0x080022b8        0x4 build/stm32f4xx_hal_i2c.o
                0x080022b8                HAL_I2C_MasterTxCpltCallback
 .text.HAL_I2C_MasterRxCpltCallback
                0x080022bc        0x4 build/stm32f4xx_hal_i2c.o
                0x080022bc                HAL_I2C_MasterRxCpltCallback
 .text.HAL_I2C_SlaveTxCpltCallback
                0x080022c0        0x4 build/stm32f4xx_hal_i2c.o
                0x080022c0                HAL_I2C_SlaveTxCpltCallback
 .text.I2C_SlaveTransmit_TXE
                0x080022c4       0x4c build/stm32f4xx_hal_i2c.o
 .text.HAL_I2C_SlaveRxCpltCallback
                0x08002310        0x4 build/stm32f4xx_hal_i2c.o
                0x08002310                HAL_I2C_SlaveRxCpltCallback
 .text.I2C_SlaveReceive_RXNE
                0x08002314       0x4c build/stm32f4xx_hal_i2c.o
 .text.HAL_I2C_AddrCallback
                0x08002360        0x4 build/stm32f4xx_hal_i2c.o
                0x08002360                HAL_I2C_AddrCallback
 .text.I2C_Slave_ADDR
                0x08002364       0x5c build/stm32f4xx_hal_i2c.o
 .text.HAL_I2C_ListenCpltCallback
                0x080023c0        0x4 build/stm32f4xx_hal_i2c.o
                0x080023c0                HAL_I2C_ListenCpltCallback
 .text.I2C_Slave_AF
                0x080023c4       0x94 build/stm32f4xx_hal_i2c.o
 .text.HAL_I2C_MemTxCpltCallback
                0x08002458        0x4 build/stm32f4xx_hal_i2c.o
                0x08002458                HAL_I2C_MemTxCpltCallback
 .text.I2C_MasterTransmit_BTF
                0x0800245c       0x9c build/stm32f4xx_hal_i2c.o
 .text.I2C_MemoryTransmit_TXE_BTF
                0x080024f8       0xbc build/stm32f4xx_hal_i2c.o
 .text.I2C_MasterTransmit_TXE
                0x080025b4       0xd0 build/stm32f4xx_hal_i2c.o
 .text.HAL_I2C_MemRxCpltCallback
                0x08002684        0x4 build/stm32f4xx_hal_i2c.o
                0x08002684                HAL_I2C_MemRxCpltCallback
 .text.I2C_MasterReceive_BTF
                0x08002688      0x12c build/stm32f4xx_hal_i2c.o
 .text.HAL_I2C_ErrorCallback
                0x080027b4        0x4 build/stm32f4xx_hal_i2c.o
                0x080027b4                HAL_I2C_ErrorCallback
 .text.I2C_MasterReceive_RXNE
                0x080027b8       0xe8 build/stm32f4xx_hal_i2c.o
 .text.HAL_I2C_AbortCpltCallback
                0x080028a0        0x4 build/stm32f4xx_hal_i2c.o
                0x080028a0                HAL_I2C_AbortCpltCallback
 .text.I2C_DMAAbort
                0x080028a4       0xe4 build/stm32f4xx_hal_i2c.o
 .text.I2C_ITError
                0x08002988      0x174 build/stm32f4xx_hal_i2c.o
 .text.I2C_Slave_STOPF
                0x08002afc      0x188 build/stm32f4xx_hal_i2c.o
 .text.HAL_I2C_EV_IRQHandler
                0x08002c84      0x1a8 build/stm32f4xx_hal_i2c.o
                0x08002c84                HAL_I2C_EV_IRQHandler
 .text.HAL_I2C_ER_IRQHandler
                0x08002e2c       0xc0 build/stm32f4xx_hal_i2c.o
                0x08002e2c                HAL_I2C_ER_IRQHandler
 .text.Reset_Handler
                0x08002eec       0x50 build/startup_stm32f401xc.o
                0x08002eec                Reset_Handler
 .text.Default_Handler
                0x08002f3c        0x2 build/startup_stm32f401xc.o
                0x08002f3c                RTC_Alarm_IRQHandler
                0x08002f3c                EXTI2_IRQHandler
                0x08002f3c                SPI4_IRQHandler
                0x08002f3c                TIM1_CC_IRQHandler
                0x08002f3c                DMA2_Stream5_IRQHandler
                0x08002f3c                DMA1_Stream5_IRQHandler
                0x08002f3c                PVD_IRQHandler
                0x08002f3c                SDIO_IRQHandler
                0x08002f3c                TAMP_STAMP_IRQHandler
                0x08002f3c                EXTI3_IRQHandler
                0x08002f3c                TIM1_UP_TIM10_IRQHandler
                0x08002f3c                I2C3_ER_IRQHandler
                0x08002f3c                EXTI0_IRQHandler
                0x08002f3c                I2C2_EV_IRQHandler
                0x08002f3c                DMA1_Stream2_IRQHandler
                0x08002f3c                FPU_IRQHandler
                0x08002f3c                DMA2_Stream2_IRQHandler
                0x08002f3c                SPI1_IRQHandler
                0x08002f3c                TIM1_BRK_TIM9_IRQHandler
                0x08002f3c                DMA2_Stream3_IRQHandler
                0x08002f3c                USART6_IRQHandler
                0x08002f3c                DMA2_Stream0_IRQHandler
                0x08002f3c                TIM4_IRQHandler
                0x08002f3c                DMA1_Stream6_IRQHandler
                0x08002f3c                DMA1_Stream1_IRQHandler
                0x08002f3c                TIM3_IRQHandler
                0x08002f3c                RCC_IRQHandler
                0x08002f3c                Default_Handler
                0x08002f3c                EXTI15_10_IRQHandler
                0x08002f3c                ADC_IRQHandler
                0x08002f3c                DMA1_Stream7_IRQHandler
                0x08002f3c                TIM5_IRQHandler
                0x08002f3c                DMA2_Stream7_IRQHandler
                0x08002f3c                I2C3_EV_IRQHandler
                0x08002f3c                EXTI9_5_IRQHandler
                0x08002f3c                RTC_WKUP_IRQHandler
                0x08002f3c                SPI2_IRQHandler
                0x08002f3c                DMA1_Stream0_IRQHandler
                0x08002f3c                EXTI4_IRQHandler
                0x08002f3c                WWDG_IRQHandler
                0x08002f3c                TIM2_IRQHandler
                0x08002f3c                OTG_FS_WKUP_IRQHandler
                0x08002f3c                TIM1_TRG_COM_TIM11_IRQHandler
                0x08002f3c                EXTI1_IRQHandler
                0x08002f3c                USART2_IRQHandler
                0x08002f3c                I2C2_ER_IRQHandler
                0x08002f3c                DMA2_Stream1_IRQHandler
                0x08002f3c                FLASH_IRQHandler
                0x08002f3c                DMA2_Stream4_IRQHandler
                0x08002f3c                USART1_IRQHandler
                0x08002f3c                OTG_FS_IRQHandler
                0x08002f3c                SPI3_IRQHandler
                0x08002f3c                DMA1_Stream4_IRQHandler
                0x08002f3c                DMA2_Stream6_IRQHandler
                0x08002f3c                DMA1_Stream3_IRQHandler
 *fill*         0x08002f3e        0x2 
 .text.__libc_init_array
                0x08002f40       0x4c c:/program files (x86)/gnu tools arm embedded/5.4 2016q3/bin/../lib/gcc/arm-none-eabi/5.4.1/../../../../arm-none-eabi/lib/armv7e-m/fpu\libc_nano.a(lib_a-init.o)
                0x08002f40                __libc_init_array
 .text.memset   0x08002f8c       0x10 c:/program files (x86)/gnu tools arm embedded/5.4 2016q3/bin/../lib/gcc/arm-none-eabi/5.4.1/../../../../arm-none-eabi/lib/armv7e-m/fpu\libc_nano.a(lib_a-memset.o)
                0x08002f8c                memset
 *(.glue_7)
 .glue_7        0x08002f9c        0x0 linker stubs
 *(.glue_7t)
 .glue_7t       0x08002f9c        0x0 linker stubs
 *(.eh_frame)
 .eh_frame      0x08002f9c        0x0 c:/program files (x86)/gnu tools arm embedded/5.4 2016q3/bin/../lib/gcc/arm-none-eabi/5.4.1/armv7e-m/fpu/crtbegin.o
 *(.init)
 .init          0x08002f9c        0x4 c:/program files (x86)/gnu tools arm embedded/5.4 2016q3/bin/../lib/gcc/arm-none-eabi/5.4.1/armv7e-m/fpu/crti.o
                0x08002f9c                _init
 .init          0x08002fa0        0x8 c:/program files (x86)/gnu tools arm embedded/5.4 2016q3/bin/../lib/gcc/arm-none-eabi/5.4.1/armv7e-m/fpu/crtn.o
 *(.fini)
 .fini          0x08002fa8        0x4 c:/program files (x86)/gnu tools arm embedded/5.4 2016q3/bin/../lib/gcc/arm-none-eabi/5.4.1/armv7e-m/fpu/crti.o
                0x08002fa8                _fini
 .fini          0x08002fac        0x8 c:/program files (x86)/gnu tools arm embedded/5.4 2016q3/bin/../lib/gcc/arm-none-eabi/5.4.1/armv7e-m/fpu/crtn.o
                0x08002fb4                . = ALIGN (0x4)
                0x08002fb4                _etext = .

.vfp11_veneer   0x08002fb4        0x0
 .vfp11_veneer  0x08002fb4        0x0 linker stubs

.v4_bx          0x08002fb4        0x0
 .v4_bx         0x08002fb4        0x0 linker stubs

.iplt           0x08002fb4        0x0
 .iplt          0x08002fb4        0x0 c:/program files (x86)/gnu tools arm embedded/5.4 2016q3/bin/../lib/gcc/arm-none-eabi/5.4.1/armv7e-m/fpu/crtbegin.o

.rodata         0x08002fb4       0x60
                0x08002fb4                . = ALIGN (0x4)
 *(.rodata)
 *(.rodata*)
 .rodata.AHBPrescTable
                0x08002fb4       0x10 build/system_stm32f4xx.o
                0x08002fb4                AHBPrescTable
 .rodata.APBPrescTable
                0x08002fc4        0x8 build/system_stm32f4xx.o
                0x08002fc4                APBPrescTable
 .rodata.u8g_dev_ssd13xx_sleep_off
                0x08002fcc        0xb build/u8g_dev_ssd1306_128x64.o
 *fill*         0x08002fd7        0x1 
 .rodata.u8g_dev_ssd13xx_sleep_on
                0x08002fd8        0x9 build/u8g_dev_ssd1306_128x64.o
 *fill*         0x08002fe1        0x3 
 .rodata.u8g_dev_ssd1306_128x64_adafruit2_init_seq
                0x08002fe4       0x26 build/u8g_dev_ssd1306_128x64.o
 *fill*         0x0800300a        0x2 
 .rodata.u8g_dev_ssd1306_128x64_data_start
                0x0800300c        0x8 build/u8g_dev_ssd1306_128x64.o
                0x08003014                . = ALIGN (0x4)

.ARM.extab
 *(.ARM.extab* .gnu.linkonce.armextab.*)

.ARM            0x08003014        0x8
                0x08003014                __exidx_start = .
 *(.ARM.exidx*)
 .ARM.exidx     0x08003014        0x8 c:/program files (x86)/gnu tools arm embedded/5.4 2016q3/bin/../lib/gcc/arm-none-eabi/5.4.1/armv7e-m/fpu\libgcc.a(_udivmoddi4.o)
                0x0800301c                __exidx_end = .

.rel.dyn        0x0800301c        0x0
 .rel.iplt      0x0800301c        0x0 c:/program files (x86)/gnu tools arm embedded/5.4 2016q3/bin/../lib/gcc/arm-none-eabi/5.4.1/armv7e-m/fpu/crtbegin.o

.preinit_array  0x0800301c        0x0
                0x0800301c                PROVIDE (__preinit_array_start, .)
 *(.preinit_array*)
                0x0800301c                PROVIDE (__preinit_array_end, .)

.init_array     0x0800301c        0x4
                0x0800301c                PROVIDE (__init_array_start, .)
 *(SORT(.init_array.*))
 *(.init_array*)
 .init_array    0x0800301c        0x4 c:/program files (x86)/gnu tools arm embedded/5.4 2016q3/bin/../lib/gcc/arm-none-eabi/5.4.1/armv7e-m/fpu/crtbegin.o
                0x08003020                PROVIDE (__init_array_end, .)

.fini_array     0x08003020        0x4
                [!provide]                PROVIDE (__fini_array_start, .)
 *(SORT(.fini_array.*))
 *(.fini_array*)
 .fini_array    0x08003020        0x4 c:/program files (x86)/gnu tools arm embedded/5.4 2016q3/bin/../lib/gcc/arm-none-eabi/5.4.1/armv7e-m/fpu/crtbegin.o
                [!provide]                PROVIDE (__fini_array_end, .)
                0x08003024                _sidata = LOADADDR (.data)

.data           0x20000000       0x24 load address 0x08003024
                0x20000000                . = ALIGN (0x4)
                0x20000000                _sdata = .
 *(.data)
 *(.data*)
 .data.uwTickPrio
                0x20000000        0x4 build/stm32f4xx_hal.o
                0x20000000                uwTickPrio
 .data.uwTickFreq
                0x20000004        0x1 build/stm32f4xx_hal.o
                0x20000004                uwTickFreq
 *fill*         0x20000005        0x3 
 .data.SystemCoreClock
                0x20000008        0x4 build/system_stm32f4xx.o
                0x20000008                SystemCoreClock
 .data.u8g_dev_ssd1306_128x64_i2c_pb
                0x2000000c        0xc build/u8g_dev_ssd1306_128x64.o
                0x2000000c                u8g_dev_ssd1306_128x64_i2c_pb
 .data.u8g_dev_ssd1306_128x64_i2c
                0x20000018        0xc build/u8g_dev_ssd1306_128x64.o
                0x20000018                u8g_dev_ssd1306_128x64_i2c
                0x20000024                . = ALIGN (0x4)
                0x20000024                _edata = .

.jcr            0x20000024        0x0 load address 0x08003048
 .jcr           0x20000024        0x0 c:/program files (x86)/gnu tools arm embedded/5.4 2016q3/bin/../lib/gcc/arm-none-eabi/5.4.1/armv7e-m/fpu/crtbegin.o

.igot.plt       0x20000024        0x0 load address 0x08003048
 .igot.plt      0x20000024        0x0 c:/program files (x86)/gnu tools arm embedded/5.4 2016q3/bin/../lib/gcc/arm-none-eabi/5.4.1/armv7e-m/fpu/crtbegin.o
                0x20000024                . = ALIGN (0x4)

.bss            0x20000024      0x134 load address 0x08003048
                0x20000024                _sbss = .
                0x20000024                __bss_start__ = _sbss
 *(.bss)
 .bss           0x20000024       0x1c c:/program files (x86)/gnu tools arm embedded/5.4 2016q3/bin/../lib/gcc/arm-none-eabi/5.4.1/armv7e-m/fpu/crtbegin.o
 *(.bss*)
 .bss.control   0x20000040        0x1 build/u8g_com_stm32_hw_i2c_hal.o
 *fill*         0x20000041        0x3 
 .bss.u8g_dev_ssd1306_128x64_i2c_buf
                0x20000044       0x80 build/u8g_dev_ssd1306_128x64.o
                0x20000044                u8g_dev_ssd1306_128x64_i2c_buf
 *(COMMON)
 COMMON         0x200000c4       0x54 build/main.o
                0x200000c4                hi2c1
 COMMON         0x20000118       0x3c build/mysetp.o
                0x20000118                u8g
 COMMON         0x20000154        0x4 build/stm32f4xx_hal.o
                0x20000154                uwTick
                0x20000158                . = ALIGN (0x4)
                0x20000158                _ebss = .
                0x20000158                __bss_end__ = _ebss

._user_heap_stack
                0x20000158      0x600 load address 0x08003048
                0x20000158                . = ALIGN (0x8)
                [!provide]                PROVIDE (end, .)
                [!provide]                PROVIDE (_end, .)
                0x20000358                . = (. + _Min_Heap_Size)
 *fill*         0x20000158      0x200 
                0x20000758                . = (. + _Min_Stack_Size)
 *fill*         0x20000358      0x400 
                0x20000758                . = ALIGN (0x8)

/DISCARD/
 libc.a(*)
 libm.a(*)
 libgcc.a(*)

.ARM.attributes
                0x00000000       0x30
 *(.ARM.attributes)
 .ARM.attributes
                0x00000000       0x22 c:/program files (x86)/gnu tools arm embedded/5.4 2016q3/bin/../lib/gcc/arm-none-eabi/5.4.1/armv7e-m/fpu/crti.o
 .ARM.attributes
                0x00000022       0x34 c:/program files (x86)/gnu tools arm embedded/5.4 2016q3/bin/../lib/gcc/arm-none-eabi/5.4.1/armv7e-m/fpu/crtbegin.o
 .ARM.attributes
                0x00000056       0x39 build/main.o
 .ARM.attributes
                0x0000008f       0x39 build/mysetp.o
 .ARM.attributes
                0x000000c8       0x39 build/stm32f4xx_it.o
 .ARM.attributes
                0x00000101       0x39 build/stm32f4xx_hal_msp.o
 .ARM.attributes
                0x0000013a       0x39 build/stm32f4xx_hal_rcc.o
 .ARM.attributes
                0x00000173       0x39 build/stm32f4xx_hal_gpio.o
 .ARM.attributes
                0x000001ac       0x39 build/stm32f4xx_hal_dma.o
 .ARM.attributes
                0x000001e5       0x39 build/stm32f4xx_hal_cortex.o
 .ARM.attributes
                0x0000021e       0x39 build/stm32f4xx_hal.o
 .ARM.attributes
                0x00000257       0x39 build/system_stm32f4xx.o
 .ARM.attributes
                0x00000290       0x39 build/u8g_font.o
 .ARM.attributes
                0x000002c9       0x39 build/u8g_line.o
 .ARM.attributes
                0x00000302       0x39 build/u8g_ll_api.o
 .ARM.attributes
                0x0000033b       0x39 build/u8g_page.o
 .ARM.attributes
                0x00000374       0x39 build/u8g_pb.o
 .ARM.attributes
                0x000003ad       0x39 build/u8g_pb8v1.o
 .ARM.attributes
                0x000003e6       0x39 build/u8g_state.o
 .ARM.attributes
                0x0000041f       0x39 build/u8g_com_api.o
 .ARM.attributes
                0x00000458       0x39 build/u8g_com_stm32_hw_i2c_hal.o
 .ARM.attributes
                0x00000491       0x39 build/u8g_com_null.o
 .ARM.attributes
                0x000004ca       0x39 build/u8g_dev_ssd1306_128x64.o
 .ARM.attributes
                0x00000503       0x39 build/stm32f4xx_hal_i2c.o
 .ARM.attributes
                0x0000053c       0x21 build/startup_stm32f401xc.o
 .ARM.attributes
                0x0000055d       0x34 c:/program files (x86)/gnu tools arm embedded/5.4 2016q3/bin/../lib/gcc/arm-none-eabi/5.4.1/../../../../arm-none-eabi/lib/armv7e-m/fpu\libc_nano.a(lib_a-init.o)
 .ARM.attributes
                0x00000591       0x34 c:/program files (x86)/gnu tools arm embedded/5.4 2016q3/bin/../lib/gcc/arm-none-eabi/5.4.1/../../../../arm-none-eabi/lib/armv7e-m/fpu\libc_nano.a(lib_a-memset.o)
 .ARM.attributes
                0x000005c5       0x22 c:/program files (x86)/gnu tools arm embedded/5.4 2016q3/bin/../lib/gcc/arm-none-eabi/5.4.1/armv7e-m/fpu\libgcc.a(_aeabi_uldivmod.o)
 .ARM.attributes
                0x000005e7       0x34 c:/program files (x86)/gnu tools arm embedded/5.4 2016q3/bin/../lib/gcc/arm-none-eabi/5.4.1/armv7e-m/fpu\libgcc.a(_udivmoddi4.o)
 .ARM.attributes
                0x0000061b       0x22 c:/program files (x86)/gnu tools arm embedded/5.4 2016q3/bin/../lib/gcc/arm-none-eabi/5.4.1/armv7e-m/fpu\libgcc.a(_dvmd_tls.o)
 .ARM.attributes
                0x0000063d       0x22 c:/program files (x86)/gnu tools arm embedded/5.4 2016q3/bin/../lib/gcc/arm-none-eabi/5.4.1/armv7e-m/fpu/crtn.o
OUTPUT(build/401CCU-Demo.elf elf32-littlearm)

.debug_info     0x00000000    0x124b1
 .debug_info    0x00000000      0xdf1 build/main.o
 .debug_info    0x00000df1      0x591 build/mysetp.o
 .debug_info    0x00001382      0x79d build/stm32f4xx_it.o
 .debug_info    0x00001b1f      0xd09 build/stm32f4xx_hal_msp.o
 .debug_info    0x00002828      0xb5b build/stm32f4xx_hal_rcc.o
 .debug_info    0x00003383      0x7ee build/stm32f4xx_hal_gpio.o
 .debug_info    0x00003b71      0xae0 build/stm32f4xx_hal_dma.o
 .debug_info    0x00004651      0xf52 build/stm32f4xx_hal_cortex.o
 .debug_info    0x000055a3      0x9ed build/stm32f4xx_hal.o
 .debug_info    0x00005f90      0x59f build/system_stm32f4xx.o
 .debug_info    0x0000652f     0x2ac7 build/u8g_font.o
 .debug_info    0x00008ff6      0x56c build/u8g_line.o
 .debug_info    0x00009562     0x137b build/u8g_ll_api.o
 .debug_info    0x0000a8dd      0x1bc build/u8g_page.o
 .debug_info    0x0000aa99      0x803 build/u8g_pb.o
 .debug_info    0x0000b29c      0x861 build/u8g_pb8v1.o
 .debug_info    0x0000bafd      0x4d9 build/u8g_state.o
 .debug_info    0x0000bfd6      0x945 build/u8g_com_api.o
 .debug_info    0x0000c91b      0xbd8 build/u8g_com_stm32_hw_i2c_hal.o
 .debug_info    0x0000d4f3      0x497 build/u8g_com_null.o
 .debug_info    0x0000d98a     0x1541 build/u8g_dev_ssd1306_128x64.o
 .debug_info    0x0000eecb     0x3575 build/stm32f4xx_hal_i2c.o
 .debug_info    0x00012440       0x71 build/startup_stm32f401xc.o

.debug_abbrev   0x00000000     0x2993
 .debug_abbrev  0x00000000      0x225 build/main.o
 .debug_abbrev  0x00000225      0x14f build/mysetp.o
 .debug_abbrev  0x00000374      0x188 build/stm32f4xx_it.o
 .debug_abbrev  0x000004fc      0x1aa build/stm32f4xx_hal_msp.o
 .debug_abbrev  0x000006a6      0x28b build/stm32f4xx_hal_rcc.o
 .debug_abbrev  0x00000931      0x211 build/stm32f4xx_hal_gpio.o
 .debug_abbrev  0x00000b42      0x272 build/stm32f4xx_hal_dma.o
 .debug_abbrev  0x00000db4      0x313 build/stm32f4xx_hal_cortex.o
 .debug_abbrev  0x000010c7      0x21a build/stm32f4xx_hal.o
 .debug_abbrev  0x000012e1      0x103 build/system_stm32f4xx.o
 .debug_abbrev  0x000013e4      0x2e9 build/u8g_font.o
 .debug_abbrev  0x000016cd      0x15c build/u8g_line.o
 .debug_abbrev  0x00001829      0x292 build/u8g_ll_api.o
 .debug_abbrev  0x00001abb      0x10e build/u8g_page.o
 .debug_abbrev  0x00001bc9      0x1b0 build/u8g_pb.o
 .debug_abbrev  0x00001d79      0x189 build/u8g_pb8v1.o
 .debug_abbrev  0x00001f02      0x154 build/u8g_state.o
 .debug_abbrev  0x00002056      0x168 build/u8g_com_api.o
 .debug_abbrev  0x000021be      0x22e build/u8g_com_stm32_hw_i2c_hal.o
 .debug_abbrev  0x000023ec      0x10a build/u8g_com_null.o
 .debug_abbrev  0x000024f6      0x1b9 build/u8g_dev_ssd1306_128x64.o
 .debug_abbrev  0x000026af      0x2d2 build/stm32f4xx_hal_i2c.o
 .debug_abbrev  0x00002981       0x12 build/startup_stm32f401xc.o

.debug_loc      0x00000000     0xc36d
 .debug_loc     0x00000000       0xb1 build/main.o
 .debug_loc     0x000000b1       0x2c build/mysetp.o
 .debug_loc     0x000000dd       0x60 build/stm32f4xx_it.o
 .debug_loc     0x0000013d       0xdd build/stm32f4xx_hal_msp.o
 .debug_loc     0x0000021a      0x603 build/stm32f4xx_hal_rcc.o
 .debug_loc     0x0000081d      0x420 build/stm32f4xx_hal_gpio.o
 .debug_loc     0x00000c3d      0xb18 build/stm32f4xx_hal_dma.o
 .debug_loc     0x00001755      0x5c0 build/stm32f4xx_hal_cortex.o
 .debug_loc     0x00001d15      0x1bb build/stm32f4xx_hal.o
 .debug_loc     0x00001ed0      0x132 build/system_stm32f4xx.o
 .debug_loc     0x00002002     0x3118 build/u8g_font.o
 .debug_loc     0x0000511a      0x228 build/u8g_line.o
 .debug_loc     0x00005342     0x10cc build/u8g_ll_api.o
 .debug_loc     0x0000640e      0x129 build/u8g_page.o
 .debug_loc     0x00006537      0x48a build/u8g_pb.o
 .debug_loc     0x000069c1      0x4fd build/u8g_pb8v1.o
 .debug_loc     0x00006ebe       0x62 build/u8g_state.o
 .debug_loc     0x00006f20      0x5ae build/u8g_com_api.o
 .debug_loc     0x000074ce      0x210 build/u8g_com_stm32_hw_i2c_hal.o
 .debug_loc     0x000076de       0x21 build/u8g_com_null.o
 .debug_loc     0x000076ff      0x7a8 build/u8g_dev_ssd1306_128x64.o
 .debug_loc     0x00007ea7     0x44c6 build/stm32f4xx_hal_i2c.o

.debug_aranges  0x00000000      0xcf8
 .debug_aranges
                0x00000000       0x40 build/main.o
 .debug_aranges
                0x00000040       0x20 build/mysetp.o
 .debug_aranges
                0x00000060       0x70 build/stm32f4xx_it.o
 .debug_aranges
                0x000000d0       0x30 build/stm32f4xx_hal_msp.o
 .debug_aranges
                0x00000100       0x88 build/stm32f4xx_hal_rcc.o
 .debug_aranges
                0x00000188       0x58 build/stm32f4xx_hal_gpio.o
 .debug_aranges
                0x000001e0       0x90 build/stm32f4xx_hal_dma.o
 .debug_aranges
                0x00000270       0xa8 build/stm32f4xx_hal_cortex.o
 .debug_aranges
                0x00000318       0xf0 build/stm32f4xx_hal.o
 .debug_aranges
                0x00000408       0x28 build/system_stm32f4xx.o
 .debug_aranges
                0x00000430      0x2a8 build/u8g_font.o
 .debug_aranges
                0x000006d8       0x20 build/u8g_line.o
 .debug_aranges
                0x000006f8      0x140 build/u8g_ll_api.o
 .debug_aranges
                0x00000838       0x30 build/u8g_page.o
 .debug_aranges
                0x00000868       0x50 build/u8g_pb.o
 .debug_aranges
                0x000008b8       0x48 build/u8g_pb8v1.o
 .debug_aranges
                0x00000900       0x30 build/u8g_state.o
 .debug_aranges
                0x00000930       0x68 build/u8g_com_api.o
 .debug_aranges
                0x00000998       0x38 build/u8g_com_stm32_hw_i2c_hal.o
 .debug_aranges
                0x000009d0       0x20 build/u8g_com_null.o
 .debug_aranges
                0x000009f0       0x40 build/u8g_dev_ssd1306_128x64.o
 .debug_aranges
                0x00000a30      0x2a0 build/stm32f4xx_hal_i2c.o
 .debug_aranges
                0x00000cd0       0x28 build/startup_stm32f401xc.o

.debug_ranges   0x00000000      0xc38
 .debug_ranges  0x00000000       0x30 build/main.o
 .debug_ranges  0x00000030       0x10 build/mysetp.o
 .debug_ranges  0x00000040       0x60 build/stm32f4xx_it.o
 .debug_ranges  0x000000a0       0x20 build/stm32f4xx_hal_msp.o
 .debug_ranges  0x000000c0       0x90 build/stm32f4xx_hal_rcc.o
 .debug_ranges  0x00000150       0x48 build/stm32f4xx_hal_gpio.o
 .debug_ranges  0x00000198       0x80 build/stm32f4xx_hal_dma.o
 .debug_ranges  0x00000218       0x98 build/stm32f4xx_hal_cortex.o
 .debug_ranges  0x000002b0       0xe0 build/stm32f4xx_hal.o
 .debug_ranges  0x00000390       0x18 build/system_stm32f4xx.o
 .debug_ranges  0x000003a8      0x310 build/u8g_font.o
 .debug_ranges  0x000006b8       0x10 build/u8g_line.o
 .debug_ranges  0x000006c8      0x130 build/u8g_ll_api.o
 .debug_ranges  0x000007f8       0x20 build/u8g_page.o
 .debug_ranges  0x00000818       0x40 build/u8g_pb.o
 .debug_ranges  0x00000858       0x38 build/u8g_pb8v1.o
 .debug_ranges  0x00000890       0x20 build/u8g_state.o
 .debug_ranges  0x000008b0       0x58 build/u8g_com_api.o
 .debug_ranges  0x00000908       0x28 build/u8g_com_stm32_hw_i2c_hal.o
 .debug_ranges  0x00000930       0x10 build/u8g_com_null.o
 .debug_ranges  0x00000940       0x30 build/u8g_dev_ssd1306_128x64.o
 .debug_ranges  0x00000970      0x2a8 build/stm32f4xx_hal_i2c.o
 .debug_ranges  0x00000c18       0x20 build/startup_stm32f401xc.o

.debug_line     0x00000000     0x5318
 .debug_line    0x00000000      0x2d0 build/main.o
 .debug_line    0x000002d0      0x180 build/mysetp.o
 .debug_line    0x00000450      0x28f build/stm32f4xx_it.o
 .debug_line    0x000006df      0x247 build/stm32f4xx_hal_msp.o
 .debug_line    0x00000926      0x4d8 build/stm32f4xx_hal_rcc.o
 .debug_line    0x00000dfe      0x32d build/stm32f4xx_hal_gpio.o
 .debug_line    0x0000112b      0x50f build/stm32f4xx_hal_dma.o
 .debug_line    0x0000163a      0x3ed build/stm32f4xx_hal_cortex.o
 .debug_line    0x00001a27      0x400 build/stm32f4xx_hal.o
 .debug_line    0x00001e27      0x198 build/system_stm32f4xx.o
 .debug_line    0x00001fbf      0x96f build/u8g_font.o
 .debug_line    0x0000292e      0x15a build/u8g_line.o
 .debug_line    0x00002a88      0x3e0 build/u8g_ll_api.o
 .debug_line    0x00002e68      0x14a build/u8g_page.o
 .debug_line    0x00002fb2      0x1b8 build/u8g_pb.o
 .debug_line    0x0000316a      0x1d4 build/u8g_pb8v1.o
 .debug_line    0x0000333e      0x138 build/u8g_state.o
 .debug_line    0x00003476      0x1e8 build/u8g_com_api.o
 .debug_line    0x0000365e      0x269 build/u8g_com_stm32_hw_i2c_hal.o
 .debug_line    0x000038c7      0x11c build/u8g_com_null.o
 .debug_line    0x000039e3      0x1e1 build/u8g_dev_ssd1306_128x64.o
 .debug_line    0x00003bc4     0x16de build/stm32f4xx_hal_i2c.o
 .debug_line    0x000052a2       0x76 build/startup_stm32f401xc.o

.debug_str      0x00000000     0x3bcd
 .debug_str     0x00000000      0x9b5 build/main.o
                                0xa57 (size before relaxing)
 .debug_str     0x000009b5      0x233 build/mysetp.o
                                0x464 (size before relaxing)
 .debug_str     0x00000be8      0x106 build/stm32f4xx_it.o
                                0x7be (size before relaxing)
 .debug_str     0x00000cee      0x428 build/stm32f4xx_hal_msp.o
                                0xc65 (size before relaxing)
 .debug_str     0x00001116      0x23f build/stm32f4xx_hal_rcc.o
                                0x734 (size before relaxing)
 .debug_str     0x00001355      0x125 build/stm32f4xx_hal_gpio.o
                                0x51f (size before relaxing)
 .debug_str     0x0000147a      0x316 build/stm32f4xx_hal_dma.o
                                0x7a3 (size before relaxing)
 .debug_str     0x00001790      0x4cb build/stm32f4xx_hal_cortex.o
                                0xae5 (size before relaxing)
 .debug_str     0x00001c5b      0x295 build/stm32f4xx_hal.o
                                0xa37 (size before relaxing)
 .debug_str     0x00001ef0       0x47 build/system_stm32f4xx.o
                                0x3b4 (size before relaxing)
 .debug_str     0x00001f37      0x77d build/u8g_font.o
                                0xb94 (size before relaxing)
 .debug_str     0x000026b4       0x2d build/u8g_line.o
                                0x417 (size before relaxing)
 .debug_str     0x000026e1      0x267 build/u8g_ll_api.o
                                0x6ce (size before relaxing)
 .debug_str     0x00002948       0x72 build/u8g_page.o
                                0x228 (size before relaxing)
 .debug_str     0x000029ba       0xd4 build/u8g_pb.o
                                0x507 (size before relaxing)
 .debug_str     0x00002a8e       0x9a build/u8g_pb8v1.o
                                0x522 (size before relaxing)
 .debug_str     0x00002b28       0x55 build/u8g_state.o
                                0x428 (size before relaxing)
 .debug_str     0x00002b7d       0xcc build/u8g_com_api.o
                                0x4bf (size before relaxing)
 .debug_str     0x00002c49       0x8b build/u8g_com_stm32_hw_i2c_hal.o
                                0x98f (size before relaxing)
 .debug_str     0x00002cd4       0x26 build/u8g_com_null.o
                                0x409 (size before relaxing)
 .debug_str     0x00002cfa      0x690 build/u8g_dev_ssd1306_128x64.o
                                0xb5d (size before relaxing)
 .debug_str     0x0000338a      0x843 build/stm32f4xx_hal_i2c.o
                               0x1062 (size before relaxing)

.comment        0x00000000       0x6e
 .comment       0x00000000       0x6e build/main.o
                                 0x6f (size before relaxing)
 .comment       0x0000006e       0x6f build/mysetp.o
 .comment       0x0000006e       0x6f build/stm32f4xx_it.o
 .comment       0x0000006e       0x6f build/stm32f4xx_hal_msp.o
 .comment       0x0000006e       0x6f build/stm32f4xx_hal_rcc.o
 .comment       0x0000006e       0x6f build/stm32f4xx_hal_gpio.o
 .comment       0x0000006e       0x6f build/stm32f4xx_hal_dma.o
 .comment       0x0000006e       0x6f build/stm32f4xx_hal_cortex.o
 .comment       0x0000006e       0x6f build/stm32f4xx_hal.o
 .comment       0x0000006e       0x6f build/system_stm32f4xx.o
 .comment       0x0000006e       0x6f build/u8g_font.o
 .comment       0x0000006e       0x6f build/u8g_line.o
 .comment       0x0000006e       0x6f build/u8g_ll_api.o
 .comment       0x0000006e       0x6f build/u8g_page.o
 .comment       0x0000006e       0x6f build/u8g_pb.o
 .comment       0x0000006e       0x6f build/u8g_pb8v1.o
 .comment       0x0000006e       0x6f build/u8g_state.o
 .comment       0x0000006e       0x6f build/u8g_com_api.o
 .comment       0x0000006e       0x6f build/u8g_com_stm32_hw_i2c_hal.o
 .comment       0x0000006e       0x6f build/u8g_com_null.o
 .comment       0x0000006e       0x6f build/u8g_dev_ssd1306_128x64.o
 .comment       0x0000006e       0x6f build/stm32f4xx_hal_i2c.o

.debug_frame    0x00000000     0x27a0
 .debug_frame   0x00000000       0x9c build/main.o
 .debug_frame   0x0000009c       0x2c build/mysetp.o
 .debug_frame   0x000000c8       0xe4 build/stm32f4xx_it.o
 .debug_frame   0x000001ac       0x6c build/stm32f4xx_hal_msp.o
 .debug_frame   0x00000218      0x19c build/stm32f4xx_hal_rcc.o
 .debug_frame   0x000003b4       0xd4 build/stm32f4xx_hal_gpio.o
 .debug_frame   0x00000488      0x1b4 build/stm32f4xx_hal_dma.o
 .debug_frame   0x0000063c      0x164 build/stm32f4xx_hal_cortex.o
 .debug_frame   0x000007a0      0x200 build/stm32f4xx_hal.o
 .debug_frame   0x000009a0       0x30 build/system_stm32f4xx.o
 .debug_frame   0x000009d0      0xa00 build/u8g_font.o
 .debug_frame   0x000013d0       0x48 build/u8g_line.o
 .debug_frame   0x00001418      0x3fc build/u8g_ll_api.o
 .debug_frame   0x00001814       0x58 build/u8g_page.o
 .debug_frame   0x0000186c       0xb4 build/u8g_pb.o
 .debug_frame   0x00001920       0xd0 build/u8g_pb8v1.o
 .debug_frame   0x000019f0       0x4c build/u8g_state.o
 .debug_frame   0x00001a3c      0x134 build/u8g_com_api.o
 .debug_frame   0x00001b70       0x6c build/u8g_com_stm32_hw_i2c_hal.o
 .debug_frame   0x00001bdc       0x20 build/u8g_com_null.o
 .debug_frame   0x00001bfc       0xe0 build/u8g_dev_ssd1306_128x64.o
 .debug_frame   0x00001cdc      0xa18 build/stm32f4xx_hal_i2c.o
 .debug_frame   0x000026f4       0x2c c:/program files (x86)/gnu tools arm embedded/5.4 2016q3/bin/../lib/gcc/arm-none-eabi/5.4.1/../../../../arm-none-eabi/lib/armv7e-m/fpu\libc_nano.a(lib_a-init.o)
 .debug_frame   0x00002720       0x20 c:/program files (x86)/gnu tools arm embedded/5.4 2016q3/bin/../lib/gcc/arm-none-eabi/5.4.1/../../../../arm-none-eabi/lib/armv7e-m/fpu\libc_nano.a(lib_a-memset.o)
 .debug_frame   0x00002740       0x2c c:/program files (x86)/gnu tools arm embedded/5.4 2016q3/bin/../lib/gcc/arm-none-eabi/5.4.1/armv7e-m/fpu\libgcc.a(_aeabi_uldivmod.o)
 .debug_frame   0x0000276c       0x34 c:/program files (x86)/gnu tools arm embedded/5.4 2016q3/bin/../lib/gcc/arm-none-eabi/5.4.1/armv7e-m/fpu\libgcc.a(_udivmoddi4.o)

Cross Reference Table

Symbol                                            File
ADC_IRQHandler                                    build/startup_stm32f401xc.o
AHBPrescTable                                     build/system_stm32f4xx.o
                                                  build/stm32f4xx_hal_rcc.o
APBPrescTable                                     build/system_stm32f4xx.o
                                                  build/stm32f4xx_hal_rcc.o
BusFault_Handler                                  build/stm32f4xx_it.o
DMA1_Stream0_IRQHandler                           build/startup_stm32f401xc.o
DMA1_Stream1_IRQHandler                           build/startup_stm32f401xc.o
DMA1_Stream2_IRQHandler                           build/startup_stm32f401xc.o
DMA1_Stream3_IRQHandler                           build/startup_stm32f401xc.o
DMA1_Stream4_IRQHandler                           build/startup_stm32f401xc.o
DMA1_Stream5_IRQHandler                           build/startup_stm32f401xc.o
DMA1_Stream6_IRQHandler                           build/startup_stm32f401xc.o
DMA1_Stream7_IRQHandler                           build/startup_stm32f401xc.o
DMA2_Stream0_IRQHandler                           build/startup_stm32f401xc.o
DMA2_Stream1_IRQHandler                           build/startup_stm32f401xc.o
DMA2_Stream2_IRQHandler                           build/startup_stm32f401xc.o
DMA2_Stream3_IRQHandler                           build/startup_stm32f401xc.o
DMA2_Stream4_IRQHandler                           build/startup_stm32f401xc.o
DMA2_Stream5_IRQHandler                           build/startup_stm32f401xc.o
DMA2_Stream6_IRQHandler                           build/startup_stm32f401xc.o
DMA2_Stream7_IRQHandler                           build/startup_stm32f401xc.o
DebugMon_Handler                                  build/stm32f4xx_it.o
Default_Handler                                   build/startup_stm32f401xc.o
EXTI0_IRQHandler                                  build/startup_stm32f401xc.o
EXTI15_10_IRQHandler                              build/startup_stm32f401xc.o
EXTI1_IRQHandler                                  build/startup_stm32f401xc.o
EXTI2_IRQHandler                                  build/startup_stm32f401xc.o
EXTI3_IRQHandler                                  build/startup_stm32f401xc.o
EXTI4_IRQHandler                                  build/startup_stm32f401xc.o
EXTI9_5_IRQHandler                                build/startup_stm32f401xc.o
Error_Handler                                     build/main.o
FLASH_Erase_Sector                                build/stm32f4xx_hal_flash_ex.o
                                                  build/stm32f4xx_hal_flash.o
FLASH_FlushCaches                                 build/stm32f4xx_hal_flash_ex.o
                                                  build/stm32f4xx_hal_flash.o
FLASH_IRQHandler                                  build/startup_stm32f401xc.o
FLASH_WaitForLastOperation                        build/stm32f4xx_hal_flash.o
                                                  build/stm32f4xx_hal_flash_ex.o
FPU_IRQHandler                                    build/startup_stm32f401xc.o
HAL_DBGMCU_DisableDBGSleepMode                    build/stm32f4xx_hal.o
HAL_DBGMCU_DisableDBGStandbyMode                  build/stm32f4xx_hal.o
HAL_DBGMCU_DisableDBGStopMode                     build/stm32f4xx_hal.o
HAL_DBGMCU_EnableDBGSleepMode                     build/stm32f4xx_hal.o
HAL_DBGMCU_EnableDBGStandbyMode                   build/stm32f4xx_hal.o
HAL_DBGMCU_EnableDBGStopMode                      build/stm32f4xx_hal.o
HAL_DMAEx_ChangeMemory                            build/stm32f4xx_hal_dma_ex.o
HAL_DMAEx_MultiBufferStart                        build/stm32f4xx_hal_dma_ex.o
HAL_DMAEx_MultiBufferStart_IT                     build/stm32f4xx_hal_dma_ex.o
HAL_DMA_Abort                                     build/stm32f4xx_hal_dma.o
HAL_DMA_Abort_IT                                  build/stm32f4xx_hal_dma.o
                                                  build/stm32f4xx_hal_i2c.o
HAL_DMA_DeInit                                    build/stm32f4xx_hal_dma.o
HAL_DMA_GetError                                  build/stm32f4xx_hal_dma.o
                                                  build/stm32f4xx_hal_i2c.o
HAL_DMA_GetState                                  build/stm32f4xx_hal_dma.o
                                                  build/stm32f4xx_hal_i2c.o
HAL_DMA_IRQHandler                                build/stm32f4xx_hal_dma.o
HAL_DMA_Init                                      build/stm32f4xx_hal_dma.o
HAL_DMA_PollForTransfer                           build/stm32f4xx_hal_dma.o
HAL_DMA_RegisterCallback                          build/stm32f4xx_hal_dma.o
HAL_DMA_Start                                     build/stm32f4xx_hal_dma.o
HAL_DMA_Start_IT                                  build/stm32f4xx_hal_dma.o
                                                  build/stm32f4xx_hal_i2c.o
HAL_DMA_UnRegisterCallback                        build/stm32f4xx_hal_dma.o
HAL_DeInit                                        build/stm32f4xx_hal.o
HAL_Delay                                         build/stm32f4xx_hal.o
                                                  build/u8g_com_stm32_hw_i2c_hal.o
                                                  build/mysetp.o
HAL_DisableCompensationCell                       build/stm32f4xx_hal.o
HAL_EXTI_ClearConfigLine                          build/stm32f4xx_hal_exti.o
HAL_EXTI_ClearPending                             build/stm32f4xx_hal_exti.o
HAL_EXTI_GenerateSWI                              build/stm32f4xx_hal_exti.o
HAL_EXTI_GetConfigLine                            build/stm32f4xx_hal_exti.o
HAL_EXTI_GetHandle                                build/stm32f4xx_hal_exti.o
HAL_EXTI_GetPending                               build/stm32f4xx_hal_exti.o
HAL_EXTI_IRQHandler                               build/stm32f4xx_hal_exti.o
HAL_EXTI_RegisterCallback                         build/stm32f4xx_hal_exti.o
HAL_EXTI_SetConfigLine                            build/stm32f4xx_hal_exti.o
HAL_EnableCompensationCell                        build/stm32f4xx_hal.o
HAL_FLASHEx_AdvOBGetConfig                        build/stm32f4xx_hal_flash_ex.o
HAL_FLASHEx_AdvOBProgram                          build/stm32f4xx_hal_flash_ex.o
HAL_FLASHEx_Erase                                 build/stm32f4xx_hal_flash_ex.o
HAL_FLASHEx_Erase_IT                              build/stm32f4xx_hal_flash_ex.o
HAL_FLASHEx_OBGetConfig                           build/stm32f4xx_hal_flash_ex.o
HAL_FLASHEx_OBProgram                             build/stm32f4xx_hal_flash_ex.o
HAL_FLASHEx_OB_DeSelectPCROP                      build/stm32f4xx_hal_flash_ex.o
HAL_FLASHEx_OB_SelectPCROP                        build/stm32f4xx_hal_flash_ex.o
HAL_FLASH_EndOfOperationCallback                  build/stm32f4xx_hal_flash.o
HAL_FLASH_GetError                                build/stm32f4xx_hal_flash.o
HAL_FLASH_IRQHandler                              build/stm32f4xx_hal_flash.o
HAL_FLASH_Lock                                    build/stm32f4xx_hal_flash.o
HAL_FLASH_OB_Launch                               build/stm32f4xx_hal_flash.o
HAL_FLASH_OB_Lock                                 build/stm32f4xx_hal_flash.o
HAL_FLASH_OB_Unlock                               build/stm32f4xx_hal_flash.o
HAL_FLASH_OperationErrorCallback                  build/stm32f4xx_hal_flash.o
HAL_FLASH_Program                                 build/stm32f4xx_hal_flash.o
HAL_FLASH_Program_IT                              build/stm32f4xx_hal_flash.o
HAL_FLASH_Unlock                                  build/stm32f4xx_hal_flash.o
HAL_GPIO_DeInit                                   build/stm32f4xx_hal_gpio.o
                                                  build/stm32f4xx_hal_msp.o
HAL_GPIO_EXTI_Callback                            build/stm32f4xx_hal_gpio.o
HAL_GPIO_EXTI_IRQHandler                          build/stm32f4xx_hal_gpio.o
HAL_GPIO_Init                                     build/stm32f4xx_hal_gpio.o
                                                  build/stm32f4xx_hal_rcc.o
                                                  build/stm32f4xx_hal_msp.o
                                                  build/main.o
HAL_GPIO_LockPin                                  build/stm32f4xx_hal_gpio.o
HAL_GPIO_ReadPin                                  build/stm32f4xx_hal_gpio.o
HAL_GPIO_TogglePin                                build/stm32f4xx_hal_gpio.o
HAL_GPIO_WritePin                                 build/stm32f4xx_hal_gpio.o
                                                  build/main.o
HAL_GetDEVID                                      build/stm32f4xx_hal.o
HAL_GetHalVersion                                 build/stm32f4xx_hal.o
HAL_GetREVID                                      build/stm32f4xx_hal.o
HAL_GetTick                                       build/stm32f4xx_hal.o
                                                  build/stm32f4xx_hal_i2c.o
                                                  build/stm32f4xx_hal_pwr_ex.o
                                                  build/stm32f4xx_hal_dma.o
                                                  build/stm32f4xx_hal_flash.o
                                                  build/stm32f4xx_hal_rcc_ex.o
                                                  build/stm32f4xx_hal_rcc.o
HAL_GetTickFreq                                   build/stm32f4xx_hal.o
HAL_GetTickPrio                                   build/stm32f4xx_hal.o
HAL_GetUIDw0                                      build/stm32f4xx_hal.o
HAL_GetUIDw1                                      build/stm32f4xx_hal.o
HAL_GetUIDw2                                      build/stm32f4xx_hal.o
HAL_I2CEx_ConfigAnalogFilter                      build/stm32f4xx_hal_i2c_ex.o
HAL_I2CEx_ConfigDigitalFilter                     build/stm32f4xx_hal_i2c_ex.o
HAL_I2C_AbortCpltCallback                         build/stm32f4xx_hal_i2c.o
HAL_I2C_AddrCallback                              build/stm32f4xx_hal_i2c.o
HAL_I2C_DeInit                                    build/stm32f4xx_hal_i2c.o
HAL_I2C_DisableListen_IT                          build/stm32f4xx_hal_i2c.o
HAL_I2C_ER_IRQHandler                             build/stm32f4xx_hal_i2c.o
                                                  build/stm32f4xx_it.o
HAL_I2C_EV_IRQHandler                             build/stm32f4xx_hal_i2c.o
                                                  build/stm32f4xx_it.o
HAL_I2C_EnableListen_IT                           build/stm32f4xx_hal_i2c.o
HAL_I2C_ErrorCallback                             build/stm32f4xx_hal_i2c.o
HAL_I2C_GetError                                  build/stm32f4xx_hal_i2c.o
HAL_I2C_GetMode                                   build/stm32f4xx_hal_i2c.o
HAL_I2C_GetState                                  build/stm32f4xx_hal_i2c.o
HAL_I2C_Init                                      build/stm32f4xx_hal_i2c.o
                                                  build/main.o
HAL_I2C_IsDeviceReady                             build/stm32f4xx_hal_i2c.o
HAL_I2C_ListenCpltCallback                        build/stm32f4xx_hal_i2c.o
HAL_I2C_MasterRxCpltCallback                      build/stm32f4xx_hal_i2c.o
HAL_I2C_MasterTxCpltCallback                      build/stm32f4xx_hal_i2c.o
HAL_I2C_Master_Abort_IT                           build/stm32f4xx_hal_i2c.o
HAL_I2C_Master_Receive                            build/stm32f4xx_hal_i2c.o
HAL_I2C_Master_Receive_DMA                        build/stm32f4xx_hal_i2c.o
HAL_I2C_Master_Receive_IT                         build/stm32f4xx_hal_i2c.o
HAL_I2C_Master_Seq_Receive_DMA                    build/stm32f4xx_hal_i2c.o
HAL_I2C_Master_Seq_Receive_IT                     build/stm32f4xx_hal_i2c.o
HAL_I2C_Master_Seq_Transmit_DMA                   build/stm32f4xx_hal_i2c.o
HAL_I2C_Master_Seq_Transmit_IT                    build/stm32f4xx_hal_i2c.o
HAL_I2C_Master_Transmit                           build/stm32f4xx_hal_i2c.o
                                                  build/u8g_com_stm32_hw_i2c_hal.o
HAL_I2C_Master_Transmit_DMA                       build/stm32f4xx_hal_i2c.o
HAL_I2C_Master_Transmit_IT                        build/stm32f4xx_hal_i2c.o
HAL_I2C_MemRxCpltCallback                         build/stm32f4xx_hal_i2c.o
HAL_I2C_MemTxCpltCallback                         build/stm32f4xx_hal_i2c.o
HAL_I2C_Mem_Read                                  build/stm32f4xx_hal_i2c.o
HAL_I2C_Mem_Read_DMA                              build/stm32f4xx_hal_i2c.o
HAL_I2C_Mem_Read_IT                               build/stm32f4xx_hal_i2c.o
HAL_I2C_Mem_Write                                 build/stm32f4xx_hal_i2c.o
HAL_I2C_Mem_Write_DMA                             build/stm32f4xx_hal_i2c.o
HAL_I2C_Mem_Write_IT                              build/stm32f4xx_hal_i2c.o
HAL_I2C_MspDeInit                                 build/stm32f4xx_hal_msp.o
HAL_I2C_MspInit                                   build/stm32f4xx_hal_msp.o
HAL_I2C_SlaveRxCpltCallback                       build/stm32f4xx_hal_i2c.o
HAL_I2C_SlaveTxCpltCallback                       build/stm32f4xx_hal_i2c.o
HAL_I2C_Slave_Receive                             build/stm32f4xx_hal_i2c.o
HAL_I2C_Slave_Receive_DMA                         build/stm32f4xx_hal_i2c.o
HAL_I2C_Slave_Receive_IT                          build/stm32f4xx_hal_i2c.o
HAL_I2C_Slave_Seq_Receive_DMA                     build/stm32f4xx_hal_i2c.o
HAL_I2C_Slave_Seq_Receive_IT                      build/stm32f4xx_hal_i2c.o
HAL_I2C_Slave_Seq_Transmit_DMA                    build/stm32f4xx_hal_i2c.o
HAL_I2C_Slave_Seq_Transmit_IT                     build/stm32f4xx_hal_i2c.o
HAL_I2C_Slave_Transmit                            build/stm32f4xx_hal_i2c.o
HAL_I2C_Slave_Transmit_DMA                        build/stm32f4xx_hal_i2c.o
HAL_I2C_Slave_Transmit_IT                         build/stm32f4xx_hal_i2c.o
HAL_IncTick                                       build/stm32f4xx_hal.o
                                                  build/stm32f4xx_it.o
HAL_Init                                          build/stm32f4xx_hal.o
                                                  build/main.o
HAL_InitTick                                      build/stm32f4xx_hal.o
                                                  build/stm32f4xx_hal_rcc_ex.o
                                                  build/stm32f4xx_hal_rcc.o
HAL_MPU_ConfigRegion                              build/stm32f4xx_hal_cortex.o
HAL_MPU_Disable                                   build/stm32f4xx_hal_cortex.o
HAL_MPU_Enable                                    build/stm32f4xx_hal_cortex.o
HAL_MspDeInit                                     build/stm32f4xx_hal.o
HAL_MspInit                                       build/stm32f4xx_hal_msp.o
HAL_NVIC_ClearPendingIRQ                          build/stm32f4xx_hal_cortex.o
HAL_NVIC_DisableIRQ                               build/stm32f4xx_hal_cortex.o
                                                  build/stm32f4xx_hal_msp.o
HAL_NVIC_EnableIRQ                                build/stm32f4xx_hal_cortex.o
                                                  build/stm32f4xx_hal_msp.o
HAL_NVIC_GetActive                                build/stm32f4xx_hal_cortex.o
HAL_NVIC_GetPendingIRQ                            build/stm32f4xx_hal_cortex.o
HAL_NVIC_GetPriority                              build/stm32f4xx_hal_cortex.o
HAL_NVIC_GetPriorityGrouping                      build/stm32f4xx_hal_cortex.o
HAL_NVIC_SetPendingIRQ                            build/stm32f4xx_hal_cortex.o
HAL_NVIC_SetPriority                              build/stm32f4xx_hal_cortex.o
                                                  build/stm32f4xx_hal.o
                                                  build/stm32f4xx_hal_msp.o
HAL_NVIC_SetPriorityGrouping                      build/stm32f4xx_hal_cortex.o
                                                  build/stm32f4xx_hal.o
HAL_NVIC_SystemReset                              build/stm32f4xx_hal_cortex.o
HAL_PWREx_ControlVoltageScaling                   build/stm32f4xx_hal_pwr_ex.o
HAL_PWREx_DisableBkUpReg                          build/stm32f4xx_hal_pwr_ex.o
HAL_PWREx_DisableFlashPowerDown                   build/stm32f4xx_hal_pwr_ex.o
HAL_PWREx_DisableLowRegulatorLowVoltage           build/stm32f4xx_hal_pwr_ex.o
HAL_PWREx_DisableMainRegulatorLowVoltage          build/stm32f4xx_hal_pwr_ex.o
HAL_PWREx_EnableBkUpReg                           build/stm32f4xx_hal_pwr_ex.o
HAL_PWREx_EnableFlashPowerDown                    build/stm32f4xx_hal_pwr_ex.o
HAL_PWREx_EnableLowRegulatorLowVoltage            build/stm32f4xx_hal_pwr_ex.o
HAL_PWREx_EnableMainRegulatorLowVoltage           build/stm32f4xx_hal_pwr_ex.o
HAL_PWREx_GetVoltageRange                         build/stm32f4xx_hal_pwr_ex.o
HAL_PWR_ConfigPVD                                 build/stm32f4xx_hal_pwr.o
HAL_PWR_DeInit                                    build/stm32f4xx_hal_pwr.o
HAL_PWR_DisableBkUpAccess                         build/stm32f4xx_hal_pwr.o
HAL_PWR_DisablePVD                                build/stm32f4xx_hal_pwr.o
HAL_PWR_DisableSEVOnPend                          build/stm32f4xx_hal_pwr.o
HAL_PWR_DisableSleepOnExit                        build/stm32f4xx_hal_pwr.o
HAL_PWR_DisableWakeUpPin                          build/stm32f4xx_hal_pwr.o
HAL_PWR_EnableBkUpAccess                          build/stm32f4xx_hal_pwr.o
HAL_PWR_EnablePVD                                 build/stm32f4xx_hal_pwr.o
HAL_PWR_EnableSEVOnPend                           build/stm32f4xx_hal_pwr.o
HAL_PWR_EnableSleepOnExit                         build/stm32f4xx_hal_pwr.o
HAL_PWR_EnableWakeUpPin                           build/stm32f4xx_hal_pwr.o
HAL_PWR_EnterSLEEPMode                            build/stm32f4xx_hal_pwr.o
HAL_PWR_EnterSTANDBYMode                          build/stm32f4xx_hal_pwr.o
HAL_PWR_EnterSTOPMode                             build/stm32f4xx_hal_pwr.o
HAL_PWR_PVDCallback                               build/stm32f4xx_hal_pwr.o
HAL_PWR_PVD_IRQHandler                            build/stm32f4xx_hal_pwr.o
HAL_RCCEx_DisablePLLI2S                           build/stm32f4xx_hal_rcc_ex.o
HAL_RCCEx_EnablePLLI2S                            build/stm32f4xx_hal_rcc_ex.o
HAL_RCCEx_GetPeriphCLKConfig                      build/stm32f4xx_hal_rcc_ex.o
HAL_RCCEx_GetPeriphCLKFreq                        build/stm32f4xx_hal_rcc_ex.o
HAL_RCCEx_PeriphCLKConfig                         build/stm32f4xx_hal_rcc_ex.o
HAL_RCC_CSSCallback                               build/stm32f4xx_hal_rcc.o
HAL_RCC_ClockConfig                               build/stm32f4xx_hal_rcc.o
                                                  build/main.o
HAL_RCC_DeInit                                    build/stm32f4xx_hal_rcc_ex.o
                                                  build/stm32f4xx_hal_rcc.o
HAL_RCC_DisableCSS                                build/stm32f4xx_hal_rcc.o
HAL_RCC_EnableCSS                                 build/stm32f4xx_hal_rcc.o
HAL_RCC_GetClockConfig                            build/stm32f4xx_hal_rcc.o
HAL_RCC_GetHCLKFreq                               build/stm32f4xx_hal_rcc.o
HAL_RCC_GetOscConfig                              build/stm32f4xx_hal_rcc.o
HAL_RCC_GetPCLK1Freq                              build/stm32f4xx_hal_rcc.o
                                                  build/stm32f4xx_hal_i2c.o
HAL_RCC_GetPCLK2Freq                              build/stm32f4xx_hal_rcc.o
HAL_RCC_GetSysClockFreq                           build/stm32f4xx_hal_rcc.o
HAL_RCC_MCOConfig                                 build/stm32f4xx_hal_rcc.o
HAL_RCC_NMI_IRQHandler                            build/stm32f4xx_hal_rcc.o
HAL_RCC_OscConfig                                 build/stm32f4xx_hal_rcc.o
                                                  build/main.o
HAL_ResumeTick                                    build/stm32f4xx_hal.o
HAL_SYSTICK_CLKSourceConfig                       build/stm32f4xx_hal_cortex.o
HAL_SYSTICK_Callback                              build/stm32f4xx_hal_cortex.o
HAL_SYSTICK_Config                                build/stm32f4xx_hal_cortex.o
                                                  build/stm32f4xx_hal.o
HAL_SYSTICK_IRQHandler                            build/stm32f4xx_hal_cortex.o
HAL_SetTickFreq                                   build/stm32f4xx_hal.o
HAL_SuspendTick                                   build/stm32f4xx_hal.o
HardFault_Handler                                 build/stm32f4xx_it.o
I2C1_ER_IRQHandler                                build/stm32f4xx_it.o
I2C1_EV_IRQHandler                                build/stm32f4xx_it.o
I2C2_ER_IRQHandler                                build/startup_stm32f401xc.o
I2C2_EV_IRQHandler                                build/startup_stm32f401xc.o
I2C3_ER_IRQHandler                                build/startup_stm32f401xc.o
I2C3_EV_IRQHandler                                build/startup_stm32f401xc.o
MemManage_Handler                                 build/stm32f4xx_it.o
NMI_Handler                                       build/stm32f4xx_it.o
OTG_FS_IRQHandler                                 build/startup_stm32f401xc.o
OTG_FS_WKUP_IRQHandler                            build/startup_stm32f401xc.o
PVD_IRQHandler                                    build/startup_stm32f401xc.o
PendSV_Handler                                    build/stm32f4xx_it.o
RCC_IRQHandler                                    build/startup_stm32f401xc.o
RTC_Alarm_IRQHandler                              build/startup_stm32f401xc.o
RTC_WKUP_IRQHandler                               build/startup_stm32f401xc.o
Reset_Handler                                     build/startup_stm32f401xc.o
SDIO_IRQHandler                                   build/startup_stm32f401xc.o
SPI1_IRQHandler                                   build/startup_stm32f401xc.o
SPI2_IRQHandler                                   build/startup_stm32f401xc.o
SPI3_IRQHandler                                   build/startup_stm32f401xc.o
SPI4_IRQHandler                                   build/startup_stm32f401xc.o
SVC_Handler                                       build/stm32f4xx_it.o
SysTick_Handler                                   build/stm32f4xx_it.o
SystemClock_Config                                build/main.o
SystemCoreClock                                   build/system_stm32f4xx.o
                                                  build/stm32f4xx_hal_i2c.o
                                                  build/stm32f4xx_hal.o
                                                  build/stm32f4xx_hal_dma.o
                                                  build/stm32f4xx_hal_rcc_ex.o
                                                  build/stm32f4xx_hal_rcc.o
SystemCoreClockUpdate                             build/system_stm32f4xx.o
SystemInit                                        build/system_stm32f4xx.o
                                                  build/startup_stm32f401xc.o
TAMP_STAMP_IRQHandler                             build/startup_stm32f401xc.o
TIM1_BRK_TIM9_IRQHandler                          build/startup_stm32f401xc.o
TIM1_CC_IRQHandler                                build/startup_stm32f401xc.o
TIM1_TRG_COM_TIM11_IRQHandler                     build/startup_stm32f401xc.o
TIM1_UP_TIM10_IRQHandler                          build/startup_stm32f401xc.o
TIM2_IRQHandler                                   build/startup_stm32f401xc.o
TIM3_IRQHandler                                   build/startup_stm32f401xc.o
TIM4_IRQHandler                                   build/startup_stm32f401xc.o
TIM5_IRQHandler                                   build/startup_stm32f401xc.o
USART1_IRQHandler                                 build/startup_stm32f401xc.o
USART2_IRQHandler                                 build/startup_stm32f401xc.o
USART6_IRQHandler                                 build/startup_stm32f401xc.o
UsageFault_Handler                                build/stm32f4xx_it.o
WWDG_IRQHandler                                   build/startup_stm32f401xc.o
_Jv_RegisterClasses                               c:/program files (x86)/gnu tools arm embedded/5.4 2016q3/bin/../lib/gcc/arm-none-eabi/5.4.1/armv7e-m/fpu/crtbegin.o
__aeabi_idiv0                                     c:/program files (x86)/gnu tools arm embedded/5.4 2016q3/bin/../lib/gcc/arm-none-eabi/5.4.1/armv7e-m/fpu\libgcc.a(_dvmd_tls.o)
__aeabi_ldiv0                                     c:/program files (x86)/gnu tools arm embedded/5.4 2016q3/bin/../lib/gcc/arm-none-eabi/5.4.1/armv7e-m/fpu\libgcc.a(_dvmd_tls.o)
                                                  c:/program files (x86)/gnu tools arm embedded/5.4 2016q3/bin/../lib/gcc/arm-none-eabi/5.4.1/armv7e-m/fpu\libgcc.a(_aeabi_uldivmod.o)
__aeabi_uldivmod                                  c:/program files (x86)/gnu tools arm embedded/5.4 2016q3/bin/../lib/gcc/arm-none-eabi/5.4.1/armv7e-m/fpu\libgcc.a(_aeabi_uldivmod.o)
                                                  build/stm32f4xx_hal_rcc.o
__bss_end__                                       c:/program files (x86)/gnu tools arm embedded/5.4 2016q3/bin/../lib/gcc/arm-none-eabi/5.4.1/../../../../arm-none-eabi/lib/armv7e-m/fpu/crt0.o
__bss_start__                                     c:/program files (x86)/gnu tools arm embedded/5.4 2016q3/bin/../lib/gcc/arm-none-eabi/5.4.1/../../../../arm-none-eabi/lib/armv7e-m/fpu/crt0.o
__call_exitprocs                                  c:/program files (x86)/gnu tools arm embedded/5.4 2016q3/bin/../lib/gcc/arm-none-eabi/5.4.1/../../../../arm-none-eabi/lib/armv7e-m/fpu\libc_nano.a(lib_a-exit.o)
__deregister_frame_info                           c:/program files (x86)/gnu tools arm embedded/5.4 2016q3/bin/../lib/gcc/arm-none-eabi/5.4.1/armv7e-m/fpu/crtbegin.o
__dso_handle                                      c:/program files (x86)/gnu tools arm embedded/5.4 2016q3/bin/../lib/gcc/arm-none-eabi/5.4.1/armv7e-m/fpu/crtbegin.o
__init_array_end                                  c:/program files (x86)/gnu tools arm embedded/5.4 2016q3/bin/../lib/gcc/arm-none-eabi/5.4.1/../../../../arm-none-eabi/lib/armv7e-m/fpu\libc_nano.a(lib_a-init.o)
__init_array_start                                c:/program files (x86)/gnu tools arm embedded/5.4 2016q3/bin/../lib/gcc/arm-none-eabi/5.4.1/../../../../arm-none-eabi/lib/armv7e-m/fpu\libc_nano.a(lib_a-init.o)
__libc_fini_array                                 c:/program files (x86)/gnu tools arm embedded/5.4 2016q3/bin/../lib/gcc/arm-none-eabi/5.4.1/../../../../arm-none-eabi/lib/armv7e-m/fpu/crt0.o
__libc_init_array                                 c:/program files (x86)/gnu tools arm embedded/5.4 2016q3/bin/../lib/gcc/arm-none-eabi/5.4.1/../../../../arm-none-eabi/lib/armv7e-m/fpu\libc_nano.a(lib_a-init.o)
                                                  build/startup_stm32f401xc.o
                                                  c:/program files (x86)/gnu tools arm embedded/5.4 2016q3/bin/../lib/gcc/arm-none-eabi/5.4.1/../../../../arm-none-eabi/lib/armv7e-m/fpu/crt0.o
__preinit_array_end                               c:/program files (x86)/gnu tools arm embedded/5.4 2016q3/bin/../lib/gcc/arm-none-eabi/5.4.1/../../../../arm-none-eabi/lib/armv7e-m/fpu\libc_nano.a(lib_a-init.o)
__preinit_array_start                             c:/program files (x86)/gnu tools arm embedded/5.4 2016q3/bin/../lib/gcc/arm-none-eabi/5.4.1/../../../../arm-none-eabi/lib/armv7e-m/fpu\libc_nano.a(lib_a-init.o)
__register_frame_info                             c:/program files (x86)/gnu tools arm embedded/5.4 2016q3/bin/../lib/gcc/arm-none-eabi/5.4.1/armv7e-m/fpu/crtbegin.o
__sf_fake_stderr                                  c:/program files (x86)/gnu tools arm embedded/5.4 2016q3/bin/../lib/gcc/arm-none-eabi/5.4.1/../../../../arm-none-eabi/lib/armv7e-m/fpu\libc_nano.a(lib_a-impure.o)
__sf_fake_stdin                                   c:/program files (x86)/gnu tools arm embedded/5.4 2016q3/bin/../lib/gcc/arm-none-eabi/5.4.1/../../../../arm-none-eabi/lib/armv7e-m/fpu\libc_nano.a(lib_a-impure.o)
__sf_fake_stdout                                  c:/program files (x86)/gnu tools arm embedded/5.4 2016q3/bin/../lib/gcc/arm-none-eabi/5.4.1/../../../../arm-none-eabi/lib/armv7e-m/fpu\libc_nano.a(lib_a-impure.o)
__stack                                           c:/program files (x86)/gnu tools arm embedded/5.4 2016q3/bin/../lib/gcc/arm-none-eabi/5.4.1/../../../../arm-none-eabi/lib/armv7e-m/fpu/crt0.o
__udivmoddi4                                      c:/program files (x86)/gnu tools arm embedded/5.4 2016q3/bin/../lib/gcc/arm-none-eabi/5.4.1/armv7e-m/fpu\libgcc.a(_udivmoddi4.o)
                                                  c:/program files (x86)/gnu tools arm embedded/5.4 2016q3/bin/../lib/gcc/arm-none-eabi/5.4.1/armv7e-m/fpu\libgcc.a(_aeabi_uldivmod.o)
_ebss                                             build/startup_stm32f401xc.o
_edata                                            build/startup_stm32f401xc.o
_estack                                           build/startup_stm32f401xc.o
_exit                                             c:/program files (x86)/gnu tools arm embedded/5.4 2016q3/bin/../lib/gcc/arm-none-eabi/5.4.1/../../../../arm-none-eabi/lib/armv7e-m/fpu\libnosys.a(_exit.o)
                                                  c:/program files (x86)/gnu tools arm embedded/5.4 2016q3/bin/../lib/gcc/arm-none-eabi/5.4.1/../../../../arm-none-eabi/lib/armv7e-m/fpu\libc_nano.a(lib_a-exit.o)
_fini                                             c:/program files (x86)/gnu tools arm embedded/5.4 2016q3/bin/../lib/gcc/arm-none-eabi/5.4.1/armv7e-m/fpu/crti.o
_global_impure_ptr                                c:/program files (x86)/gnu tools arm embedded/5.4 2016q3/bin/../lib/gcc/arm-none-eabi/5.4.1/../../../../arm-none-eabi/lib/armv7e-m/fpu\libc_nano.a(lib_a-impure.o)
                                                  c:/program files (x86)/gnu tools arm embedded/5.4 2016q3/bin/../lib/gcc/arm-none-eabi/5.4.1/../../../../arm-none-eabi/lib/armv7e-m/fpu\libc_nano.a(lib_a-exit.o)
_impure_ptr                                       c:/program files (x86)/gnu tools arm embedded/5.4 2016q3/bin/../lib/gcc/arm-none-eabi/5.4.1/../../../../arm-none-eabi/lib/armv7e-m/fpu\libc_nano.a(lib_a-impure.o)
_init                                             c:/program files (x86)/gnu tools arm embedded/5.4 2016q3/bin/../lib/gcc/arm-none-eabi/5.4.1/armv7e-m/fpu/crti.o
                                                  c:/program files (x86)/gnu tools arm embedded/5.4 2016q3/bin/../lib/gcc/arm-none-eabi/5.4.1/../../../../arm-none-eabi/lib/armv7e-m/fpu\libc_nano.a(lib_a-init.o)
_mainCRTStartup                                   c:/program files (x86)/gnu tools arm embedded/5.4 2016q3/bin/../lib/gcc/arm-none-eabi/5.4.1/../../../../arm-none-eabi/lib/armv7e-m/fpu/crt0.o
_sbss                                             build/startup_stm32f401xc.o
_sdata                                            build/startup_stm32f401xc.o
_sidata                                           build/startup_stm32f401xc.o
_start                                            c:/program files (x86)/gnu tools arm embedded/5.4 2016q3/bin/../lib/gcc/arm-none-eabi/5.4.1/../../../../arm-none-eabi/lib/armv7e-m/fpu/crt0.o
atexit                                            c:/program files (x86)/gnu tools arm embedded/5.4 2016q3/bin/../lib/gcc/arm-none-eabi/5.4.1/../../../../arm-none-eabi/lib/armv7e-m/fpu/crt0.o
ce_CalculatePositionWeight                        build/chessengine.o
ce_Eval                                           build/chessengine.o
ce_FindPawnPiece                                  build/chessengine.o
ce_FindPieceByStep                                build/chessengine.o
ce_GetPositionAttackCount                         build/chessengine.o
ce_GetPositionAttackWeight                        build/chessengine.o
ce_LoopBishop                                     build/chessengine.o
ce_LoopDirsSingleMultiStep                        build/chessengine.o
ce_LoopKing                                       build/chessengine.o
ce_LoopKnight                                     build/chessengine.o
ce_LoopPawn                                       build/chessengine.o
ce_LoopPawnSideCapture                            build/chessengine.o
ce_LoopPieces                                     build/chessengine.o
ce_LoopQueen                                      build/chessengine.o
ce_LoopRecur                                      build/chessengine.o
ce_LoopRook                                       build/chessengine.o
ce_piece_weight                                   build/chessengine.o
ce_pos_weight                                     build/chessengine.o
chess_ClearMarks                                  build/chessengine.o
chess_ComputerMove                                build/chessengine.o
chess_Draw                                        build/chessengine.o
chess_DrawBoard                                   build/chessengine.o
chess_DrawFrame                                   build/chessengine.o
chess_GetNextMarked                               build/chessengine.o
chess_Init                                        build/chessengine.o
chess_ManualMove                                  build/chessengine.o
chess_MarkMovable                                 build/chessengine.o
chess_MarkTargetMoves                             build/chessengine.o
chess_SetupBoard                                  build/chessengine.o
chess_SetupBoardTest01                            build/chessengine.o
chess_Step                                        build/chessengine.o
chess_Thinking                                    build/chessengine.o
chess_black_pieces_bm                             build/chessengine.o
chess_boxoffset                                   build/chessengine.o
chess_boxsize                                     build/chessengine.o
chess_key_cmd                                     build/chessengine.o
chess_key_code                                    build/chessengine.o
chess_low_edge                                    build/chessengine.o
chess_piece_to_char                               build/chessengine.o
chess_pieces_body_bm                              build/chessengine.o
chess_source_pos                                  build/chessengine.o
chess_state                                       build/chessengine.o
chess_target_pos                                  build/chessengine.o
cp_GetFromBoard                                   build/chessengine.o
cp_SetOnBoard                                     build/chessengine.o
cu_ClearBoard                                     build/chessengine.o
cu_ClearMoveHistory                               build/chessengine.o
cu_GetHalfMoveStr                                 build/chessengine.o
cu_IsIllegalPosition                              build/chessengine.o
cu_IsKingCastling                                 build/chessengine.o
cu_Move                                           build/chessengine.o
cu_NextPos                                        build/chessengine.o
cu_PrevPos                                        build/chessengine.o
cu_PushHalfMove                                   build/chessengine.o
cu_ReduceHistoryByFullMove                        build/chessengine.o
cu_UndoHalfMove                                   build/chessengine.o
exit                                              c:/program files (x86)/gnu tools arm embedded/5.4 2016q3/bin/../lib/gcc/arm-none-eabi/5.4.1/../../../../arm-none-eabi/lib/armv7e-m/fpu\libc_nano.a(lib_a-exit.o)
                                                  c:/program files (x86)/gnu tools arm embedded/5.4 2016q3/bin/../lib/gcc/arm-none-eabi/5.4.1/../../../../arm-none-eabi/lib/armv7e-m/fpu/crt0.o
g_pfnVectors                                      build/startup_stm32f401xc.o
hardware_init_hook                                c:/program files (x86)/gnu tools arm embedded/5.4 2016q3/bin/../lib/gcc/arm-none-eabi/5.4.1/../../../../arm-none-eabi/lib/armv7e-m/fpu/crt0.o
hi2c1                                             build/main.o
                                                  build/u8g_com_stm32_hw_i2c_hal.o
                                                  build/stm32f4xx_it.o
lrc_obj                                           build/chessengine.o
lrc_u8g                                           build/chessengine.o
main                                              build/main.o
                                                  build/startup_stm32f401xc.o
                                                  c:/program files (x86)/gnu tools arm embedded/5.4 2016q3/bin/../lib/gcc/arm-none-eabi/5.4.1/../../../../arm-none-eabi/lib/armv7e-m/fpu/crt0.o
memset                                            c:/program files (x86)/gnu tools arm embedded/5.4 2016q3/bin/../lib/gcc/arm-none-eabi/5.4.1/../../../../arm-none-eabi/lib/armv7e-m/fpu\libc_nano.a(lib_a-memset.o)
                                                  build/main.o
                                                  c:/program files (x86)/gnu tools arm embedded/5.4 2016q3/bin/../lib/gcc/arm-none-eabi/5.4.1/../../../../arm-none-eabi/lib/armv7e-m/fpu/crt0.o
mnu_Draw                                          build/chessengine.o
mnu_DrawEntry                                     build/chessengine.o
mnu_DrawHome                                      build/chessengine.o
mnu_Step                                          build/chessengine.o
mnu_list                                          build/chessengine.o
mnu_max                                           build/chessengine.o
mnu_pos                                           build/chessengine.o
mnu_title                                         build/chessengine.o
pFlash                                            build/stm32f4xx_hal_flash.o
                                                  build/stm32f4xx_hal_flash_ex.o
pg_AddPolygonXY                                   build/u8g_polygon.o
pg_ClearPolygonXY                                 build/u8g_polygon.o
pg_DrawPolygon                                    build/u8g_polygon.o
setp                                              build/mysetp.o
                                                  build/main.o
software_init_hook                                c:/program files (x86)/gnu tools arm embedded/5.4 2016q3/bin/../lib/gcc/arm-none-eabi/5.4.1/../../../../arm-none-eabi/lib/armv7e-m/fpu/crt0.o
stack_GetCurrElement                              build/chessengine.o
stack_Init                                        build/chessengine.o
stack_InitCurrElement                             build/chessengine.o
stack_Pop                                         build/chessengine.o
stack_Push                                        build/chessengine.o
stack_SetMove                                     build/chessengine.o
u8g                                               build/mysetp.o
u8g_10MicroDelay                                  build/u8g_com_stm32_hw_i2c_hal.o
u8g_AddPolygonXY                                  build/u8g_polygon.o
u8g_AddToVirtualScreen                            build/u8g_virtual_screen.o
u8g_Begin                                         build/u8g_ll_api.o
u8g_ClearPolygonXY                                build/u8g_polygon.o
u8g_Delay                                         build/u8g_com_stm32_hw_i2c_hal.o
                                                  build/u8g_com_api.o
u8g_DisableCursor                                 build/u8g_cursor.o
u8g_Draw4TPixel                                   build/u8g_ll_api.o
                                                  build/u8g_font.o
u8g_Draw4TPixelLL                                 build/u8g_ll_api.o
u8g_Draw8ColorPixel                               build/u8g_ll_api.o
u8g_Draw8Pixel                                    build/u8g_ll_api.o
                                                  build/u8g_bitmap.o
                                                  build/u8g_rect.o
                                                  build/u8g_font.o
u8g_Draw8PixelLL                                  build/u8g_ll_api.o
u8g_DrawAAGlyph                                   build/u8g_font.o
u8g_DrawAAStr                                     build/u8g_font.o
u8g_DrawBitmap                                    build/u8g_bitmap.o
u8g_DrawBitmapP                                   build/u8g_bitmap.o
                                                  build/chessengine.o
u8g_DrawBox                                       build/u8g_rect.o
                                                  build/chessengine.o
u8g_DrawCircle                                    build/u8g_circle.o
u8g_DrawCursor                                    build/u8g_cursor.o
u8g_DrawDisc                                      build/u8g_circle.o
u8g_DrawEllipse                                   build/u8g_ellipse.o
u8g_DrawFilledEllipse                             build/u8g_ellipse.o
u8g_DrawFrame                                     build/u8g_rect.o
                                                  build/chessengine.o
u8g_DrawGlyph                                     build/u8g_font.o
u8g_DrawGlyph180                                  build/u8g_font.o
u8g_DrawGlyph270                                  build/u8g_font.o
u8g_DrawGlyph90                                   build/u8g_font.o
u8g_DrawGlyphFontBBX                              build/u8g_font.o
u8g_DrawHBitmap                                   build/u8g_bitmap.o
u8g_DrawHBitmapP                                  build/u8g_bitmap.o
u8g_DrawHLine                                     build/u8g_rect.o
                                                  build/u8g_polygon.o
u8g_DrawLine                                      build/u8g_line.o
                                                  build/mysetp.o
u8g_DrawPixel                                     build/u8g_ll_api.o
                                                  build/chessengine.o
                                                  build/u8g_bitmap.o
                                                  build/u8g_circle.o
                                                  build/u8g_line.o
                                                  build/u8g_ellipse.o
u8g_DrawPixelLL                                   build/u8g_ll_api.o
u8g_DrawPolygon                                   build/u8g_polygon.o
u8g_DrawRBox                                      build/u8g_rect.o
u8g_DrawRFrame                                    build/u8g_rect.o
u8g_DrawStr                                       build/u8g_font.o
                                                  build/chessengine.o
u8g_DrawStr180                                    build/u8g_font.o
u8g_DrawStr180P                                   build/u8g_font.o
u8g_DrawStr270                                    build/u8g_font.o
u8g_DrawStr270P                                   build/u8g_font.o
u8g_DrawStr90                                     build/u8g_font.o
u8g_DrawStr90P                                    build/u8g_font.o
u8g_DrawStrDir                                    build/u8g_font.o
u8g_DrawStrFontBBX                                build/u8g_font.o
u8g_DrawStrP                                      build/u8g_font.o
                                                  build/chessengine.o
u8g_DrawTriangle                                  build/u8g_polygon.o
u8g_DrawVLine                                     build/u8g_rect.o
                                                  build/u8g_circle.o
                                                  build/u8g_ellipse.o
u8g_DrawXBM                                       build/u8g_bitmap.o
u8g_DrawXBMP                                      build/u8g_bitmap.o
u8g_EnableCursor                                  build/u8g_cursor.o
u8g_FirstPage                                     build/u8g_ll_api.o