Archive member included to satisfy reference by file (symbol)

c:/program files (x86)/gnu tools arm embedded/5.4 2016q3/bin/../lib/gcc/arm-none-eabi/5.4.1/../../../../arm-none-eabi/lib/armv7e-m/fpu\libc_nano.a(lib_a-exit.o)
                              c:/program files (x86)/gnu tools arm embedded/5.4 2016q3/bin/../lib/gcc/arm-none-eabi/5.4.1/../../../../arm-none-eabi/lib/armv7e-m/fpu/crt0.o (exit)
c:/program files (x86)/gnu tools arm embedded/5.4 2016q3/bin/../lib/gcc/arm-none-eabi/5.4.1/../../../../arm-none-eabi/lib/armv7e-m/fpu\libc_nano.a(lib_a-impure.o)
                              c:/program files (x86)/gnu tools arm embedded/5.4 2016q3/bin/../lib/gcc/arm-none-eabi/5.4.1/../../../../arm-none-eabi/lib/armv7e-m/fpu\libc_nano.a(lib_a-exit.o) (_global_impure_ptr)
c:/program files (x86)/gnu tools arm embedded/5.4 2016q3/bin/../lib/gcc/arm-none-eabi/5.4.1/../../../../arm-none-eabi/lib/armv7e-m/fpu\libc_nano.a(lib_a-init.o)
                              c:/program files (x86)/gnu tools arm embedded/5.4 2016q3/bin/../lib/gcc/arm-none-eabi/5.4.1/../../../../arm-none-eabi/lib/armv7e-m/fpu/crt0.o (__libc_init_array)
c:/program files (x86)/gnu tools arm embedded/5.4 2016q3/bin/../lib/gcc/arm-none-eabi/5.4.1/../../../../arm-none-eabi/lib/armv7e-m/fpu\libc_nano.a(lib_a-memset.o)
                              c:/program files (x86)/gnu tools arm embedded/5.4 2016q3/bin/../lib/gcc/arm-none-eabi/5.4.1/../../../../arm-none-eabi/lib/armv7e-m/fpu/crt0.o (memset)
c:/program files (x86)/gnu tools arm embedded/5.4 2016q3/bin/../lib/gcc/arm-none-eabi/5.4.1/../../../../arm-none-eabi/lib/armv7e-m/fpu\libnosys.a(_exit.o)
                              c:/program files (x86)/gnu tools arm embedded/5.4 2016q3/bin/../lib/gcc/arm-none-eabi/5.4.1/../../../../arm-none-eabi/lib/armv7e-m/fpu\libc_nano.a(lib_a-exit.o) (_exit)
c:/program files (x86)/gnu tools arm embedded/5.4 2016q3/bin/../lib/gcc/arm-none-eabi/5.4.1/armv7e-m/fpu\libgcc.a(_aeabi_uldivmod.o)
                              build/stm32f4xx_hal_rcc.o (__aeabi_uldivmod)
c:/program files (x86)/gnu tools arm embedded/5.4 2016q3/bin/../lib/gcc/arm-none-eabi/5.4.1/armv7e-m/fpu\libgcc.a(_udivmoddi4.o)
                              c:/program files (x86)/gnu tools arm embedded/5.4 2016q3/bin/../lib/gcc/arm-none-eabi/5.4.1/armv7e-m/fpu\libgcc.a(_aeabi_uldivmod.o) (__udivmoddi4)
c:/program files (x86)/gnu tools arm embedded/5.4 2016q3/bin/../lib/gcc/arm-none-eabi/5.4.1/armv7e-m/fpu\libgcc.a(_dvmd_tls.o)
                              c:/program files (x86)/gnu tools arm embedded/5.4 2016q3/bin/../lib/gcc/arm-none-eabi/5.4.1/armv7e-m/fpu\libgcc.a(_aeabi_uldivmod.o) (__aeabi_ldiv0)

Allocating common symbols
Common symbol       size              file

uwTick              0x4               build/stm32f4xx_hal.o
pFlash              0x20              build/stm32f4xx_hal_flash.o

Discarded input sections

 .text          0x00000000        0x0 c:/program files (x86)/gnu tools arm embedded/5.4 2016q3/bin/../lib/gcc/arm-none-eabi/5.4.1/armv7e-m/fpu/crti.o
 .data          0x00000000        0x0 c:/program files (x86)/gnu tools arm embedded/5.4 2016q3/bin/../lib/gcc/arm-none-eabi/5.4.1/armv7e-m/fpu/crti.o
 .bss           0x00000000        0x0 c:/program files (x86)/gnu tools arm embedded/5.4 2016q3/bin/../lib/gcc/arm-none-eabi/5.4.1/armv7e-m/fpu/crti.o
 .data          0x00000000        0x4 c:/program files (x86)/gnu tools arm embedded/5.4 2016q3/bin/../lib/gcc/arm-none-eabi/5.4.1/armv7e-m/fpu/crtbegin.o
 .text          0x00000000       0x74 c:/program files (x86)/gnu tools arm embedded/5.4 2016q3/bin/../lib/gcc/arm-none-eabi/5.4.1/../../../../arm-none-eabi/lib/armv7e-m/fpu/crt0.o
 .data          0x00000000        0x0 c:/program files (x86)/gnu tools arm embedded/5.4 2016q3/bin/../lib/gcc/arm-none-eabi/5.4.1/../../../../arm-none-eabi/lib/armv7e-m/fpu/crt0.o
 .bss           0x00000000        0x0 c:/program files (x86)/gnu tools arm embedded/5.4 2016q3/bin/../lib/gcc/arm-none-eabi/5.4.1/../../../../arm-none-eabi/lib/armv7e-m/fpu/crt0.o
 .ARM.extab     0x00000000        0x0 c:/program files (x86)/gnu tools arm embedded/5.4 2016q3/bin/../lib/gcc/arm-none-eabi/5.4.1/../../../../arm-none-eabi/lib/armv7e-m/fpu/crt0.o
 .ARM.exidx     0x00000000        0x8 c:/program files (x86)/gnu tools arm embedded/5.4 2016q3/bin/../lib/gcc/arm-none-eabi/5.4.1/../../../../arm-none-eabi/lib/armv7e-m/fpu/crt0.o
 .ARM.attributes
                0x00000000       0x20 c:/program files (x86)/gnu tools arm embedded/5.4 2016q3/bin/../lib/gcc/arm-none-eabi/5.4.1/../../../../arm-none-eabi/lib/armv7e-m/fpu/crt0.o
 .text          0x00000000        0x0 build/main.o
 .data          0x00000000        0x0 build/main.o
 .bss           0x00000000        0x0 build/main.o
 .text          0x00000000        0x0 build/stm32f4xx_it.o
 .data          0x00000000        0x0 build/stm32f4xx_it.o
 .bss           0x00000000        0x0 build/stm32f4xx_it.o
 .text          0x00000000        0x0 build/stm32f4xx_hal_msp.o
 .data          0x00000000        0x0 build/stm32f4xx_hal_msp.o
 .bss           0x00000000        0x0 build/stm32f4xx_hal_msp.o
 .text          0x00000000        0x0 build/stm32f4xx_hal_tim.o
 .data          0x00000000        0x0 build/stm32f4xx_hal_tim.o
 .bss           0x00000000        0x0 build/stm32f4xx_hal_tim.o
 .debug_info    0x00000000       0x9b build/stm32f4xx_hal_tim.o
 .debug_abbrev  0x00000000       0x4b build/stm32f4xx_hal_tim.o
 .debug_aranges
                0x00000000       0x18 build/stm32f4xx_hal_tim.o
 .debug_line    0x00000000      0x10c build/stm32f4xx_hal_tim.o
 .debug_str     0x00000000      0x1dd build/stm32f4xx_hal_tim.o
 .comment       0x00000000       0x6f build/stm32f4xx_hal_tim.o
 .ARM.attributes
                0x00000000       0x39 build/stm32f4xx_hal_tim.o
 .text          0x00000000        0x0 build/stm32f4xx_hal_tim_ex.o
 .data          0x00000000        0x0 build/stm32f4xx_hal_tim_ex.o
 .bss           0x00000000        0x0 build/stm32f4xx_hal_tim_ex.o
 .debug_info    0x00000000       0x9b build/stm32f4xx_hal_tim_ex.o
 .debug_abbrev  0x00000000       0x4b build/stm32f4xx_hal_tim_ex.o
 .debug_aranges
                0x00000000       0x18 build/stm32f4xx_hal_tim_ex.o
 .debug_line    0x00000000      0x10c build/stm32f4xx_hal_tim_ex.o
 .debug_str     0x00000000      0x1e0 build/stm32f4xx_hal_tim_ex.o
 .comment       0x00000000       0x6f build/stm32f4xx_hal_tim_ex.o
 .ARM.attributes
                0x00000000       0x39 build/stm32f4xx_hal_tim_ex.o
 .text          0x00000000        0x0 build/stm32f4xx_hal_rcc.o
 .data          0x00000000        0x0 build/stm32f4xx_hal_rcc.o
 .bss           0x00000000        0x0 build/stm32f4xx_hal_rcc.o
 .text.HAL_RCC_DeInit
                0x00000000        0x4 build/stm32f4xx_hal_rcc.o
 .text.HAL_RCC_MCOConfig
                0x00000000       0x9c build/stm32f4xx_hal_rcc.o
 .text.HAL_RCC_EnableCSS
                0x00000000        0xc build/stm32f4xx_hal_rcc.o
 .text.HAL_RCC_DisableCSS
                0x00000000        0xc build/stm32f4xx_hal_rcc.o
 .text.HAL_RCC_GetHCLKFreq
                0x00000000        0xc build/stm32f4xx_hal_rcc.o
 .text.HAL_RCC_GetPCLK1Freq
                0x00000000       0x20 build/stm32f4xx_hal_rcc.o
 .text.HAL_RCC_GetPCLK2Freq
                0x00000000       0x20 build/stm32f4xx_hal_rcc.o
 .text.HAL_RCC_GetOscConfig
                0x00000000       0xcc build/stm32f4xx_hal_rcc.o
 .text.HAL_RCC_GetClockConfig
                0x00000000       0x3c build/stm32f4xx_hal_rcc.o
 .text.HAL_RCC_CSSCallback
                0x00000000        0x4 build/stm32f4xx_hal_rcc.o
 .text.HAL_RCC_NMI_IRQHandler
                0x00000000       0x20 build/stm32f4xx_hal_rcc.o
 .text          0x00000000        0x0 build/stm32f4xx_hal_rcc_ex.o
 .data          0x00000000        0x0 build/stm32f4xx_hal_rcc_ex.o
 .bss           0x00000000        0x0 build/stm32f4xx_hal_rcc_ex.o
 .text.HAL_RCCEx_PeriphCLKConfig
                0x00000000      0x170 build/stm32f4xx_hal_rcc_ex.o
 .text.HAL_RCCEx_GetPeriphCLKConfig
                0x00000000       0x44 build/stm32f4xx_hal_rcc_ex.o
 .text.HAL_RCCEx_GetPeriphCLKFreq
                0x00000000       0x74 build/stm32f4xx_hal_rcc_ex.o
 .text.HAL_RCCEx_EnablePLLI2S
                0x00000000       0x6c build/stm32f4xx_hal_rcc_ex.o
 .text.HAL_RCCEx_DisablePLLI2S
                0x00000000       0x34 build/stm32f4xx_hal_rcc_ex.o
 .text.HAL_RCC_DeInit
                0x00000000      0x148 build/stm32f4xx_hal_rcc_ex.o
 .debug_info    0x00000000      0x6e0 build/stm32f4xx_hal_rcc_ex.o
 .debug_abbrev  0x00000000      0x18c build/stm32f4xx_hal_rcc_ex.o
 .debug_loc     0x00000000      0x3e5 build/stm32f4xx_hal_rcc_ex.o
 .debug_aranges
                0x00000000       0x48 build/stm32f4xx_hal_rcc_ex.o
 .debug_ranges  0x00000000       0x38 build/stm32f4xx_hal_rcc_ex.o
 .debug_line    0x00000000      0x342 build/stm32f4xx_hal_rcc_ex.o
 .debug_str     0x00000000      0x517 build/stm32f4xx_hal_rcc_ex.o
 .comment       0x00000000       0x6f build/stm32f4xx_hal_rcc_ex.o
 .debug_frame   0x00000000       0xb0 build/stm32f4xx_hal_rcc_ex.o
 .ARM.attributes
                0x00000000       0x39 build/stm32f4xx_hal_rcc_ex.o
 .text          0x00000000        0x0 build/stm32f4xx_hal_flash.o
 .data          0x00000000        0x0 build/stm32f4xx_hal_flash.o
 .bss           0x00000000        0x0 build/stm32f4xx_hal_flash.o
 .text.FLASH_Program_DoubleWord
                0x00000000       0x30 build/stm32f4xx_hal_flash.o
 .text.FLASH_Program_Word
                0x00000000       0x24 build/stm32f4xx_hal_flash.o
 .text.FLASH_Program_HalfWord
                0x00000000       0x24 build/stm32f4xx_hal_flash.o
 .text.FLASH_Program_Byte
                0x00000000       0x20 build/stm32f4xx_hal_flash.o
 .text.FLASH_SetErrorCode
                0x00000000       0xa8 build/stm32f4xx_hal_flash.o
 .text.HAL_FLASH_Program_IT
                0x00000000       0x70 build/stm32f4xx_hal_flash.o
 .text.HAL_FLASH_EndOfOperationCallback
                0x00000000        0x4 build/stm32f4xx_hal_flash.o
 .text.HAL_FLASH_OperationErrorCallback
                0x00000000        0x4 build/stm32f4xx_hal_flash.o
 .text.HAL_FLASH_IRQHandler
                0x00000000       0xf8 build/stm32f4xx_hal_flash.o
 .text.HAL_FLASH_Unlock
                0x00000000       0x30 build/stm32f4xx_hal_flash.o
 .text.HAL_FLASH_Lock
                0x00000000       0x14 build/stm32f4xx_hal_flash.o
 .text.HAL_FLASH_OB_Unlock
                0x00000000       0x28 build/stm32f4xx_hal_flash.o
 .text.HAL_FLASH_OB_Lock
                0x00000000       0x14 build/stm32f4xx_hal_flash.o
 .text.HAL_FLASH_GetError
                0x00000000        0xc build/stm32f4xx_hal_flash.o
 .text.FLASH_WaitForLastOperation
                0x00000000       0x64 build/stm32f4xx_hal_flash.o
 .text.HAL_FLASH_Program
                0x00000000       0x88 build/stm32f4xx_hal_flash.o
 .text.HAL_FLASH_OB_Launch
                0x00000000       0x1c build/stm32f4xx_hal_flash.o
 .debug_info    0x00000000      0x77e build/stm32f4xx_hal_flash.o
 .debug_abbrev  0x00000000      0x28c build/stm32f4xx_hal_flash.o
 .debug_loc     0x00000000      0x398 build/stm32f4xx_hal_flash.o
 .debug_aranges
                0x00000000       0xa0 build/stm32f4xx_hal_flash.o
 .debug_ranges  0x00000000       0x90 build/stm32f4xx_hal_flash.o
 .debug_line    0x00000000      0x412 build/stm32f4xx_hal_flash.o
 .debug_str     0x00000000      0x577 build/stm32f4xx_hal_flash.o
 .comment       0x00000000       0x6f build/stm32f4xx_hal_flash.o
 .debug_frame   0x00000000      0x17c build/stm32f4xx_hal_flash.o
 .ARM.attributes
                0x00000000       0x39 build/stm32f4xx_hal_flash.o
 COMMON         0x00000000       0x20 build/stm32f4xx_hal_flash.o
 .text          0x00000000        0x0 build/stm32f4xx_hal_flash_ex.o
 .data          0x00000000        0x0 build/stm32f4xx_hal_flash_ex.o
 .bss           0x00000000        0x0 build/stm32f4xx_hal_flash_ex.o
 .text.FLASH_MassErase
                0x00000000       0x24 build/stm32f4xx_hal_flash_ex.o
 .text.FLASH_OB_BOR_LevelConfig
                0x00000000       0x18 build/stm32f4xx_hal_flash_ex.o
 .text.FLASH_OB_GetUser
                0x00000000       0x10 build/stm32f4xx_hal_flash_ex.o
 .text.FLASH_OB_GetWRP
                0x00000000        0xc build/stm32f4xx_hal_flash_ex.o
 .text.FLASH_OB_GetRDP
                0x00000000       0x24 build/stm32f4xx_hal_flash_ex.o
 .text.FLASH_OB_GetBOR
                0x00000000       0x10 build/stm32f4xx_hal_flash_ex.o
 .text.FLASH_OB_EnableWRP
                0x00000000       0x24 build/stm32f4xx_hal_flash_ex.o
 .text.FLASH_OB_DisableWRP
                0x00000000       0x24 build/stm32f4xx_hal_flash_ex.o
 .text.FLASH_OB_RDP_LevelConfig
                0x00000000       0x1c build/stm32f4xx_hal_flash_ex.o
 .text.FLASH_OB_UserConfig
                0x00000000       0x2c build/stm32f4xx_hal_flash_ex.o
 .text.FLASH_OB_EnablePCROP
                0x00000000       0x24 build/stm32f4xx_hal_flash_ex.o
 .text.FLASH_OB_DisablePCROP
                0x00000000       0x24 build/stm32f4xx_hal_flash_ex.o
 .text.HAL_FLASHEx_OBProgram
                0x00000000       0x7c build/stm32f4xx_hal_flash_ex.o
 .text.HAL_FLASHEx_OBGetConfig
                0x00000000       0x24 build/stm32f4xx_hal_flash_ex.o
 .text.HAL_FLASHEx_AdvOBProgram
                0x00000000       0x24 build/stm32f4xx_hal_flash_ex.o
 .text.HAL_FLASHEx_AdvOBGetConfig
                0x00000000        0xc build/stm32f4xx_hal_flash_ex.o
 .text.HAL_FLASHEx_OB_SelectPCROP
                0x00000000       0x14 build/stm32f4xx_hal_flash_ex.o
 .text.HAL_FLASHEx_OB_DeSelectPCROP
                0x00000000       0x14 build/stm32f4xx_hal_flash_ex.o
 .text.FLASH_Erase_Sector
                0x00000000       0x58 build/stm32f4xx_hal_flash_ex.o
 .text.HAL_FLASHEx_Erase_IT
                0x00000000       0x6c build/stm32f4xx_hal_flash_ex.o
 .text.FLASH_FlushCaches
                0x00000000       0x60 build/stm32f4xx_hal_flash_ex.o
 .text.HAL_FLASHEx_Erase
                0x00000000       0x98 build/stm32f4xx_hal_flash_ex.o
 .debug_info    0x00000000      0x9e4 build/stm32f4xx_hal_flash_ex.o
 .debug_abbrev  0x00000000      0x281 build/stm32f4xx_hal_flash_ex.o
 .debug_loc     0x00000000      0x7cb build/stm32f4xx_hal_flash_ex.o
 .debug_aranges
                0x00000000       0xc8 build/stm32f4xx_hal_flash_ex.o
 .debug_ranges  0x00000000       0xb8 build/stm32f4xx_hal_flash_ex.o
 .debug_line    0x00000000      0x446 build/stm32f4xx_hal_flash_ex.o
 .debug_str     0x00000000      0x69a build/stm32f4xx_hal_flash_ex.o
 .comment       0x00000000       0x6f build/stm32f4xx_hal_flash_ex.o
 .debug_frame   0x00000000      0x214 build/stm32f4xx_hal_flash_ex.o
 .ARM.attributes
                0x00000000       0x39 build/stm32f4xx_hal_flash_ex.o
 .text          0x00000000        0x0 build/stm32f4xx_hal_flash_ramfunc.o
 .data          0x00000000        0x0 build/stm32f4xx_hal_flash_ramfunc.o
 .bss           0x00000000        0x0 build/stm32f4xx_hal_flash_ramfunc.o
 .debug_info    0x00000000       0x9b build/stm32f4xx_hal_flash_ramfunc.o
 .debug_abbrev  0x00000000       0x4b build/stm32f4xx_hal_flash_ramfunc.o
 .debug_aranges
                0x00000000       0x18 build/stm32f4xx_hal_flash_ramfunc.o
 .debug_line    0x00000000      0x10c build/stm32f4xx_hal_flash_ramfunc.o
 .debug_str     0x00000000      0x1e7 build/stm32f4xx_hal_flash_ramfunc.o
 .comment       0x00000000       0x6f build/stm32f4xx_hal_flash_ramfunc.o
 .ARM.attributes
                0x00000000       0x39 build/stm32f4xx_hal_flash_ramfunc.o
 .text          0x00000000        0x0 build/stm32f4xx_hal_gpio.o
 .data          0x00000000        0x0 build/stm32f4xx_hal_gpio.o
 .bss           0x00000000        0x0 build/stm32f4xx_hal_gpio.o
 .text.HAL_GPIO_DeInit
                0x00000000      0x100 build/stm32f4xx_hal_gpio.o
 .text.HAL_GPIO_ReadPin
                0x00000000       0x10 build/stm32f4xx_hal_gpio.o
 .text.HAL_GPIO_TogglePin
                0x00000000       0x14 build/stm32f4xx_hal_gpio.o
 .text.HAL_GPIO_LockPin
                0x00000000       0x30 build/stm32f4xx_hal_gpio.o
 .text.HAL_GPIO_EXTI_Callback
                0x00000000        0x4 build/stm32f4xx_hal_gpio.o
 .text.HAL_GPIO_EXTI_IRQHandler
                0x00000000       0x18 build/stm32f4xx_hal_gpio.o
 .text          0x00000000        0x0 build/stm32f4xx_hal_dma_ex.o
 .data          0x00000000        0x0 build/stm32f4xx_hal_dma_ex.o
 .bss           0x00000000        0x0 build/stm32f4xx_hal_dma_ex.o
 .text.DMA_MultiBufferSetConfig
                0x00000000       0x24 build/stm32f4xx_hal_dma_ex.o
 .text.HAL_DMAEx_MultiBufferStart
                0x00000000       0x60 build/stm32f4xx_hal_dma_ex.o
 .text.HAL_DMAEx_MultiBufferStart_IT
                0x00000000      0xe84 build/stm32f4xx_hal_dma_ex.o
 .text.HAL_DMAEx_ChangeMemory
                0x00000000       0x10 build/stm32f4xx_hal_dma_ex.o
 .debug_info    0x00000000      0x5a8 build/stm32f4xx_hal_dma_ex.o
 .debug_abbrev  0x00000000      0x175 build/stm32f4xx_hal_dma_ex.o
 .debug_loc     0x00000000      0x3f5 build/stm32f4xx_hal_dma_ex.o
 .debug_aranges
                0x00000000       0x38 build/stm32f4xx_hal_dma_ex.o
 .debug_ranges  0x00000000       0x28 build/stm32f4xx_hal_dma_ex.o
 .debug_line    0x00000000      0x860 build/stm32f4xx_hal_dma_ex.o
 .debug_str     0x00000000      0x576 build/stm32f4xx_hal_dma_ex.o
 .comment       0x00000000       0x6f build/stm32f4xx_hal_dma_ex.o
 .debug_frame   0x00000000       0x7c build/stm32f4xx_hal_dma_ex.o
 .ARM.attributes
                0x00000000       0x39 build/stm32f4xx_hal_dma_ex.o
 .text          0x00000000        0x0 build/stm32f4xx_hal_dma.o
 .data          0x00000000        0x0 build/stm32f4xx_hal_dma.o
 .bss           0x00000000        0x0 build/stm32f4xx_hal_dma.o
 .text.DMA_SetConfig
                0x00000000       0x2c build/stm32f4xx_hal_dma.o
 .text.DMA_CalcBaseAndBitshift
                0x00000000       0x3c build/stm32f4xx_hal_dma.o
 .text.DMA_CheckFifoParam
                0x00000000       0x90 build/stm32f4xx_hal_dma.o
 .text.HAL_DMA_Init
                0x00000000       0xd0 build/stm32f4xx_hal_dma.o
 .text.HAL_DMA_DeInit
                0x00000000       0x68 build/stm32f4xx_hal_dma.o
 .text.HAL_DMA_Start
                0x00000000       0x48 build/stm32f4xx_hal_dma.o
 .text.HAL_DMA_Start_IT
                0x00000000       0x6c build/stm32f4xx_hal_dma.o
 .text.HAL_DMA_Abort
                0x00000000       0x94 build/stm32f4xx_hal_dma.o
 .text.HAL_DMA_Abort_IT
                0x00000000       0x28 build/stm32f4xx_hal_dma.o
 .text.HAL_DMA_PollForTransfer
                0x00000000      0x124 build/stm32f4xx_hal_dma.o
 .text.HAL_DMA_IRQHandler
                0x00000000      0x1d8 build/stm32f4xx_hal_dma.o
 .text.HAL_DMA_RegisterCallback
                0x00000000       0x60 build/stm32f4xx_hal_dma.o
 .text.HAL_DMA_UnRegisterCallback
                0x00000000       0x70 build/stm32f4xx_hal_dma.o
 .text.HAL_DMA_GetState
                0x00000000        0x8 build/stm32f4xx_hal_dma.o
 .text.HAL_DMA_GetError
                0x00000000        0x4 build/stm32f4xx_hal_dma.o
 .rodata.flagBitshiftOffset.6116
                0x00000000        0x8 build/stm32f4xx_hal_dma.o
 .debug_info    0x00000000      0xae0 build/stm32f4xx_hal_dma.o
 .debug_abbrev  0x00000000      0x272 build/stm32f4xx_hal_dma.o
 .debug_loc     0x00000000      0xb18 build/stm32f4xx_hal_dma.o
 .debug_aranges
                0x00000000       0x90 build/stm32f4xx_hal_dma.o
 .debug_ranges  0x00000000       0x80 build/stm32f4xx_hal_dma.o
 .debug_line    0x00000000      0x50f build/stm32f4xx_hal_dma.o
 .debug_str     0x00000000      0x7a3 build/stm32f4xx_hal_dma.o
 .comment       0x00000000       0x6f build/stm32f4xx_hal_dma.o
 .debug_frame   0x00000000      0x1b4 build/stm32f4xx_hal_dma.o
 .ARM.attributes
                0x00000000       0x39 build/stm32f4xx_hal_dma.o
 .text          0x00000000        0x0 build/stm32f4xx_hal_pwr.o
 .data          0x00000000        0x0 build/stm32f4xx_hal_pwr.o
 .bss           0x00000000        0x0 build/stm32f4xx_hal_pwr.o
 .text.HAL_PWR_DeInit
                0x00000000       0x18 build/stm32f4xx_hal_pwr.o
 .text.HAL_PWR_EnableBkUpAccess
                0x00000000       0x1c build/stm32f4xx_hal_pwr.o
 .text.HAL_PWR_DisableBkUpAccess
                0x00000000       0x1c build/stm32f4xx_hal_pwr.o
 .text.HAL_PWR_ConfigPVD
                0x00000000       0x84 build/stm32f4xx_hal_pwr.o
 .text.HAL_PWR_EnablePVD
                0x00000000        0xc build/stm32f4xx_hal_pwr.o
 .text.HAL_PWR_DisablePVD
                0x00000000        0xc build/stm32f4xx_hal_pwr.o
 .text.HAL_PWR_EnableWakeUpPin
                0x00000000       0x10 build/stm32f4xx_hal_pwr.o
 .text.HAL_PWR_DisableWakeUpPin
                0x00000000       0x10 build/stm32f4xx_hal_pwr.o
 .text.HAL_PWR_EnterSLEEPMode
                0x00000000       0x20 build/stm32f4xx_hal_pwr.o
 .text.HAL_PWR_EnterSTOPMode
                0x00000000       0x38 build/stm32f4xx_hal_pwr.o
 .text.HAL_PWR_EnterSTANDBYMode
                0x00000000       0x20 build/stm32f4xx_hal_pwr.o
 .text.HAL_PWR_PVDCallback
                0x00000000        0x4 build/stm32f4xx_hal_pwr.o
 .text.HAL_PWR_PVD_IRQHandler
                0x00000000       0x20 build/stm32f4xx_hal_pwr.o
 .text.HAL_PWR_EnableSleepOnExit
                0x00000000       0x10 build/stm32f4xx_hal_pwr.o
 .text.HAL_PWR_DisableSleepOnExit
                0x00000000       0x10 build/stm32f4xx_hal_pwr.o
 .text.HAL_PWR_EnableSEVOnPend
                0x00000000       0x10 build/stm32f4xx_hal_pwr.o
 .text.HAL_PWR_DisableSEVOnPend
                0x00000000       0x10 build/stm32f4xx_hal_pwr.o
 .debug_info    0x00000000      0x7ed build/stm32f4xx_hal_pwr.o
 .debug_abbrev  0x00000000      0x1ad build/stm32f4xx_hal_pwr.o
 .debug_loc     0x00000000       0xdb build/stm32f4xx_hal_pwr.o
 .debug_aranges
                0x00000000       0xa0 build/stm32f4xx_hal_pwr.o
 .debug_ranges  0x00000000       0x90 build/stm32f4xx_hal_pwr.o
 .debug_line    0x00000000      0x30a build/stm32f4xx_hal_pwr.o
 .debug_str     0x00000000      0x580 build/stm32f4xx_hal_pwr.o
 .comment       0x00000000       0x6f build/stm32f4xx_hal_pwr.o
 .debug_frame   0x00000000      0x13c build/stm32f4xx_hal_pwr.o
 .ARM.attributes
                0x00000000       0x39 build/stm32f4xx_hal_pwr.o
 .text          0x00000000        0x0 build/stm32f4xx_hal_pwr_ex.o
 .data          0x00000000        0x0 build/stm32f4xx_hal_pwr_ex.o
 .bss           0x00000000        0x0 build/stm32f4xx_hal_pwr_ex.o
 .text.HAL_PWREx_EnableBkUpReg
                0x00000000       0x38 build/stm32f4xx_hal_pwr_ex.o
 .text.HAL_PWREx_DisableBkUpReg
                0x00000000       0x38 build/stm32f4xx_hal_pwr_ex.o
 .text.HAL_PWREx_EnableFlashPowerDown
                0x00000000        0xc build/stm32f4xx_hal_pwr_ex.o
 .text.HAL_PWREx_DisableFlashPowerDown
                0x00000000        0xc build/stm32f4xx_hal_pwr_ex.o
 .text.HAL_PWREx_GetVoltageRange
                0x00000000       0x10 build/stm32f4xx_hal_pwr_ex.o
 .text.HAL_PWREx_ControlVoltageScaling
                0x00000000       0xc8 build/stm32f4xx_hal_pwr_ex.o
 .text.HAL_PWREx_EnableMainRegulatorLowVoltage
                0x00000000        0xc build/stm32f4xx_hal_pwr_ex.o
 .text.HAL_PWREx_DisableMainRegulatorLowVoltage
                0x00000000        0xc build/stm32f4xx_hal_pwr_ex.o
 .text.HAL_PWREx_EnableLowRegulatorLowVoltage
                0x00000000        0xc build/stm32f4xx_hal_pwr_ex.o
 .text.HAL_PWREx_DisableLowRegulatorLowVoltage
                0x00000000        0xc build/stm32f4xx_hal_pwr_ex.o
 .debug_info    0x00000000      0x55e build/stm32f4xx_hal_pwr_ex.o
 .debug_abbrev  0x00000000      0x1a2 build/stm32f4xx_hal_pwr_ex.o
 .debug_loc     0x00000000      0x189 build/stm32f4xx_hal_pwr_ex.o
 .debug_aranges
                0x00000000       0x68 build/stm32f4xx_hal_pwr_ex.o
 .debug_ranges  0x00000000       0x58 build/stm32f4xx_hal_pwr_ex.o
 .debug_line    0x00000000      0x2b9 build/stm32f4xx_hal_pwr_ex.o
 .debug_str     0x00000000      0x4e3 build/stm32f4xx_hal_pwr_ex.o
 .comment       0x00000000       0x6f build/stm32f4xx_hal_pwr_ex.o
 .debug_frame   0x00000000       0xdc build/stm32f4xx_hal_pwr_ex.o
 .ARM.attributes
                0x00000000       0x39 build/stm32f4xx_hal_pwr_ex.o
 .text          0x00000000        0x0 build/stm32f4xx_hal_cortex.o
 .data          0x00000000        0x0 build/stm32f4xx_hal_cortex.o
 .bss           0x00000000        0x0 build/stm32f4xx_hal_cortex.o
 .text.HAL_NVIC_EnableIRQ
                0x00000000       0x1c build/stm32f4xx_hal_cortex.o
 .text.HAL_NVIC_DisableIRQ
                0x00000000       0x28 build/stm32f4xx_hal_cortex.o
 .text.HAL_NVIC_SystemReset
                0x00000000       0x24 build/stm32f4xx_hal_cortex.o
 .text.HAL_MPU_Disable
                0x00000000       0x20 build/stm32f4xx_hal_cortex.o
 .text.HAL_MPU_Enable
                0x00000000       0x24 build/stm32f4xx_hal_cortex.o
 .text.HAL_MPU_ConfigRegion
                0x00000000       0x54 build/stm32f4xx_hal_cortex.o
 .text.HAL_NVIC_GetPriorityGrouping
                0x00000000       0x10 build/stm32f4xx_hal_cortex.o
 .text.HAL_NVIC_GetPriority
                0x00000000       0x5c build/stm32f4xx_hal_cortex.o
 .text.HAL_NVIC_SetPendingIRQ
                0x00000000       0x20 build/stm32f4xx_hal_cortex.o
 .text.HAL_NVIC_GetPendingIRQ
                0x00000000       0x24 build/stm32f4xx_hal_cortex.o
 .text.HAL_NVIC_ClearPendingIRQ
                0x00000000       0x20 build/stm32f4xx_hal_cortex.o
 .text.HAL_NVIC_GetActive
                0x00000000       0x24 build/stm32f4xx_hal_cortex.o
 .text.HAL_SYSTICK_CLKSourceConfig
                0x00000000       0x20 build/stm32f4xx_hal_cortex.o
 .text.HAL_SYSTICK_Callback
                0x00000000        0x4 build/stm32f4xx_hal_cortex.o
 .text.HAL_SYSTICK_IRQHandler
                0x00000000        0x8 build/stm32f4xx_hal_cortex.o
 .text          0x00000000        0x0 build/stm32f4xx_hal.o
 .data          0x00000000        0x0 build/stm32f4xx_hal.o
 .bss           0x00000000        0x0 build/stm32f4xx_hal.o
 .text.HAL_MspInit
                0x00000000        0x4 build/stm32f4xx_hal.o
 .text.HAL_MspDeInit
                0x00000000        0x4 build/stm32f4xx_hal.o
 .text.HAL_DeInit
                0x00000000       0x2c build/stm32f4xx_hal.o
 .text.HAL_GetTickPrio
                0x00000000        0xc build/stm32f4xx_hal.o
 .text.HAL_SetTickFreq
                0x00000000       0x2c build/stm32f4xx_hal.o
 .text.HAL_GetTickFreq
                0x00000000        0xc build/stm32f4xx_hal.o
 .text.HAL_SuspendTick
                0x00000000       0x10 build/stm32f4xx_hal.o
 .text.HAL_ResumeTick
                0x00000000       0x10 build/stm32f4xx_hal.o
 .text.HAL_GetHalVersion
                0x00000000        0x8 build/stm32f4xx_hal.o
 .text.HAL_GetREVID
                0x00000000        0xc build/stm32f4xx_hal.o
 .text.HAL_GetDEVID
                0x00000000       0x10 build/stm32f4xx_hal.o
 .text.HAL_DBGMCU_EnableDBGSleepMode
                0x00000000       0x10 build/stm32f4xx_hal.o
 .text.HAL_DBGMCU_DisableDBGSleepMode
                0x00000000       0x10 build/stm32f4xx_hal.o
 .text.HAL_DBGMCU_EnableDBGStopMode
                0x00000000       0x10 build/stm32f4xx_hal.o
 .text.HAL_DBGMCU_DisableDBGStopMode
                0x00000000       0x10 build/stm32f4xx_hal.o
 .text.HAL_DBGMCU_EnableDBGStandbyMode
                0x00000000       0x10 build/stm32f4xx_hal.o
 .text.HAL_DBGMCU_DisableDBGStandbyMode
                0x00000000       0x10 build/stm32f4xx_hal.o
 .text.HAL_EnableCompensationCell
                0x00000000        0xc build/stm32f4xx_hal.o
 .text.HAL_DisableCompensationCell
                0x00000000        0xc build/stm32f4xx_hal.o
 .text.HAL_GetUIDw0
                0x00000000        0xc build/stm32f4xx_hal.o
 .text.HAL_GetUIDw1
                0x00000000        0xc build/stm32f4xx_hal.o
 .text.HAL_GetUIDw2
                0x00000000        0xc build/stm32f4xx_hal.o
 .text          0x00000000        0x0 build/stm32f4xx_hal_exti.o
 .data          0x00000000        0x0 build/stm32f4xx_hal_exti.o
 .bss           0x00000000        0x0 build/stm32f4xx_hal_exti.o
 .text.HAL_EXTI_SetConfigLine
                0x00000000       0xd8 build/stm32f4xx_hal_exti.o
 .text.HAL_EXTI_GetConfigLine
                0x00000000       0xa8 build/stm32f4xx_hal_exti.o
 .text.HAL_EXTI_ClearConfigLine
                0x00000000       0x7c build/stm32f4xx_hal_exti.o
 .text.HAL_EXTI_RegisterCallback
                0x00000000        0xc build/stm32f4xx_hal_exti.o
 .text.HAL_EXTI_GetHandle
                0x00000000        0xc build/stm32f4xx_hal_exti.o
 .text.HAL_EXTI_IRQHandler
                0x00000000       0x24 build/stm32f4xx_hal_exti.o
 .text.HAL_EXTI_GetPending
                0x00000000       0x18 build/stm32f4xx_hal_exti.o
 .text.HAL_EXTI_ClearPending
                0x00000000       0x14 build/stm32f4xx_hal_exti.o
 .text.HAL_EXTI_GenerateSWI
                0x00000000       0x14 build/stm32f4xx_hal_exti.o
 .debug_info    0x00000000      0x58a build/stm32f4xx_hal_exti.o
 .debug_abbrev  0x00000000      0x1df build/stm32f4xx_hal_exti.o
 .debug_loc     0x00000000      0x541 build/stm32f4xx_hal_exti.o
 .debug_aranges
                0x00000000       0x60 build/stm32f4xx_hal_exti.o
 .debug_ranges  0x00000000       0x50 build/stm32f4xx_hal_exti.o
 .debug_line    0x00000000      0x2ef build/stm32f4xx_hal_exti.o
 .debug_str     0x00000000      0x40e build/stm32f4xx_hal_exti.o
 .comment       0x00000000       0x6f build/stm32f4xx_hal_exti.o
 .debug_frame   0x00000000      0x110 build/stm32f4xx_hal_exti.o
 .ARM.attributes
                0x00000000       0x39 build/stm32f4xx_hal_exti.o
 .text          0x00000000        0x0 build/system_stm32f4xx.o
 .data          0x00000000        0x0 build/system_stm32f4xx.o
 .bss           0x00000000        0x0 build/system_stm32f4xx.o
 .text.SystemCoreClockUpdate
                0x00000000       0xa0 build/system_stm32f4xx.o
 .rodata.APBPrescTable
                0x00000000        0x8 build/system_stm32f4xx.o
 .text          0x00000000       0x14 build/startup_stm32f401xc.o
 .data          0x00000000        0x0 build/startup_stm32f401xc.o
 .bss           0x00000000        0x0 build/startup_stm32f401xc.o
 .text          0x00000000        0x0 c:/program files (x86)/gnu tools arm embedded/5.4 2016q3/bin/../lib/gcc/arm-none-eabi/5.4.1/../../../../arm-none-eabi/lib/armv7e-m/fpu\libc_nano.a(lib_a-exit.o)
 .data          0x00000000        0x0 c:/program files (x86)/gnu tools arm embedded/5.4 2016q3/bin/../lib/gcc/arm-none-eabi/5.4.1/../../../../arm-none-eabi/lib/armv7e-m/fpu\libc_nano.a(lib_a-exit.o)
 .bss           0x00000000        0x0 c:/program files (x86)/gnu tools arm embedded/5.4 2016q3/bin/../lib/gcc/arm-none-eabi/5.4.1/../../../../arm-none-eabi/lib/armv7e-m/fpu\libc_nano.a(lib_a-exit.o)
 .text.exit     0x00000000       0x28 c:/program files (x86)/gnu tools arm embedded/5.4 2016q3/bin/../lib/gcc/arm-none-eabi/5.4.1/../../../../arm-none-eabi/lib/armv7e-m/fpu\libc_nano.a(lib_a-exit.o)
 .debug_frame   0x00000000       0x28 c:/program files (x86)/gnu tools arm embedded/5.4 2016q3/bin/../lib/gcc/arm-none-eabi/5.4.1/../../../../arm-none-eabi/lib/armv7e-m/fpu\libc_nano.a(lib_a-exit.o)
 .ARM.attributes
                0x00000000       0x34 c:/program files (x86)/gnu tools arm embedded/5.4 2016q3/bin/../lib/gcc/arm-none-eabi/5.4.1/../../../../arm-none-eabi/lib/armv7e-m/fpu\libc_nano.a(lib_a-exit.o)
 .text          0x00000000        0x0 c:/program files (x86)/gnu tools arm embedded/5.4 2016q3/bin/../lib/gcc/arm-none-eabi/5.4.1/../../../../arm-none-eabi/lib/armv7e-m/fpu\libc_nano.a(lib_a-impure.o)
 .data          0x00000000        0x0 c:/program files (x86)/gnu tools arm embedded/5.4 2016q3/bin/../lib/gcc/arm-none-eabi/5.4.1/../../../../arm-none-eabi/lib/armv7e-m/fpu\libc_nano.a(lib_a-impure.o)
 .bss           0x00000000        0x0 c:/program files (x86)/gnu tools arm embedded/5.4 2016q3/bin/../lib/gcc/arm-none-eabi/5.4.1/../../../../arm-none-eabi/lib/armv7e-m/fpu\libc_nano.a(lib_a-impure.o)
 .data.impure_data
                0x00000000       0x60 c:/program files (x86)/gnu tools arm embedded/5.4 2016q3/bin/../lib/gcc/arm-none-eabi/5.4.1/../../../../arm-none-eabi/lib/armv7e-m/fpu\libc_nano.a(lib_a-impure.o)
 .data._impure_ptr
                0x00000000        0x4 c:/program files (x86)/gnu tools arm embedded/5.4 2016q3/bin/../lib/gcc/arm-none-eabi/5.4.1/../../../../arm-none-eabi/lib/armv7e-m/fpu\libc_nano.a(lib_a-impure.o)
 .rodata._global_impure_ptr
                0x00000000        0x4 c:/program files (x86)/gnu tools arm embedded/5.4 2016q3/bin/../lib/gcc/arm-none-eabi/5.4.1/../../../../arm-none-eabi/lib/armv7e-m/fpu\libc_nano.a(lib_a-impure.o)
 .ARM.attributes
                0x00000000       0x34 c:/program files (x86)/gnu tools arm embedded/5.4 2016q3/bin/../lib/gcc/arm-none-eabi/5.4.1/../../../../arm-none-eabi/lib/armv7e-m/fpu\libc_nano.a(lib_a-impure.o)
 .text          0x00000000        0x0 c:/program files (x86)/gnu tools arm embedded/5.4 2016q3/bin/../lib/gcc/arm-none-eabi/5.4.1/../../../../arm-none-eabi/lib/armv7e-m/fpu\libc_nano.a(lib_a-init.o)
 .data          0x00000000        0x0 c:/program files (x86)/gnu tools arm embedded/5.4 2016q3/bin/../lib/gcc/arm-none-eabi/5.4.1/../../../../arm-none-eabi/lib/armv7e-m/fpu\libc_nano.a(lib_a-init.o)
 .bss           0x00000000        0x0 c:/program files (x86)/gnu tools arm embedded/5.4 2016q3/bin/../lib/gcc/arm-none-eabi/5.4.1/../../../../arm-none-eabi/lib/armv7e-m/fpu\libc_nano.a(lib_a-init.o)
 .text          0x00000000        0x0 c:/program files (x86)/gnu tools arm embedded/5.4 2016q3/bin/../lib/gcc/arm-none-eabi/5.4.1/../../../../arm-none-eabi/lib/armv7e-m/fpu\libc_nano.a(lib_a-memset.o)
 .data          0x00000000        0x0 c:/program files (x86)/gnu tools arm embedded/5.4 2016q3/bin/../lib/gcc/arm-none-eabi/5.4.1/../../../../arm-none-eabi/lib/armv7e-m/fpu\libc_nano.a(lib_a-memset.o)
 .bss           0x00000000        0x0 c:/program files (x86)/gnu tools arm embedded/5.4 2016q3/bin/../lib/gcc/arm-none-eabi/5.4.1/../../../../arm-none-eabi/lib/armv7e-m/fpu\libc_nano.a(lib_a-memset.o)
 .text          0x00000000        0x0 c:/program files (x86)/gnu tools arm embedded/5.4 2016q3/bin/../lib/gcc/arm-none-eabi/5.4.1/../../../../arm-none-eabi/lib/armv7e-m/fpu\libnosys.a(_exit.o)
 .data          0x00000000        0x0 c:/program files (x86)/gnu tools arm embedded/5.4 2016q3/bin/../lib/gcc/arm-none-eabi/5.4.1/../../../../arm-none-eabi/lib/armv7e-m/fpu\libnosys.a(_exit.o)
 .bss           0x00000000        0x0 c:/program files (x86)/gnu tools arm embedded/5.4 2016q3/bin/../lib/gcc/arm-none-eabi/5.4.1/../../../../arm-none-eabi/lib/armv7e-m/fpu\libnosys.a(_exit.o)
 .text._exit    0x00000000        0x4 c:/program files (x86)/gnu tools arm embedded/5.4 2016q3/bin/../lib/gcc/arm-none-eabi/5.4.1/../../../../arm-none-eabi/lib/armv7e-m/fpu\libnosys.a(_exit.o)
 .debug_frame   0x00000000       0x20 c:/program files (x86)/gnu tools arm embedded/5.4 2016q3/bin/../lib/gcc/arm-none-eabi/5.4.1/../../../../arm-none-eabi/lib/armv7e-m/fpu\libnosys.a(_exit.o)
 .ARM.attributes
                0x00000000       0x34 c:/program files (x86)/gnu tools arm embedded/5.4 2016q3/bin/../lib/gcc/arm-none-eabi/5.4.1/../../../../arm-none-eabi/lib/armv7e-m/fpu\libnosys.a(_exit.o)
 .data          0x00000000        0x0 c:/program files (x86)/gnu tools arm embedded/5.4 2016q3/bin/../lib/gcc/arm-none-eabi/5.4.1/armv7e-m/fpu\libgcc.a(_aeabi_uldivmod.o)
 .bss           0x00000000        0x0 c:/program files (x86)/gnu tools arm embedded/5.4 2016q3/bin/../lib/gcc/arm-none-eabi/5.4.1/armv7e-m/fpu\libgcc.a(_aeabi_uldivmod.o)
 .data          0x00000000        0x0 c:/program files (x86)/gnu tools arm embedded/5.4 2016q3/bin/../lib/gcc/arm-none-eabi/5.4.1/armv7e-m/fpu\libgcc.a(_udivmoddi4.o)
 .bss           0x00000000        0x0 c:/program files (x86)/gnu tools arm embedded/5.4 2016q3/bin/../lib/gcc/arm-none-eabi/5.4.1/armv7e-m/fpu\libgcc.a(_udivmoddi4.o)
 .ARM.extab     0x00000000        0x0 c:/program files (x86)/gnu tools arm embedded/5.4 2016q3/bin/../lib/gcc/arm-none-eabi/5.4.1/armv7e-m/fpu\libgcc.a(_udivmoddi4.o)
 .data          0x00000000        0x0 c:/program files (x86)/gnu tools arm embedded/5.4 2016q3/bin/../lib/gcc/arm-none-eabi/5.4.1/armv7e-m/fpu\libgcc.a(_dvmd_tls.o)
 .bss           0x00000000        0x0 c:/program files (x86)/gnu tools arm embedded/5.4 2016q3/bin/../lib/gcc/arm-none-eabi/5.4.1/armv7e-m/fpu\libgcc.a(_dvmd_tls.o)
 .text          0x00000000        0x0 c:/program files (x86)/gnu tools arm embedded/5.4 2016q3/bin/../lib/gcc/arm-none-eabi/5.4.1/armv7e-m/fpu/crtend.o
 .data          0x00000000        0x0 c:/program files (x86)/gnu tools arm embedded/5.4 2016q3/bin/../lib/gcc/arm-none-eabi/5.4.1/armv7e-m/fpu/crtend.o
 .bss           0x00000000        0x0 c:/program files (x86)/gnu tools arm embedded/5.4 2016q3/bin/../lib/gcc/arm-none-eabi/5.4.1/armv7e-m/fpu/crtend.o
 .eh_frame      0x00000000        0x4 c:/program files (x86)/gnu tools arm embedded/5.4 2016q3/bin/../lib/gcc/arm-none-eabi/5.4.1/armv7e-m/fpu/crtend.o
 .jcr           0x00000000        0x4 c:/program files (x86)/gnu tools arm embedded/5.4 2016q3/bin/../lib/gcc/arm-none-eabi/5.4.1/armv7e-m/fpu/crtend.o
 .ARM.attributes
                0x00000000       0x34 c:/program files (x86)/gnu tools arm embedded/5.4 2016q3/bin/../lib/gcc/arm-none-eabi/5.4.1/armv7e-m/fpu/crtend.o
 .text          0x00000000        0x0 c:/program files (x86)/gnu tools arm embedded/5.4 2016q3/bin/../lib/gcc/arm-none-eabi/5.4.1/armv7e-m/fpu/crtn.o
 .data          0x00000000        0x0 c:/program files (x86)/gnu tools arm embedded/5.4 2016q3/bin/../lib/gcc/arm-none-eabi/5.4.1/armv7e-m/fpu/crtn.o
 .bss           0x00000000        0x0 c:/program files (x86)/gnu tools arm embedded/5.4 2016q3/bin/../lib/gcc/arm-none-eabi/5.4.1/armv7e-m/fpu/crtn.o

Memory Configuration

Name             Origin             Length             Attributes
RAM              0x20000000         0x00010000         xrw
FLASH            0x08000000         0x00040000         xr
*default*        0x00000000         0xffffffff

Linker script and memory map

LOAD c:/program files (x86)/gnu tools arm embedded/5.4 2016q3/bin/../lib/gcc/arm-none-eabi/5.4.1/armv7e-m/fpu/crti.o
LOAD c:/program files (x86)/gnu tools arm embedded/5.4 2016q3/bin/../lib/gcc/arm-none-eabi/5.4.1/armv7e-m/fpu/crtbegin.o
LOAD c:/program files (x86)/gnu tools arm embedded/5.4 2016q3/bin/../lib/gcc/arm-none-eabi/5.4.1/../../../../arm-none-eabi/lib/armv7e-m/fpu/crt0.o
LOAD build/main.o
LOAD build/stm32f4xx_it.o
LOAD build/stm32f4xx_hal_msp.o
LOAD build/stm32f4xx_hal_tim.o
LOAD build/stm32f4xx_hal_tim_ex.o
LOAD build/stm32f4xx_hal_rcc.o
LOAD build/stm32f4xx_hal_rcc_ex.o
LOAD build/stm32f4xx_hal_flash.o
LOAD build/stm32f4xx_hal_flash_ex.o
LOAD build/stm32f4xx_hal_flash_ramfunc.o
LOAD build/stm32f4xx_hal_gpio.o
LOAD build/stm32f4xx_hal_dma_ex.o
LOAD build/stm32f4xx_hal_dma.o
LOAD build/stm32f4xx_hal_pwr.o
LOAD build/stm32f4xx_hal_pwr_ex.o
LOAD build/stm32f4xx_hal_cortex.o
LOAD build/stm32f4xx_hal.o
LOAD build/stm32f4xx_hal_exti.o
LOAD build/system_stm32f4xx.o
LOAD build/startup_stm32f401xc.o
LOAD c:/program files (x86)/gnu tools arm embedded/5.4 2016q3/bin/../lib/gcc/arm-none-eabi/5.4.1/../../../../arm-none-eabi/lib/armv7e-m/fpu\libc_nano.a
LOAD c:/program files (x86)/gnu tools arm embedded/5.4 2016q3/bin/../lib/gcc/arm-none-eabi/5.4.1/../../../../arm-none-eabi/lib/armv7e-m/fpu\libm.a
LOAD c:/program files (x86)/gnu tools arm embedded/5.4 2016q3/bin/../lib/gcc/arm-none-eabi/5.4.1/../../../../arm-none-eabi/lib/armv7e-m/fpu\libnosys.a
START GROUP
LOAD c:/program files (x86)/gnu tools arm embedded/5.4 2016q3/bin/../lib/gcc/arm-none-eabi/5.4.1/armv7e-m/fpu\libgcc.a
LOAD c:/program files (x86)/gnu tools arm embedded/5.4 2016q3/bin/../lib/gcc/arm-none-eabi/5.4.1/../../../../arm-none-eabi/lib/armv7e-m/fpu\libc_nano.a
END GROUP
START GROUP
LOAD c:/program files (x86)/gnu tools arm embedded/5.4 2016q3/bin/../lib/gcc/arm-none-eabi/5.4.1/armv7e-m/fpu\libgcc.a
LOAD c:/program files (x86)/gnu tools arm embedded/5.4 2016q3/bin/../lib/gcc/arm-none-eabi/5.4.1/../../../../arm-none-eabi/lib/armv7e-m/fpu\libc_nano.a
END GROUP
LOAD c:/program files (x86)/gnu tools arm embedded/5.4 2016q3/bin/../lib/gcc/arm-none-eabi/5.4.1/armv7e-m/fpu/crtend.o
LOAD c:/program files (x86)/gnu tools arm embedded/5.4 2016q3/bin/../lib/gcc/arm-none-eabi/5.4.1/armv7e-m/fpu/crtn.o
                0x20010000                _estack = 0x20010000
                0x00000200                _Min_Heap_Size = 0x200
                0x00000400                _Min_Stack_Size = 0x400

.isr_vector     0x08000000      0x194
                0x08000000                . = ALIGN (0x4)
 *(.isr_vector)
 .isr_vector    0x08000000      0x194 build/startup_stm32f401xc.o
                0x08000000                g_pfnVectors
                0x08000194                . = ALIGN (0x4)

.text           0x08000194      0xf84
                0x08000194                . = ALIGN (0x4)
 *(.text)
 .text          0x08000194       0x5c c:/program files (x86)/gnu tools arm embedded/5.4 2016q3/bin/../lib/gcc/arm-none-eabi/5.4.1/armv7e-m/fpu/crtbegin.o
 .text          0x080001f0       0x30 c:/program files (x86)/gnu tools arm embedded/5.4 2016q3/bin/../lib/gcc/arm-none-eabi/5.4.1/armv7e-m/fpu\libgcc.a(_aeabi_uldivmod.o)
                0x080001f0                __aeabi_uldivmod
 .text          0x08000220      0x2e4 c:/program files (x86)/gnu tools arm embedded/5.4 2016q3/bin/../lib/gcc/arm-none-eabi/5.4.1/armv7e-m/fpu\libgcc.a(_udivmoddi4.o)
                0x08000220                __udivmoddi4
 .text          0x08000504        0x4 c:/program files (x86)/gnu tools arm embedded/5.4 2016q3/bin/../lib/gcc/arm-none-eabi/5.4.1/armv7e-m/fpu\libgcc.a(_dvmd_tls.o)
                0x08000504                __aeabi_idiv0
                0x08000504                __aeabi_ldiv0
 *(.text*)
 .text.MX_GPIO_Init
                0x08000508       0x80 build/main.o
 .text.Error_Handler
                0x08000588        0x4 build/main.o
                0x08000588                Error_Handler
 .text.SystemClock_Config
                0x0800058c       0xa8 build/main.o
                0x0800058c                SystemClock_Config
 .text.main     0x08000634       0x40 build/main.o
                0x08000634                main
 .text.NMI_Handler
                0x08000674        0x4 build/stm32f4xx_it.o
                0x08000674                NMI_Handler
 .text.HardFault_Handler
                0x08000678        0x4 build/stm32f4xx_it.o
                0x08000678                HardFault_Handler
 .text.MemManage_Handler
                0x0800067c        0x4 build/stm32f4xx_it.o
                0x0800067c                MemManage_Handler
 .text.BusFault_Handler
                0x08000680        0x4 build/stm32f4xx_it.o
                0x08000680                BusFault_Handler
 .text.UsageFault_Handler
                0x08000684        0x4 build/stm32f4xx_it.o
                0x08000684                UsageFault_Handler
 .text.SVC_Handler
                0x08000688        0x4 build/stm32f4xx_it.o
                0x08000688                SVC_Handler
 .text.DebugMon_Handler
                0x0800068c        0x4 build/stm32f4xx_it.o
                0x0800068c                DebugMon_Handler
 .text.PendSV_Handler
                0x08000690        0x4 build/stm32f4xx_it.o
                0x08000690                PendSV_Handler
 .text.SysTick_Handler
                0x08000694        0x8 build/stm32f4xx_it.o
                0x08000694                SysTick_Handler
 .text.HAL_MspInit
                0x0800069c       0x38 build/stm32f4xx_hal_msp.o
                0x0800069c                HAL_MspInit
 .text.HAL_RCC_OscConfig
                0x080006d4      0x428 build/stm32f4xx_hal_rcc.o
                0x080006d4                HAL_RCC_OscConfig
 .text.HAL_RCC_GetSysClockFreq
                0x08000afc       0xa0 build/stm32f4xx_hal_rcc.o
                0x08000afc                HAL_RCC_GetSysClockFreq
 .text.HAL_RCC_ClockConfig
                0x08000b9c      0x168 build/stm32f4xx_hal_rcc.o
                0x08000b9c                HAL_RCC_ClockConfig
 .text.HAL_GPIO_Init
                0x08000d04      0x1ac build/stm32f4xx_hal_gpio.o
                0x08000d04                HAL_GPIO_Init
 .text.HAL_GPIO_WritePin
                0x08000eb0        0xc build/stm32f4xx_hal_gpio.o
                0x08000eb0                HAL_GPIO_WritePin
 .text.HAL_NVIC_SetPriorityGrouping
                0x08000ebc       0x24 build/stm32f4xx_hal_cortex.o
                0x08000ebc                HAL_NVIC_SetPriorityGrouping
 .text.HAL_NVIC_SetPriority
                0x08000ee0       0x64 build/stm32f4xx_hal_cortex.o
                0x08000ee0                HAL_NVIC_SetPriority
 .text.HAL_SYSTICK_Config
                0x08000f44       0x2c build/stm32f4xx_hal_cortex.o
                0x08000f44                HAL_SYSTICK_Config
 .text.HAL_InitTick
                0x08000f70       0x4c build/stm32f4xx_hal.o
                0x08000f70                HAL_InitTick
 .text.HAL_Init
                0x08000fbc       0x34 build/stm32f4xx_hal.o
                0x08000fbc                HAL_Init
 .text.HAL_IncTick
                0x08000ff0       0x18 build/stm32f4xx_hal.o
                0x08000ff0                HAL_IncTick
 .text.HAL_GetTick
                0x08001008        0xc build/stm32f4xx_hal.o
                0x08001008                HAL_GetTick
 .text.HAL_Delay
                0x08001014       0x28 build/stm32f4xx_hal.o
                0x08001014                HAL_Delay
 .text.SystemInit
                0x0800103c       0x14 build/system_stm32f4xx.o
                0x0800103c                SystemInit
 .text.Reset_Handler
                0x08001050       0x50 build/startup_stm32f401xc.o
                0x08001050                Reset_Handler
 .text.Default_Handler
                0x080010a0        0x2 build/startup_stm32f401xc.o
                0x080010a0                RTC_Alarm_IRQHandler
                0x080010a0                EXTI2_IRQHandler
                0x080010a0                SPI4_IRQHandler
                0x080010a0                TIM1_CC_IRQHandler
                0x080010a0                DMA2_Stream5_IRQHandler
                0x080010a0                DMA1_Stream5_IRQHandler
                0x080010a0                PVD_IRQHandler
                0x080010a0                SDIO_IRQHandler
                0x080010a0                TAMP_STAMP_IRQHandler
                0x080010a0                EXTI3_IRQHandler
                0x080010a0                TIM1_UP_TIM10_IRQHandler
                0x080010a0                I2C3_ER_IRQHandler
                0x080010a0                EXTI0_IRQHandler
                0x080010a0                I2C2_EV_IRQHandler
                0x080010a0                DMA1_Stream2_IRQHandler
                0x080010a0                FPU_IRQHandler
                0x080010a0                DMA2_Stream2_IRQHandler
                0x080010a0                SPI1_IRQHandler
                0x080010a0                TIM1_BRK_TIM9_IRQHandler
                0x080010a0                DMA2_Stream3_IRQHandler
                0x080010a0                USART6_IRQHandler
                0x080010a0                DMA2_Stream0_IRQHandler
                0x080010a0                TIM4_IRQHandler
                0x080010a0                I2C1_EV_IRQHandler
                0x080010a0                DMA1_Stream6_IRQHandler
                0x080010a0                DMA1_Stream1_IRQHandler
                0x080010a0                TIM3_IRQHandler
                0x080010a0                RCC_IRQHandler
                0x080010a0                Default_Handler
                0x080010a0                EXTI15_10_IRQHandler
                0x080010a0                ADC_IRQHandler
                0x080010a0                DMA1_Stream7_IRQHandler
                0x080010a0                TIM5_IRQHandler
                0x080010a0                DMA2_Stream7_IRQHandler
                0x080010a0                I2C3_EV_IRQHandler
                0x080010a0                EXTI9_5_IRQHandler
                0x080010a0                RTC_WKUP_IRQHandler
                0x080010a0                SPI2_IRQHandler
                0x080010a0                DMA1_Stream0_IRQHandler
                0x080010a0                EXTI4_IRQHandler
                0x080010a0                WWDG_IRQHandler
                0x080010a0                TIM2_IRQHandler
                0x080010a0                OTG_FS_WKUP_IRQHandler
                0x080010a0                TIM1_TRG_COM_TIM11_IRQHandler
                0x080010a0                EXTI1_IRQHandler
                0x080010a0                USART2_IRQHandler
                0x080010a0                I2C2_ER_IRQHandler
                0x080010a0                DMA2_Stream1_IRQHandler
                0x080010a0                FLASH_IRQHandler
                0x080010a0                DMA2_Stream4_IRQHandler
                0x080010a0                USART1_IRQHandler
                0x080010a0                OTG_FS_IRQHandler
                0x080010a0                SPI3_IRQHandler
                0x080010a0                DMA1_Stream4_IRQHandler
                0x080010a0                I2C1_ER_IRQHandler
                0x080010a0                DMA2_Stream6_IRQHandler
                0x080010a0                DMA1_Stream3_IRQHandler
 *fill*         0x080010a2        0x2 
 .text.__libc_init_array
                0x080010a4       0x4c c:/program files (x86)/gnu tools arm embedded/5.4 2016q3/bin/../lib/gcc/arm-none-eabi/5.4.1/../../../../arm-none-eabi/lib/armv7e-m/fpu\libc_nano.a(lib_a-init.o)
                0x080010a4                __libc_init_array
 .text.memset   0x080010f0       0x10 c:/program files (x86)/gnu tools arm embedded/5.4 2016q3/bin/../lib/gcc/arm-none-eabi/5.4.1/../../../../arm-none-eabi/lib/armv7e-m/fpu\libc_nano.a(lib_a-memset.o)
                0x080010f0                memset
 *(.glue_7)
 .glue_7        0x08001100        0x0 linker stubs
 *(.glue_7t)
 .glue_7t       0x08001100        0x0 linker stubs
 *(.eh_frame)
 .eh_frame      0x08001100        0x0 c:/program files (x86)/gnu tools arm embedded/5.4 2016q3/bin/../lib/gcc/arm-none-eabi/5.4.1/armv7e-m/fpu/crtbegin.o
 *(.init)
 .init          0x08001100        0x4 c:/program files (x86)/gnu tools arm embedded/5.4 2016q3/bin/../lib/gcc/arm-none-eabi/5.4.1/armv7e-m/fpu/crti.o
                0x08001100                _init
 .init          0x08001104        0x8 c:/program files (x86)/gnu tools arm embedded/5.4 2016q3/bin/../lib/gcc/arm-none-eabi/5.4.1/armv7e-m/fpu/crtn.o
 *(.fini)
 .fini          0x0800110c        0x4 c:/program files (x86)/gnu tools arm embedded/5.4 2016q3/bin/../lib/gcc/arm-none-eabi/5.4.1/armv7e-m/fpu/crti.o
                0x0800110c                _fini
 .fini          0x08001110        0x8 c:/program files (x86)/gnu tools arm embedded/5.4 2016q3/bin/../lib/gcc/arm-none-eabi/5.4.1/armv7e-m/fpu/crtn.o
                0x08001118                . = ALIGN (0x4)
                0x08001118                _etext = .

.vfp11_veneer   0x08001118        0x0
 .vfp11_veneer  0x08001118        0x0 linker stubs

.v4_bx          0x08001118        0x0
 .v4_bx         0x08001118        0x0 linker stubs

.iplt           0x08001118        0x0
 .iplt          0x08001118        0x0 c:/program files (x86)/gnu tools arm embedded/5.4 2016q3/bin/../lib/gcc/arm-none-eabi/5.4.1/armv7e-m/fpu/crtbegin.o

.rodata         0x08001118       0x10
                0x08001118                . = ALIGN (0x4)
 *(.rodata)
 *(.rodata*)
 .rodata.AHBPrescTable
                0x08001118       0x10 build/system_stm32f4xx.o
                0x08001118                AHBPrescTable
                0x08001128                . = ALIGN (0x4)

.ARM.extab
 *(.ARM.extab* .gnu.linkonce.armextab.*)

.ARM            0x08001128        0x8
                0x08001128                __exidx_start = .
 *(.ARM.exidx*)
 .ARM.exidx     0x08001128        0x8 c:/program files (x86)/gnu tools arm embedded/5.4 2016q3/bin/../lib/gcc/arm-none-eabi/5.4.1/armv7e-m/fpu\libgcc.a(_udivmoddi4.o)
                0x08001130                __exidx_end = .

.rel.dyn        0x08001130        0x0
 .rel.iplt      0x08001130        0x0 c:/program files (x86)/gnu tools arm embedded/5.4 2016q3/bin/../lib/gcc/arm-none-eabi/5.4.1/armv7e-m/fpu/crtbegin.o

.preinit_array  0x08001130        0x0
                0x08001130                PROVIDE (__preinit_array_start, .)
 *(.preinit_array*)
                0x08001130                PROVIDE (__preinit_array_end, .)

.init_array     0x08001130        0x4
                0x08001130                PROVIDE (__init_array_start, .)
 *(SORT(.init_array.*))
 *(.init_array*)
 .init_array    0x08001130        0x4 c:/program files (x86)/gnu tools arm embedded/5.4 2016q3/bin/../lib/gcc/arm-none-eabi/5.4.1/armv7e-m/fpu/crtbegin.o
                0x08001134                PROVIDE (__init_array_end, .)

.fini_array     0x08001134        0x4
                [!provide]                PROVIDE (__fini_array_start, .)
 *(SORT(.fini_array.*))
 *(.fini_array*)
 .fini_array    0x08001134        0x4 c:/program files (x86)/gnu tools arm embedded/5.4 2016q3/bin/../lib/gcc/arm-none-eabi/5.4.1/armv7e-m/fpu/crtbegin.o
                [!provide]                PROVIDE (__fini_array_end, .)
                0x08001138                _sidata = LOADADDR (.data)

.data           0x20000000        0xc load address 0x08001138
                0x20000000                . = ALIGN (0x4)
                0x20000000                _sdata = .
 *(.data)
 *(.data*)
 .data.uwTickPrio
                0x20000000        0x4 build/stm32f4xx_hal.o
                0x20000000                uwTickPrio
 .data.uwTickFreq
                0x20000004        0x1 build/stm32f4xx_hal.o
                0x20000004                uwTickFreq
 *fill*         0x20000005        0x3 
 .data.SystemCoreClock
                0x20000008        0x4 build/system_stm32f4xx.o
                0x20000008                SystemCoreClock
                0x2000000c                . = ALIGN (0x4)
                0x2000000c                _edata = .

.jcr            0x2000000c        0x0 load address 0x08001144
 .jcr           0x2000000c        0x0 c:/program files (x86)/gnu tools arm embedded/5.4 2016q3/bin/../lib/gcc/arm-none-eabi/5.4.1/armv7e-m/fpu/crtbegin.o

.igot.plt       0x2000000c        0x0 load address 0x08001144
 .igot.plt      0x2000000c        0x0 c:/program files (x86)/gnu tools arm embedded/5.4 2016q3/bin/../lib/gcc/arm-none-eabi/5.4.1/armv7e-m/fpu/crtbegin.o
                0x2000000c                . = ALIGN (0x4)

.bss            0x2000000c       0x20 load address 0x08001144
                0x2000000c                _sbss = .
                0x2000000c                __bss_start__ = _sbss
 *(.bss)
 .bss           0x2000000c       0x1c c:/program files (x86)/gnu tools arm embedded/5.4 2016q3/bin/../lib/gcc/arm-none-eabi/5.4.1/armv7e-m/fpu/crtbegin.o
 *(.bss*)
 *(COMMON)
 COMMON         0x20000028        0x4 build/stm32f4xx_hal.o
                0x20000028                uwTick
                0x2000002c                . = ALIGN (0x4)
                0x2000002c                _ebss = .
                0x2000002c                __bss_end__ = _ebss

._user_heap_stack
                0x2000002c      0x604 load address 0x08001144
                0x20000030                . = ALIGN (0x8)
 *fill*         0x2000002c        0x4 
                [!provide]                PROVIDE (end, .)
                [!provide]                PROVIDE (_end, .)
                0x20000230                . = (. + _Min_Heap_Size)
 *fill*         0x20000030      0x200 
                0x20000630                . = (. + _Min_Stack_Size)
 *fill*         0x20000230      0x400 
                0x20000630                . = ALIGN (0x8)

/DISCARD/
 libc.a(*)
 libm.a(*)
 libgcc.a(*)

.ARM.attributes
                0x00000000       0x30
 *(.ARM.attributes)
 .ARM.attributes
                0x00000000       0x22 c:/program files (x86)/gnu tools arm embedded/5.4 2016q3/bin/../lib/gcc/arm-none-eabi/5.4.1/armv7e-m/fpu/crti.o
 .ARM.attributes
                0x00000022       0x34 c:/program files (x86)/gnu tools arm embedded/5.4 2016q3/bin/../lib/gcc/arm-none-eabi/5.4.1/armv7e-m/fpu/crtbegin.o
 .ARM.attributes
                0x00000056       0x39 build/main.o
 .ARM.attributes
                0x0000008f       0x39 build/stm32f4xx_it.o
 .ARM.attributes
                0x000000c8       0x39 build/stm32f4xx_hal_msp.o
 .ARM.attributes
                0x00000101       0x39 build/stm32f4xx_hal_rcc.o
 .ARM.attributes
                0x0000013a       0x39 build/stm32f4xx_hal_gpio.o
 .ARM.attributes
                0x00000173       0x39 build/stm32f4xx_hal_cortex.o
 .ARM.attributes
                0x000001ac       0x39 build/stm32f4xx_hal.o
 .ARM.attributes
                0x000001e5       0x39 build/system_stm32f4xx.o
 .ARM.attributes
                0x0000021e       0x21 build/startup_stm32f401xc.o
 .ARM.attributes
                0x0000023f       0x34 c:/program files (x86)/gnu tools arm embedded/5.4 2016q3/bin/../lib/gcc/arm-none-eabi/5.4.1/../../../../arm-none-eabi/lib/armv7e-m/fpu\libc_nano.a(lib_a-init.o)
 .ARM.attributes
                0x00000273       0x34 c:/program files (x86)/gnu tools arm embedded/5.4 2016q3/bin/../lib/gcc/arm-none-eabi/5.4.1/../../../../arm-none-eabi/lib/armv7e-m/fpu\libc_nano.a(lib_a-memset.o)
 .ARM.attributes
                0x000002a7       0x22 c:/program files (x86)/gnu tools arm embedded/5.4 2016q3/bin/../lib/gcc/arm-none-eabi/5.4.1/armv7e-m/fpu\libgcc.a(_aeabi_uldivmod.o)
 .ARM.attributes
                0x000002c9       0x34 c:/program files (x86)/gnu tools arm embedded/5.4 2016q3/bin/../lib/gcc/arm-none-eabi/5.4.1/armv7e-m/fpu\libgcc.a(_udivmoddi4.o)
 .ARM.attributes
                0x000002fd       0x22 c:/program files (x86)/gnu tools arm embedded/5.4 2016q3/bin/../lib/gcc/arm-none-eabi/5.4.1/armv7e-m/fpu\libgcc.a(_dvmd_tls.o)
 .ARM.attributes
                0x0000031f       0x22 c:/program files (x86)/gnu tools arm embedded/5.4 2016q3/bin/../lib/gcc/arm-none-eabi/5.4.1/armv7e-m/fpu/crtn.o
OUTPUT(build/401CCU-Demo.elf elf32-littlearm)

.debug_info     0x00000000     0x3fb6
 .debug_info    0x00000000      0x86f build/main.o
 .debug_info    0x0000086f      0x185 build/stm32f4xx_it.o
 .debug_info    0x000009f4      0x32a build/stm32f4xx_hal_msp.o
 .debug_info    0x00000d1e      0xb5b build/stm32f4xx_hal_rcc.o
 .debug_info    0x00001879      0x7ee build/stm32f4xx_hal_gpio.o
 .debug_info    0x00002067      0xf52 build/stm32f4xx_hal_cortex.o
 .debug_info    0x00002fb9      0x9ed build/stm32f4xx_hal.o
 .debug_info    0x000039a6      0x59f build/system_stm32f4xx.o
 .debug_info    0x00003f45       0x71 build/startup_stm32f401xc.o

.debug_abbrev   0x00000000      0xe56
 .debug_abbrev  0x00000000      0x1e5 build/main.o
 .debug_abbrev  0x000001e5       0xbb build/stm32f4xx_it.o
 .debug_abbrev  0x000002a0       0xd8 build/stm32f4xx_hal_msp.o
 .debug_abbrev  0x00000378      0x28b build/stm32f4xx_hal_rcc.o
 .debug_abbrev  0x00000603      0x211 build/stm32f4xx_hal_gpio.o
 .debug_abbrev  0x00000814      0x313 build/stm32f4xx_hal_cortex.o
 .debug_abbrev  0x00000b27      0x21a build/stm32f4xx_hal.o
 .debug_abbrev  0x00000d41      0x103 build/system_stm32f4xx.o
 .debug_abbrev  0x00000e44       0x12 build/startup_stm32f401xc.o

.debug_loc      0x00000000     0x13ad
 .debug_loc     0x00000000       0x91 build/main.o
 .debug_loc     0x00000091       0x20 build/stm32f4xx_it.o
 .debug_loc     0x000000b1       0x2c build/stm32f4xx_hal_msp.o
 .debug_loc     0x000000dd      0x603 build/stm32f4xx_hal_rcc.o
 .debug_loc     0x000006e0      0x420 build/stm32f4xx_hal_gpio.o
 .debug_loc     0x00000b00      0x5c0 build/stm32f4xx_hal_cortex.o
 .debug_loc     0x000010c0      0x1bb build/stm32f4xx_hal.o
 .debug_loc     0x0000127b      0x132 build/system_stm32f4xx.o

.debug_aranges  0x00000000      0x380
 .debug_aranges
                0x00000000       0x38 build/main.o
 .debug_aranges
                0x00000038       0x60 build/stm32f4xx_it.o
 .debug_aranges
                0x00000098       0x20 build/stm32f4xx_hal_msp.o
 .debug_aranges
                0x000000b8       0x88 build/stm32f4xx_hal_rcc.o
 .debug_aranges
                0x00000140       0x58 build/stm32f4xx_hal_gpio.o
 .debug_aranges
                0x00000198       0xa8 build/stm32f4xx_hal_cortex.o
 .debug_aranges
                0x00000240       0xf0 build/stm32f4xx_hal.o
 .debug_aranges
                0x00000330       0x28 build/system_stm32f4xx.o
 .debug_aranges
                0x00000358       0x28 build/startup_stm32f401xc.o

.debug_ranges   0x00000000      0x310
 .debug_ranges  0x00000000       0x28 build/main.o
 .debug_ranges  0x00000028       0x50 build/stm32f4xx_it.o
 .debug_ranges  0x00000078       0x10 build/stm32f4xx_hal_msp.o
 .debug_ranges  0x00000088       0x90 build/stm32f4xx_hal_rcc.o
 .debug_ranges  0x00000118       0x48 build/stm32f4xx_hal_gpio.o
 .debug_ranges  0x00000160       0x98 build/stm32f4xx_hal_cortex.o
 .debug_ranges  0x000001f8       0xe0 build/stm32f4xx_hal.o
 .debug_ranges  0x000002d8       0x18 build/system_stm32f4xx.o
 .debug_ranges  0x000002f0       0x20 build/startup_stm32f401xc.o

.debug_line     0x00000000     0x17e3
 .debug_line    0x00000000      0x27c build/main.o
 .debug_line    0x0000027c      0x1ed build/stm32f4xx_it.o
 .debug_line    0x00000469      0x17a build/stm32f4xx_hal_msp.o
 .debug_line    0x000005e3      0x4d8 build/stm32f4xx_hal_rcc.o
 .debug_line    0x00000abb      0x32d build/stm32f4xx_hal_gpio.o
 .debug_line    0x00000de8      0x3ed build/stm32f4xx_hal_cortex.o
 .debug_line    0x000011d5      0x400 build/stm32f4xx_hal.o
 .debug_line    0x000015d5      0x198 build/system_stm32f4xx.o
 .debug_line    0x0000176d       0x76 build/startup_stm32f401xc.o

.debug_str      0x00000000     0x14e2
 .debug_str     0x00000000      0x511 build/main.o
                                0x571 (size before relaxing)
 .debug_str     0x00000511       0xb4 build/stm32f4xx_it.o
                                0x25c (size before relaxing)
 .debug_str     0x000005c5       0x29 build/stm32f4xx_hal_msp.o
                                0x2fa (size before relaxing)
 .debug_str     0x000005ee      0x23f build/stm32f4xx_hal_rcc.o
                                0x734 (size before relaxing)
 .debug_str     0x0000082d      0x135 build/stm32f4xx_hal_gpio.o
                                0x51f (size before relaxing)
 .debug_str     0x00000962      0x8a4 build/stm32f4xx_hal_cortex.o
                                0xae5 (size before relaxing)
 .debug_str     0x00001206      0x295 build/stm32f4xx_hal.o
                                0xa37 (size before relaxing)
 .debug_str     0x0000149b       0x47 build/system_stm32f4xx.o
                                0x3b4 (size before relaxing)

.comment        0x00000000       0x6e
 .comment       0x00000000       0x6e build/main.o
                                 0x6f (size before relaxing)
 .comment       0x0000006e       0x6f build/stm32f4xx_it.o
 .comment       0x0000006e       0x6f build/stm32f4xx_hal_msp.o
 .comment       0x0000006e       0x6f build/stm32f4xx_hal_rcc.o
 .comment       0x0000006e       0x6f build/stm32f4xx_hal_gpio.o
 .comment       0x0000006e       0x6f build/stm32f4xx_hal_cortex.o
 .comment       0x0000006e       0x6f build/stm32f4xx_hal.o
 .comment       0x0000006e       0x6f build/system_stm32f4xx.o

.debug_frame    0x00000000      0x804
 .debug_frame   0x00000000       0x80 build/main.o
 .debug_frame   0x00000080       0xac build/stm32f4xx_it.o
 .debug_frame   0x0000012c       0x28 build/stm32f4xx_hal_msp.o
 .debug_frame   0x00000154      0x19c build/stm32f4xx_hal_rcc.o
 .debug_frame   0x000002f0       0xd4 build/stm32f4xx_hal_gpio.o
 .debug_frame   0x000003c4      0x164 build/stm32f4xx_hal_cortex.o
 .debug_frame   0x00000528      0x200 build/stm32f4xx_hal.o
 .debug_frame   0x00000728       0x30 build/system_stm32f4xx.o
 .debug_frame   0x00000758       0x2c c:/program files (x86)/gnu tools arm embedded/5.4 2016q3/bin/../lib/gcc/arm-none-eabi/5.4.1/../../../../arm-none-eabi/lib/armv7e-m/fpu\libc_nano.a(lib_a-init.o)
 .debug_frame   0x00000784       0x20 c:/program files (x86)/gnu tools arm embedded/5.4 2016q3/bin/../lib/gcc/arm-none-eabi/5.4.1/../../../../arm-none-eabi/lib/armv7e-m/fpu\libc_nano.a(lib_a-memset.o)
 .debug_frame   0x000007a4       0x2c c:/program files (x86)/gnu tools arm embedded/5.4 2016q3/bin/../lib/gcc/arm-none-eabi/5.4.1/armv7e-m/fpu\libgcc.a(_aeabi_uldivmod.o)
 .debug_frame   0x000007d0       0x34 c:/program files (x86)/gnu tools arm embedded/5.4 2016q3/bin/../lib/gcc/arm-none-eabi/5.4.1/armv7e-m/fpu\libgcc.a(_udivmoddi4.o)

Cross Reference Table

Symbol                                            File
ADC_IRQHandler                                    build/startup_stm32f401xc.o
AHBPrescTable                                     build/system_stm32f4xx.o
                                                  build/stm32f4xx_hal_rcc.o
APBPrescTable                                     build/system_stm32f4xx.o
                                                  build/stm32f4xx_hal_rcc.o
BusFault_Handler                                  build/stm32f4xx_it.o
DMA1_Stream0_IRQHandler                           build/startup_stm32f401xc.o
DMA1_Stream1_IRQHandler                           build/startup_stm32f401xc.o
DMA1_Stream2_IRQHandler                           build/startup_stm32f401xc.o
DMA1_Stream3_IRQHandler                           build/startup_stm32f401xc.o
DMA1_Stream4_IRQHandler                           build/startup_stm32f401xc.o
DMA1_Stream5_IRQHandler                           build/startup_stm32f401xc.o
DMA1_Stream6_IRQHandler                           build/startup_stm32f401xc.o
DMA1_Stream7_IRQHandler                           build/startup_stm32f401xc.o
DMA2_Stream0_IRQHandler                           build/startup_stm32f401xc.o
DMA2_Stream1_IRQHandler                           build/startup_stm32f401xc.o
DMA2_Stream2_IRQHandler                           build/startup_stm32f401xc.o
DMA2_Stream3_IRQHandler                           build/startup_stm32f401xc.o
DMA2_Stream4_IRQHandler                           build/startup_stm32f401xc.o
DMA2_Stream5_IRQHandler                           build/startup_stm32f401xc.o
DMA2_Stream6_IRQHandler                           build/startup_stm32f401xc.o
DMA2_Stream7_IRQHandler                           build/startup_stm32f401xc.o
DebugMon_Handler                                  build/stm32f4xx_it.o
Default_Handler                                   build/startup_stm32f401xc.o
EXTI0_IRQHandler                                  build/startup_stm32f401xc.o
EXTI15_10_IRQHandler                              build/startup_stm32f401xc.o
EXTI1_IRQHandler                                  build/startup_stm32f401xc.o
EXTI2_IRQHandler                                  build/startup_stm32f401xc.o
EXTI3_IRQHandler                                  build/startup_stm32f401xc.o
EXTI4_IRQHandler                                  build/startup_stm32f401xc.o
EXTI9_5_IRQHandler                                build/startup_stm32f401xc.o
Error_Handler                                     build/main.o
FLASH_Erase_Sector                                build/stm32f4xx_hal_flash_ex.o
                                                  build/stm32f4xx_hal_flash.o
FLASH_FlushCaches                                 build/stm32f4xx_hal_flash_ex.o
                                                  build/stm32f4xx_hal_flash.o
FLASH_IRQHandler                                  build/startup_stm32f401xc.o
FLASH_WaitForLastOperation                        build/stm32f4xx_hal_flash.o
                                                  build/stm32f4xx_hal_flash_ex.o
FPU_IRQHandler                                    build/startup_stm32f401xc.o
HAL_DBGMCU_DisableDBGSleepMode                    build/stm32f4xx_hal.o
HAL_DBGMCU_DisableDBGStandbyMode                  build/stm32f4xx_hal.o
HAL_DBGMCU_DisableDBGStopMode                     build/stm32f4xx_hal.o
HAL_DBGMCU_EnableDBGSleepMode                     build/stm32f4xx_hal.o
HAL_DBGMCU_EnableDBGStandbyMode                   build/stm32f4xx_hal.o
HAL_DBGMCU_EnableDBGStopMode                      build/stm32f4xx_hal.o
HAL_DMAEx_ChangeMemory                            build/stm32f4xx_hal_dma_ex.o
HAL_DMAEx_MultiBufferStart                        build/stm32f4xx_hal_dma_ex.o
HAL_DMAEx_MultiBufferStart_IT                     build/stm32f4xx_hal_dma_ex.o
HAL_DMA_Abort                                     build/stm32f4xx_hal_dma.o
HAL_DMA_Abort_IT                                  build/stm32f4xx_hal_dma.o
HAL_DMA_DeInit                                    build/stm32f4xx_hal_dma.o
HAL_DMA_GetError                                  build/stm32f4xx_hal_dma.o
HAL_DMA_GetState                                  build/stm32f4xx_hal_dma.o
HAL_DMA_IRQHandler                                build/stm32f4xx_hal_dma.o
HAL_DMA_Init                                      build/stm32f4xx_hal_dma.o
HAL_DMA_PollForTransfer                           build/stm32f4xx_hal_dma.o
HAL_DMA_RegisterCallback                          build/stm32f4xx_hal_dma.o
HAL_DMA_Start                                     build/stm32f4xx_hal_dma.o
HAL_DMA_Start_IT                                  build/stm32f4xx_hal_dma.o
HAL_DMA_UnRegisterCallback                        build/stm32f4xx_hal_dma.o
HAL_DeInit                                        build/stm32f4xx_hal.o
HAL_Delay                                         build/stm32f4xx_hal.o
                                                  build/main.o
HAL_DisableCompensationCell                       build/stm32f4xx_hal.o
HAL_EXTI_ClearConfigLine                          build/stm32f4xx_hal_exti.o
HAL_EXTI_ClearPending                             build/stm32f4xx_hal_exti.o
HAL_EXTI_GenerateSWI                              build/stm32f4xx_hal_exti.o
HAL_EXTI_GetConfigLine                            build/stm32f4xx_hal_exti.o
HAL_EXTI_GetHandle                                build/stm32f4xx_hal_exti.o
HAL_EXTI_GetPending                               build/stm32f4xx_hal_exti.o
HAL_EXTI_IRQHandler                               build/stm32f4xx_hal_exti.o
HAL_EXTI_RegisterCallback                         build/stm32f4xx_hal_exti.o
HAL_EXTI_SetConfigLine                            build/stm32f4xx_hal_exti.o
HAL_EnableCompensationCell                        build/stm32f4xx_hal.o
HAL_FLASHEx_AdvOBGetConfig                        build/stm32f4xx_hal_flash_ex.o
HAL_FLASHEx_AdvOBProgram                          build/stm32f4xx_hal_flash_ex.o
HAL_FLASHEx_Erase                                 build/stm32f4xx_hal_flash_ex.o
HAL_FLASHEx_Erase_IT                              build/stm32f4xx_hal_flash_ex.o
HAL_FLASHEx_OBGetConfig                           build/stm32f4xx_hal_flash_ex.o
HAL_FLASHEx_OBProgram                             build/stm32f4xx_hal_flash_ex.o
HAL_FLASHEx_OB_DeSelectPCROP                      build/stm32f4xx_hal_flash_ex.o
HAL_FLASHEx_OB_SelectPCROP                        build/stm32f4xx_hal_flash_ex.o
HAL_FLASH_EndOfOperationCallback                  build/stm32f4xx_hal_flash.o
HAL_FLASH_GetError                                build/stm32f4xx_hal_flash.o
HAL_FLASH_IRQHandler                              build/stm32f4xx_hal_flash.o
HAL_FLASH_Lock                                    build/stm32f4xx_hal_flash.o
HAL_FLASH_OB_Launch                               build/stm32f4xx_hal_flash.o
HAL_FLASH_OB_Lock                                 build/stm32f4xx_hal_flash.o
HAL_FLASH_OB_Unlock                               build/stm32f4xx_hal_flash.o
HAL_FLASH_OperationErrorCallback                  build/stm32f4xx_hal_flash.o
HAL_FLASH_Program                                 build/stm32f4xx_hal_flash.o
HAL_FLASH_Program_IT                              build/stm32f4xx_hal_flash.o
HAL_FLASH_Unlock                                  build/stm32f4xx_hal_flash.o
HAL_GPIO_DeInit                                   build/stm32f4xx_hal_gpio.o
HAL_GPIO_EXTI_Callback                            build/stm32f4xx_hal_gpio.o
HAL_GPIO_EXTI_IRQHandler                          build/stm32f4xx_hal_gpio.o
HAL_GPIO_Init                                     build/stm32f4xx_hal_gpio.o
                                                  build/stm32f4xx_hal_rcc.o
                                                  build/main.o
HAL_GPIO_LockPin                                  build/stm32f4xx_hal_gpio.o
HAL_GPIO_ReadPin                                  build/stm32f4xx_hal_gpio.o
HAL_GPIO_TogglePin                                build/stm32f4xx_hal_gpio.o
HAL_GPIO_WritePin                                 build/stm32f4xx_hal_gpio.o
                                                  build/main.o
HAL_GetDEVID                                      build/stm32f4xx_hal.o
HAL_GetHalVersion                                 build/stm32f4xx_hal.o
HAL_GetREVID                                      build/stm32f4xx_hal.o
HAL_GetTick                                       build/stm32f4xx_hal.o
                                                  build/stm32f4xx_hal_pwr_ex.o
                                                  build/stm32f4xx_hal_dma.o
                                                  build/stm32f4xx_hal_flash.o
                                                  build/stm32f4xx_hal_rcc_ex.o
                                                  build/stm32f4xx_hal_rcc.o
HAL_GetTickFreq                                   build/stm32f4xx_hal.o
HAL_GetTickPrio                                   build/stm32f4xx_hal.o
HAL_GetUIDw0                                      build/stm32f4xx_hal.o
HAL_GetUIDw1                                      build/stm32f4xx_hal.o
HAL_GetUIDw2                                      build/stm32f4xx_hal.o
HAL_IncTick                                       build/stm32f4xx_hal.o
                                                  build/stm32f4xx_it.o
HAL_Init                                          build/stm32f4xx_hal.o
                                                  build/main.o
HAL_InitTick                                      build/stm32f4xx_hal.o
                                                  build/stm32f4xx_hal_rcc_ex.o
                                                  build/stm32f4xx_hal_rcc.o
HAL_MPU_ConfigRegion                              build/stm32f4xx_hal_cortex.o
HAL_MPU_Disable                                   build/stm32f4xx_hal_cortex.o
HAL_MPU_Enable                                    build/stm32f4xx_hal_cortex.o
HAL_MspDeInit                                     build/stm32f4xx_hal.o
HAL_MspInit                                       build/stm32f4xx_hal_msp.o
HAL_NVIC_ClearPendingIRQ                          build/stm32f4xx_hal_cortex.o
HAL_NVIC_DisableIRQ                               build/stm32f4xx_hal_cortex.o
HAL_NVIC_EnableIRQ                                build/stm32f4xx_hal_cortex.o
HAL_NVIC_GetActive                                build/stm32f4xx_hal_cortex.o
HAL_NVIC_GetPendingIRQ                            build/stm32f4xx_hal_cortex.o
HAL_NVIC_GetPriority                              build/stm32f4xx_hal_cortex.o
HAL_NVIC_GetPriorityGrouping                      build/stm32f4xx_hal_cortex.o
HAL_NVIC_SetPendingIRQ                            build/stm32f4xx_hal_cortex.o
HAL_NVIC_SetPriority                              build/stm32f4xx_hal_cortex.o
                                                  build/stm32f4xx_hal.o
HAL_NVIC_SetPriorityGrouping                      build/stm32f4xx_hal_cortex.o
                                                  build/stm32f4xx_hal.o
HAL_NVIC_SystemReset                              build/stm32f4xx_hal_cortex.o
HAL_PWREx_ControlVoltageScaling                   build/stm32f4xx_hal_pwr_ex.o
HAL_PWREx_DisableBkUpReg                          build/stm32f4xx_hal_pwr_ex.o
HAL_PWREx_DisableFlashPowerDown                   build/stm32f4xx_hal_pwr_ex.o
HAL_PWREx_DisableLowRegulatorLowVoltage           build/stm32f4xx_hal_pwr_ex.o
HAL_PWREx_DisableMainRegulatorLowVoltage          build/stm32f4xx_hal_pwr_ex.o
HAL_PWREx_EnableBkUpReg                           build/stm32f4xx_hal_pwr_ex.o
HAL_PWREx_EnableFlashPowerDown                    build/stm32f4xx_hal_pwr_ex.o
HAL_PWREx_EnableLowRegulatorLowVoltage            build/stm32f4xx_hal_pwr_ex.o
HAL_PWREx_EnableMainRegulatorLowVoltage           build/stm32f4xx_hal_pwr_ex.o
HAL_PWREx_GetVoltageRange                         build/stm32f4xx_hal_pwr_ex.o
HAL_PWR_ConfigPVD                                 build/stm32f4xx_hal_pwr.o
HAL_PWR_DeInit                                    build/stm32f4xx_hal_pwr.o
HAL_PWR_DisableBkUpAccess                         build/stm32f4xx_hal_pwr.o
HAL_PWR_DisablePVD                                build/stm32f4xx_hal_pwr.o
HAL_PWR_DisableSEVOnPend                          build/stm32f4xx_hal_pwr.o
HAL_PWR_DisableSleepOnExit                        build/stm32f4xx_hal_pwr.o
HAL_PWR_DisableWakeUpPin                          build/stm32f4xx_hal_pwr.o
HAL_PWR_EnableBkUpAccess                          build/stm32f4xx_hal_pwr.o
HAL_PWR_EnablePVD                                 build/stm32f4xx_hal_pwr.o
HAL_PWR_EnableSEVOnPend                           build/stm32f4xx_hal_pwr.o
HAL_PWR_EnableSleepOnExit                         build/stm32f4xx_hal_pwr.o
HAL_PWR_EnableWakeUpPin                           build/stm32f4xx_hal_pwr.o
HAL_PWR_EnterSLEEPMode                            build/stm32f4xx_hal_pwr.o
HAL_PWR_EnterSTANDBYMode                          build/stm32f4xx_hal_pwr.o
HAL_PWR_EnterSTOPMode                             build/stm32f4xx_hal_pwr.o
HAL_PWR_PVDCallback                               build/stm32f4xx_hal_pwr.o
HAL_PWR_PVD_IRQHandler                            build/stm32f4xx_hal_pwr.o
HAL_RCCEx_DisablePLLI2S                           build/stm32f4xx_hal_rcc_ex.o
HAL_RCCEx_EnablePLLI2S                            build/stm32f4xx_hal_rcc_ex.o
HAL_RCCEx_GetPeriphCLKConfig                      build/stm32f4xx_hal_rcc_ex.o
HAL_RCCEx_GetPeriphCLKFreq                        build/stm32f4xx_hal_rcc_ex.o
HAL_RCCEx_PeriphCLKConfig                         build/stm32f4xx_hal_rcc_ex.o
HAL_RCC_CSSCallback                               build/stm32f4xx_hal_rcc.o
HAL_RCC_ClockConfig                               build/stm32f4xx_hal_rcc.o
                                                  build/main.o
HAL_RCC_DeInit                                    build/stm32f4xx_hal_rcc_ex.o
                                                  build/stm32f4xx_hal_rcc.o
HAL_RCC_DisableCSS                                build/stm32f4xx_hal_rcc.o
HAL_RCC_EnableCSS                                 build/stm32f4xx_hal_rcc.o
HAL_RCC_GetClockConfig                            build/stm32f4xx_hal_rcc.o
HAL_RCC_GetHCLKFreq                               build/stm32f4xx_hal_rcc.o
HAL_RCC_GetOscConfig                              build/stm32f4xx_hal_rcc.o
HAL_RCC_GetPCLK1Freq                              build/stm32f4xx_hal_rcc.o
HAL_RCC_GetPCLK2Freq                              build/stm32f4xx_hal_rcc.o
HAL_RCC_GetSysClockFreq                           build/stm32f4xx_hal_rcc.o
HAL_RCC_MCOConfig                                 build/stm32f4xx_hal_rcc.o
HAL_RCC_NMI_IRQHandler                            build/stm32f4xx_hal_rcc.o
HAL_RCC_OscConfig                                 build/stm32f4xx_hal_rcc.o
                                                  build/main.o
HAL_ResumeTick                                    build/stm32f4xx_hal.o
HAL_SYSTICK_CLKSourceConfig                       build/stm32f4xx_hal_cortex.o
HAL_SYSTICK_Callback                              build/stm32f4xx_hal_cortex.o
HAL_SYSTICK_Config                                build/stm32f4xx_hal_cortex.o
                                                  build/stm32f4xx_hal.o
HAL_SYSTICK_IRQHandler                            build/stm32f4xx_hal_cortex.o
HAL_SetTickFreq                                   build/stm32f4xx_hal.o
HAL_SuspendTick                                   build/stm32f4xx_hal.o
HardFault_Handler                                 build/stm32f4xx_it.o
I2C1_ER_IRQHandler                                build/startup_stm32f401xc.o
I2C1_EV_IRQHandler                                build/startup_stm32f401xc.o
I2C2_ER_IRQHandler                                build/startup_stm32f401xc.o
I2C2_EV_IRQHandler                                build/startup_stm32f401xc.o
I2C3_ER_IRQHandler                                build/startup_stm32f401xc.o
I2C3_EV_IRQHandler                                build/startup_stm32f401xc.o
MemManage_Handler                                 build/stm32f4xx_it.o
NMI_Handler                                       build/stm32f4xx_it.o
OTG_FS_IRQHandler                                 build/startup_stm32f401xc.o
OTG_FS_WKUP_IRQHandler                            build/startup_stm32f401xc.o
PVD_IRQHandler                                    build/startup_stm32f401xc.o
PendSV_Handler                                    build/stm32f4xx_it.o
RCC_IRQHandler                                    build/startup_stm32f401xc.o
RTC_Alarm_IRQHandler                              build/startup_stm32f401xc.o
RTC_WKUP_IRQHandler                               build/startup_stm32f401xc.o
Reset_Handler                                     build/startup_stm32f401xc.o
SDIO_IRQHandler                                   build/startup_stm32f401xc.o
SPI1_IRQHandler                                   build/startup_stm32f401xc.o
SPI2_IRQHandler                                   build/startup_stm32f401xc.o
SPI3_IRQHandler                                   build/startup_stm32f401xc.o
SPI4_IRQHandler                                   build/startup_stm32f401xc.o
SVC_Handler                                       build/stm32f4xx_it.o
SysTick_Handler                                   build/stm32f4xx_it.o
SystemClock_Config                                build/main.o
SystemCoreClock                                   build/system_stm32f4xx.o
                                                  build/stm32f4xx_hal.o
                                                  build/stm32f4xx_hal_dma.o
                                                  build/stm32f4xx_hal_rcc_ex.o
                                                  build/stm32f4xx_hal_rcc.o
SystemCoreClockUpdate                             build/system_stm32f4xx.o
SystemInit                                        build/system_stm32f4xx.o
                                                  build/startup_stm32f401xc.o
TAMP_STAMP_IRQHandler                             build/startup_stm32f401xc.o
TIM1_BRK_TIM9_IRQHandler                          build/startup_stm32f401xc.o
TIM1_CC_IRQHandler                                build/startup_stm32f401xc.o
TIM1_TRG_COM_TIM11_IRQHandler                     build/startup_stm32f401xc.o
TIM1_UP_TIM10_IRQHandler                          build/startup_stm32f401xc.o
TIM2_IRQHandler                                   build/startup_stm32f401xc.o
TIM3_IRQHandler                                   build/startup_stm32f401xc.o
TIM4_IRQHandler                                   build/startup_stm32f401xc.o
TIM5_IRQHandler                                   build/startup_stm32f401xc.o
USART1_IRQHandler                                 build/startup_stm32f401xc.o
USART2_IRQHandler                                 build/startup_stm32f401xc.o
USART6_IRQHandler                                 build/startup_stm32f401xc.o
UsageFault_Handler                                build/stm32f4xx_it.o
WWDG_IRQHandler                                   build/startup_stm32f401xc.o
_Jv_RegisterClasses                               c:/program files (x86)/gnu tools arm embedded/5.4 2016q3/bin/../lib/gcc/arm-none-eabi/5.4.1/armv7e-m/fpu/crtbegin.o
__aeabi_idiv0                                     c:/program files (x86)/gnu tools arm embedded/5.4 2016q3/bin/../lib/gcc/arm-none-eabi/5.4.1/armv7e-m/fpu\libgcc.a(_dvmd_tls.o)
__aeabi_ldiv0                                     c:/program files (x86)/gnu tools arm embedded/5.4 2016q3/bin/../lib/gcc/arm-none-eabi/5.4.1/armv7e-m/fpu\libgcc.a(_dvmd_tls.o)
                                                  c:/program files (x86)/gnu tools arm embedded/5.4 2016q3/bin/../lib/gcc/arm-none-eabi/5.4.1/armv7e-m/fpu\libgcc.a(_aeabi_uldivmod.o)
__aeabi_uldivmod                                  c:/program files (x86)/gnu tools arm embedded/5.4 2016q3/bin/../lib/gcc/arm-none-eabi/5.4.1/armv7e-m/fpu\libgcc.a(_aeabi_uldivmod.o)
                                                  build/stm32f4xx_hal_rcc.o
__bss_end__                                       c:/program files (x86)/gnu tools arm embedded/5.4 2016q3/bin/../lib/gcc/arm-none-eabi/5.4.1/../../../../arm-none-eabi/lib/armv7e-m/fpu/crt0.o
__bss_start__                                     c:/program files (x86)/gnu tools arm embedded/5.4 2016q3/bin/../lib/gcc/arm-none-eabi/5.4.1/../../../../arm-none-eabi/lib/armv7e-m/fpu/crt0.o
__call_exitprocs                                  c:/program files (x86)/gnu tools arm embedded/5.4 2016q3/bin/../lib/gcc/arm-none-eabi/5.4.1/../../../../arm-none-eabi/lib/armv7e-m/fpu\libc_nano.a(lib_a-exit.o)
__deregister_frame_info                           c:/program files (x86)/gnu tools arm embedded/5.4 2016q3/bin/../lib/gcc/arm-none-eabi/5.4.1/armv7e-m/fpu/crtbegin.o
__dso_handle                                      c:/program files (x86)/gnu tools arm embedded/5.4 2016q3/bin/../lib/gcc/arm-none-eabi/5.4.1/armv7e-m/fpu/crtbegin.o
__init_array_end                                  c:/program files (x86)/gnu tools arm embedded/5.4 2016q3/bin/../lib/gcc/arm-none-eabi/5.4.1/../../../../arm-none-eabi/lib/armv7e-m/fpu\libc_nano.a(lib_a-init.o)
__init_array_start                                c:/program files (x86)/gnu tools arm embedded/5.4 2016q3/bin/../lib/gcc/arm-none-eabi/5.4.1/../../../../arm-none-eabi/lib/armv7e-m/fpu\libc_nano.a(lib_a-init.o)
__libc_fini_array                                 c:/program files (x86)/gnu tools arm embedded/5.4 2016q3/bin/../lib/gcc/arm-none-eabi/5.4.1/../../../../arm-none-eabi/lib/armv7e-m/fpu/crt0.o
__libc_init_array                                 c:/program files (x86)/gnu tools arm embedded/5.4 2016q3/bin/../lib/gcc/arm-none-eabi/5.4.1/../../../../arm-none-eabi/lib/armv7e-m/fpu\libc_nano.a(lib_a-init.o)
                                                  build/startup_stm32f401xc.o
                                                  c:/program files (x86)/gnu tools arm embedded/5.4 2016q3/bin/../lib/gcc/arm-none-eabi/5.4.1/../../../../arm-none-eabi/lib/armv7e-m/fpu/crt0.o
__preinit_array_end                               c:/program files (x86)/gnu tools arm embedded/5.4 2016q3/bin/../lib/gcc/arm-none-eabi/5.4.1/../../../../arm-none-eabi/lib/armv7e-m/fpu\libc_nano.a(lib_a-init.o)
__preinit_array_start                             c:/program files (x86)/gnu tools arm embedded/5.4 2016q3/bin/../lib/gcc/arm-none-eabi/5.4.1/../../../../arm-none-eabi/lib/armv7e-m/fpu\libc_nano.a(lib_a-init.o)
__register_frame_info                             c:/program files (x86)/gnu tools arm embedded/5.4 2016q3/bin/../lib/gcc/arm-none-eabi/5.4.1/armv7e-m/fpu/crtbegin.o
__sf_fake_stderr                                  c:/program files (x86)/gnu tools arm embedded/5.4 2016q3/bin/../lib/gcc/arm-none-eabi/5.4.1/../../../../arm-none-eabi/lib/armv7e-m/fpu\libc_nano.a(lib_a-impure.o)
__sf_fake_stdin                                   c:/program files (x86)/gnu tools arm embedded/5.4 2016q3/bin/../lib/gcc/arm-none-eabi/5.4.1/../../../../arm-none-eabi/lib/armv7e-m/fpu\libc_nano.a(lib_a-impure.o)
__sf_fake_stdout                                  c:/program files (x86)/gnu tools arm embedded/5.4 2016q3/bin/../lib/gcc/arm-none-eabi/5.4.1/../../../../arm-none-eabi/lib/armv7e-m/fpu\libc_nano.a(lib_a-impure.o)
__stack                                           c:/program files (x86)/gnu tools arm embedded/5.4 2016q3/bin/../lib/gcc/arm-none-eabi/5.4.1/../../../../arm-none-eabi/lib/armv7e-m/fpu/crt0.o
__udivmoddi4                                      c:/program files (x86)/gnu tools arm embedded/5.4 2016q3/bin/../lib/gcc/arm-none-eabi/5.4.1/armv7e-m/fpu\libgcc.a(_udivmoddi4.o)
                                                  c:/program files (x86)/gnu tools arm embedded/5.4 2016q3/bin/../lib/gcc/arm-none-eabi/5.4.1/armv7e-m/fpu\libgcc.a(_aeabi_uldivmod.o)
_ebss                                             build/startup_stm32f401xc.o
_edata                                            build/startup_stm32f401xc.o
_estack                                           build/startup_stm32f401xc.o
_exit                                             c:/program files (x86)/gnu tools arm embedded/5.4 2016q3/bin/../lib/gcc/arm-none-eabi/5.4.1/../../../../arm-none-eabi/lib/armv7e-m/fpu\libnosys.a(_exit.o)
                                                  c:/program files (x86)/gnu tools arm embedded/5.4 2016q3/bin/../lib/gcc/arm-none-eabi/5.4.1/../../../../arm-none-eabi/lib/armv7e-m/fpu\libc_nano.a(lib_a-exit.o)
_fini                                             c:/program files (x86)/gnu tools arm embedded/5.4 2016q3/bin/../lib/gcc/arm-none-eabi/5.4.1/armv7e-m/fpu/crti.o
_global_impure_ptr                                c:/program files (x86)/gnu tools arm embedded/5.4 2016q3/bin/../lib/gcc/arm-none-eabi/5.4.1/../../../../arm-none-eabi/lib/armv7e-m/fpu\libc_nano.a(lib_a-impure.o)
                                                  c:/program files (x86)/gnu tools arm embedded/5.4 2016q3/bin/../lib/gcc/arm-none-eabi/5.4.1/../../../../arm-none-eabi/lib/armv7e-m/fpu\libc_nano.a(lib_a-exit.o)
_impure_ptr                                       c:/program files (x86)/gnu tools arm embedded/5.4 2016q3/bin/../lib/gcc/arm-none-eabi/5.4.1/../../../../arm-none-eabi/lib/armv7e-m/fpu\libc_nano.a(lib_a-impure.o)
_init                                             c:/program files (x86)/gnu tools arm embedded/5.4 2016q3/bin/../lib/gcc/arm-none-eabi/5.4.1/armv7e-m/fpu/crti.o
                                                  c:/program files (x86)/gnu tools arm embedded/5.4 2016q3/bin/../lib/gcc/arm-none-eabi/5.4.1/../../../../arm-none-eabi/lib/armv7e-m/fpu\libc_nano.a(lib_a-init.o)
_mainCRTStartup                                   c:/program files (x86)/gnu tools arm embedded/5.4 2016q3/bin/../lib/gcc/arm-none-eabi/5.4.1/../../../../arm-none-eabi/lib/armv7e-m/fpu/crt0.o
_sbss                                             build/startup_stm32f401xc.o
_sdata                                            build/startup_stm32f401xc.o
_sidata                                           build/startup_stm32f401xc.o
_start                                            c:/program files (x86)/gnu tools arm embedded/5.4 2016q3/bin/../lib/gcc/arm-none-eabi/5.4.1/../../../../arm-none-eabi/lib/armv7e-m/fpu/crt0.o
atexit                                            c:/program files (x86)/gnu tools arm embedded/5.4 2016q3/bin/../lib/gcc/arm-none-eabi/5.4.1/../../../../arm-none-eabi/lib/armv7e-m/fpu/crt0.o
exit                                              c:/program files (x86)/gnu tools arm embedded/5.4 2016q3/bin/../lib/gcc/arm-none-eabi/5.4.1/../../../../arm-none-eabi/lib/armv7e-m/fpu\libc_nano.a(lib_a-exit.o)
                                                  c:/program files (x86)/gnu tools arm embedded/5.4 2016q3/bin/../lib/gcc/arm-none-eabi/5.4.1/../../../../arm-none-eabi/lib/armv7e-m/fpu/crt0.o
g_pfnVectors                                      build/startup_stm32f401xc.o
hardware_init_hook                                c:/program files (x86)/gnu tools arm embedded/5.4 2016q3/bin/../lib/gcc/arm-none-eabi/5.4.1/../../../../arm-none-eabi/lib/armv7e-m/fpu/crt0.o
main                                              build/main.o
                                                  build/startup_stm32f401xc.o
                                                  c:/program files (x86)/gnu tools arm embedded/5.4 2016q3/bin/../lib/gcc/arm-none-eabi/5.4.1/../../../../arm-none-eabi/lib/armv7e-m/fpu/crt0.o
memset                                            c:/program files (x86)/gnu tools arm embedded/5.4 2016q3/bin/../lib/gcc/arm-none-eabi/5.4.1/../../../../arm-none-eabi/lib/armv7e-m/fpu\libc_nano.a(lib_a-memset.o)
                                                  build/main.o
                                                  c:/program files (x86)/gnu tools arm embedded/5.4 2016q3/bin/../lib/gcc/arm-none-eabi/5.4.1/../../../../arm-none-eabi/lib/armv7e-m/fpu/crt0.o
pFlash                                            build/stm32f4xx_hal_flash.o
                                                  build/stm32f4xx_hal_flash_ex.o
software_init_hook                                c:/program files (x86)/gnu tools arm embedded/5.4 2016q3/bin/../lib/gcc/arm-none-eabi/5.4.1/../../../../arm-none-eabi/lib/armv7e-m/fpu/crt0.o
uwTick                                            build/stm32f4xx_hal.o
uwTickFreq                                        build/stm32f4xx_hal.o
uwTickPrio                                        build/stm32f4xx_hal.o
                                                  build/stm32f4xx_hal_rcc_ex.o
                                                  build/stm32f4xx_hal_rcc.o
